Component: ARM Compiler 5.06 update 4 (build 422) Tool: armlink [4d35d2]

==============================================================================

Section Cross References

    main.o(i.LCD_DisplayInt) refers to printf6.o(i.__0sprintf$6) for __2sprintf
    main.o(i.LCD_DisplayInt) refers to main.o(i.LCD_DisplayString) for LCD_DisplayString
    main.o(i.LCD_DisplayString) refers to stm32f429i_discovery_lcd.o(i.LCD_GetFont) for LCD_GetFont
    main.o(i.LCD_DisplayString) refers to stm32f429i_discovery_lcd.o(i.LCD_DisplayChar) for LCD_DisplayChar
    main.o(i.PB_Config) refers to stm32f429i_discovery.o(i.STM_EVAL_PBInit) for STM_EVAL_PBInit
    main.o(i.RTC_AlarmAConfig) refers to stm32f4xx_exti.o(i.EXTI_Init) for EXTI_Init
    main.o(i.RTC_AlarmAConfig) refers to misc.o(i.NVIC_Init) for NVIC_Init
    main.o(i.RTC_AlarmAConfig) refers to stm32f4xx_rtc.o(i.RTC_SetAlarm) for RTC_SetAlarm
    main.o(i.RTC_AlarmAConfig) refers to stm32f4xx_rtc.o(i.RTC_ITConfig) for RTC_ITConfig
    main.o(i.RTC_AlarmAConfig) refers to stm32f4xx_rtc.o(i.RTC_AlarmCmd) for RTC_AlarmCmd
    main.o(i.RTC_AlarmAConfig) refers to stm32f4xx_rtc.o(i.RTC_ClearFlag) for RTC_ClearFlag
    main.o(i.RTC_Config) refers to stm32f4xx_rcc.o(i.RCC_APB1PeriphClockCmd) for RCC_APB1PeriphClockCmd
    main.o(i.RTC_Config) refers to stm32f4xx_pwr.o(i.PWR_BackupAccessCmd) for PWR_BackupAccessCmd
    main.o(i.RTC_Config) refers to stm32f4xx_rcc.o(i.RCC_LSICmd) for RCC_LSICmd
    main.o(i.RTC_Config) refers to stm32f4xx_rcc.o(i.RCC_RTCCLKConfig) for RCC_RTCCLKConfig
    main.o(i.RTC_Config) refers to stm32f4xx_rcc.o(i.RCC_RTCCLKCmd) for RCC_RTCCLKCmd
    main.o(i.RTC_Config) refers to stm32f4xx_rtc.o(i.RTC_Init) for RTC_Init
    main.o(i.RTC_Config) refers to stm32f4xx_rtc.o(i.RTC_SetTime) for RTC_SetTime
    main.o(i.RTC_Config) refers to stm32f4xx_rtc.o(i.RTC_SetDate) for RTC_SetDate
    main.o(i.external_button1_config) refers to stm32f4xx_rcc.o(i.RCC_AHB1PeriphClockCmd) for RCC_AHB1PeriphClockCmd
    main.o(i.external_button1_config) refers to stm32f4xx_rcc.o(i.RCC_APB2PeriphClockCmd) for RCC_APB2PeriphClockCmd
    main.o(i.external_button1_config) refers to stm32f4xx_gpio.o(i.GPIO_Init) for GPIO_Init
    main.o(i.external_button1_config) refers to stm32f4xx_syscfg.o(i.SYSCFG_EXTILineConfig) for SYSCFG_EXTILineConfig
    main.o(i.external_button1_config) refers to stm32f4xx_exti.o(i.EXTI_Init) for EXTI_Init
    main.o(i.external_button1_config) refers to misc.o(i.NVIC_Init) for NVIC_Init
    main.o(i.external_button2_config) refers to stm32f4xx_rcc.o(i.RCC_AHB1PeriphClockCmd) for RCC_AHB1PeriphClockCmd
    main.o(i.external_button2_config) refers to stm32f4xx_rcc.o(i.RCC_APB2PeriphClockCmd) for RCC_APB2PeriphClockCmd
    main.o(i.external_button2_config) refers to stm32f4xx_gpio.o(i.GPIO_Init) for GPIO_Init
    main.o(i.external_button2_config) refers to stm32f4xx_syscfg.o(i.SYSCFG_EXTILineConfig) for SYSCFG_EXTILineConfig
    main.o(i.external_button2_config) refers to stm32f4xx_exti.o(i.EXTI_Init) for EXTI_Init
    main.o(i.external_button2_config) refers to misc.o(i.NVIC_Init) for NVIC_Init
    main.o(i.initValueTimeStamp) refers to stm32f429i_discovery_i2c_ee.o(i.sEE_WriteBuffer) for sEE_WriteBuffer
    main.o(i.initValueTimeStamp) refers to main.o(.data) for memLocation
    main.o(i.main) refers to main.o(i.PB_Config) for PB_Config
    main.o(i.main) refers to stm32f429i_discovery_lcd.o(i.LCD_Init) for LCD_Init
    main.o(i.main) refers to stm32f429i_discovery_lcd.o(i.LCD_LayerInit) for LCD_LayerInit
    main.o(i.main) refers to stm32f4xx_ltdc.o(i.LTDC_Cmd) for LTDC_Cmd
    main.o(i.main) refers to stm32f429i_discovery_lcd.o(i.LCD_SetLayer) for LCD_SetLayer
    main.o(i.main) refers to stm32f429i_discovery.o(i.STM_EVAL_LEDInit) for STM_EVAL_LEDInit
    main.o(i.main) refers to main.o(i.RTC_Config) for RTC_Config
    main.o(i.main) refers to main.o(i.RTC_AlarmAConfig) for RTC_AlarmAConfig
    main.o(i.main) refers to stm32f429i_discovery_lcd.o(i.LCD_Clear) for LCD_Clear
    main.o(i.main) refers to main.o(i.external_button1_config) for external_button1_config
    main.o(i.main) refers to main.o(i.external_button2_config) for external_button2_config
    main.o(i.main) refers to stm32f429i_discovery_i2c_ee.o(i.sEE_Init) for sEE_Init
    main.o(i.main) refers to main.o(i.initValueTimeStamp) for initValueTimeStamp
    main.o(i.main) refers to main.o(i.saveTimeStamp) for saveTimeStamp
    main.o(i.main) refers to main.o(i.showDate) for showDate
    main.o(i.main) refers to stm32f429i_discovery.o(i.STM_EVAL_PBGetState) for STM_EVAL_PBGetState
    main.o(i.main) refers to stm32f429i_discovery_lcd.o(i.LCD_GetFont) for LCD_GetFont
    main.o(i.main) refers to stm32f429i_discovery_lcd.o(i.LCD_ClearLine) for LCD_ClearLine
    main.o(i.main) refers to main.o(i.viewTimeStamp) for viewTimeStamp
    main.o(i.main) refers to stm32f4xx_rcc.o(i.RCC_RTCCLKCmd) for RCC_RTCCLKCmd
    main.o(i.main) refers to main.o(i.showTime) for showTime
[...]
    Removing stm32f4xx_pwr.o(i.PWR_WakeUpPinCmd), (12 bytes).
    Removing stm32f429i_discovery.o(.rev16_text), (4 bytes).
    Removing stm32f429i_discovery.o(.revsh_text), (4 bytes).
    Removing stm32f429i_discovery.o(i.STM_EVAL_LEDOff), (24 bytes).
    Removing stm32f429i_discovery.o(i.STM_EVAL_LEDOn), (24 bytes).
    Removing stm32f429i_discovery.o(i.STM_EVAL_LEDToggle), (36 bytes).
    Removing stm32f429i_discovery.o(i.sEE_LowLevel_DeInit), (156 bytes).
    Removing stm32f429i_discovery_lcd.o(.rev16_text), (4 bytes).
    Removing stm32f429i_discovery_lcd.o(.revsh_text), (4 bytes).
    Removing stm32f429i_discovery_lcd.o(i.LCD_ClosedPolyLine), (48 bytes).
    Removing stm32f429i_discovery_lcd.o(i.LCD_ClosedPolyLineRelative), (18 bytes).
    Removing stm32f429i_discovery_lcd.o(i.LCD_DeInit), (544 bytes).
    Removing stm32f429i_discovery_lcd.o(i.LCD_DisplayOff), (10 bytes).
    Removing stm32f429i_discovery_lcd.o(i.LCD_DisplayOn), (10 bytes).
    Removing stm32f429i_discovery_lcd.o(i.LCD_DisplayStringLine), (84 bytes).
    Removing stm32f429i_discovery_lcd.o(i.LCD_DrawCircle), (204 bytes).
    Removing stm32f429i_discovery_lcd.o(i.LCD_DrawEllipse), (716 bytes).
    Removing stm32f429i_discovery_lcd.o(i.LCD_DrawFullCircle), (146 bytes).
    Removing stm32f429i_discovery_lcd.o(i.LCD_DrawFullEllipse), (512 bytes).
    Removing stm32f429i_discovery_lcd.o(i.LCD_DrawFullRect), (160 bytes).
    Removing stm32f429i_discovery_lcd.o(i.LCD_DrawLine), (168 bytes).
    Removing stm32f429i_discovery_lcd.o(i.LCD_DrawMonoPict), (80 bytes).
    Removing stm32f429i_discovery_lcd.o(i.LCD_DrawRect), (68 bytes).
    Removing stm32f429i_discovery_lcd.o(i.LCD_DrawUniLine), (286 bytes).
    Removing stm32f429i_discovery_lcd.o(i.LCD_FillPolyLine), (432 bytes).
    Removing stm32f429i_discovery_lcd.o(i.LCD_FillTriangle), (296 bytes).
    Removing stm32f429i_discovery_lcd.o(i.LCD_GetColors), (24 bytes).
    Removing stm32f429i_discovery_lcd.o(i.LCD_PolyLine), (68 bytes).
    Removing stm32f429i_discovery_lcd.o(i.LCD_PolyLineRelative), (18 bytes).
    Removing stm32f429i_discovery_lcd.o(i.LCD_PolyLineRelativeClosed), (118 bytes).
    Removing stm32f429i_discovery_lcd.o(i.LCD_ReSetColorKeying), (56 bytes).
    Removing stm32f429i_discovery_lcd.o(i.LCD_SetBackColor), (12 bytes).
    Removing stm32f429i_discovery_lcd.o(i.LCD_SetColorKeying), (76 bytes).
    Removing stm32f429i_discovery_lcd.o(i.LCD_SetColors), (20 bytes).
    Removing stm32f429i_discovery_lcd.o(i.LCD_SetCursor), (28 bytes).
    Removing stm32f429i_discovery_lcd.o(i.LCD_SetDisplayWindow), (100 bytes).
    Removing stm32f429i_discovery_lcd.o(i.LCD_SetTransparency), (48 bytes).
    Removing stm32f429i_discovery_lcd.o(i.LCD_Triangle), (108 bytes).
    Removing stm32f429i_discovery_lcd.o(i.LCD_WindowModeDisable), (18 bytes).
    Removing stm32f429i_discovery_lcd.o(i.LCD_WriteBMP), (332 bytes).
    Removing stm32f429i_discovery_lcd.o(i.PutPixel), (42 bytes).
    Removing stm32f429i_discovery_sdram.o(.rev16_text), (4 bytes).
    Removing stm32f429i_discovery_sdram.o(.revsh_text), (4 bytes).
    Removing stm32f429i_discovery_sdram.o(i.SDRAM_ReadBuffer), (50 bytes).
    Removing stm32f429i_discovery_sdram.o(i.SDRAM_WriteBuffer), (58 bytes).
    Removing stm32f429i_discovery_i2c_ee.o(.rev16_text), (4 bytes).
    Removing stm32f429i_discovery_i2c_ee.o(.revsh_text), (4 bytes).
    Removing stm32f429i_discovery_i2c_ee.o(i.sEE_DeInit), (8 bytes).
    Removing dadd.o(.text), (334 bytes).
    Removing dmul.o(.text), (228 bytes).
    Removing ddiv.o(.text), (222 bytes).
    Removing dfixul.o(.text), (48 bytes).
    Removing cdrcmple.o(.text), (48 bytes).
    Removing depilogue.o(.text), (186 bytes).

461 unused section(s) (total 21628 bytes) removed from the image.

==============================================================================

Image Symbol Table

    Local Symbols

    Symbol Name                              Value     Ov Type        Size  Object(Section)

    ../clib/microlib/division.c              0x00000000   Number         0  uldiv.o ABSOLUTE
    ../clib/microlib/division.c              0x00000000   Number         0  uidiv.o ABSOLUTE
    ../clib/microlib/init/entry.s            0x00000000   Number         0  entry11b.o ABSOLUTE
    ../clib/microlib/init/entry.s            0x00000000   Number         0  entry9a.o ABSOLUTE
    ../clib/microlib/init/entry.s            0x00000000   Number         0  entry2.o ABSOLUTE
    ../clib/microlib/init/entry.s            0x00000000   Number         0  entry8b.o ABSOLUTE
    ../clib/microlib/init/entry.s            0x00000000   Number         0  entry8a.o ABSOLUTE
    ../clib/microlib/init/entry.s            0x00000000   Number         0  entry7b.o ABSOLUTE
    ../clib/microlib/init/entry.s            0x00000000   Number         0  entry7a.o ABSOLUTE
    ../clib/microlib/init/entry.s            0x00000000   Number         0  entry5.o ABSOLUTE
    ../clib/microlib/init/entry.s            0x00000000   Number         0  entry9b.o ABSOLUTE
    ../clib/microlib/init/entry.s            0x00000000   Number         0  entry11a.o ABSOLUTE
    ../clib/microlib/init/entry.s            0x00000000   Number         0  entry10b.o ABSOLUTE
    ../clib/microlib/init/entry.s            0x00000000   Number         0  entry.o ABSOLUTE
    ../clib/microlib/init/entry.s            0x00000000   Number         0  entry10a.o ABSOLUTE
    ../clib/microlib/longlong.c              0x00000000   Number         0  llsshr.o ABSOLUTE
    ../clib/microlib/longlong.c              0x00000000   Number         0  llushr.o ABSOLUTE
    ../clib/microlib/longlong.c              0x00000000   Number         0  llshl.o ABSOLUTE
    ../clib/microlib/printf/printf.c         0x00000000   Number         0  printf3.o ABSOLUTE
    ../clib/microlib/printf/printf.c         0x00000000   Number         0  printfa.o ABSOLUTE
    ../clib/microlib/printf/printf.c         0x00000000   Number         0  printf8.o ABSOLUTE
    ../clib/microlib/printf/printf.c         0x00000000   Number         0  printf7.o ABSOLUTE
    ../clib/microlib/printf/printf.c         0x00000000   Number         0  printf6.o ABSOLUTE
    ../clib/microlib/printf/printf.c         0x00000000   Number         0  printf5.o ABSOLUTE
    ../clib/microlib/printf/printf.c         0x00000000   Number         0  printf4.o ABSOLUTE
    ../clib/microlib/printf/printf.c         0x00000000   Number         0  printf2.o ABSOLUTE
    ../clib/microlib/printf/printf.c         0x00000000   Number         0  printf1.o ABSOLUTE
    ../clib/microlib/printf/printf.c         0x00000000   Number         0  printf0.o ABSOLUTE
    ../clib/microlib/printf/printf.c         0x00000000   Number         0  printfb.o ABSOLUTE
    ../clib/microlib/printf/stubs.s          0x00000000   Number         0  stubs.o ABSOLUTE
    ../clib/microlib/stdio/fputc.c           0x00000000   Number         0  fputc.o ABSOLUTE
    ../clib/microlib/stdio/semi.s            0x00000000   Number         0  semi.o ABSOLUTE
    ../clib/microlib/stdio/streams.c         0x00000000   Number         0  stdout.o ABSOLUTE
    ../clib/microlib/stubs.s                 0x00000000   Number         0  iusefp.o ABSOLUTE
    ../clib/microlib/stubs.s                 0x00000000   Number         0  iusesemip.o ABSOLUTE
    ../fplib/microlib/fpadd.c                0x00000000   Number         0  dadd.o ABSOLUTE
    ../fplib/microlib/fpdiv.c                0x00000000   Number         0  ddiv.o ABSOLUTE
    ../fplib/microlib/fpepilogue.c           0x00000000   Number         0  depilogue.o ABSOLUTE
    ../fplib/microlib/fpfix.c                0x00000000   Number         0  dfixul.o ABSOLUTE
    ../fplib/microlib/fpmul.c                0x00000000   Number         0  dmul.o ABSOLUTE
    ..\STM32F429I-Discovery_FW_V1.0.1\Libraries\STM32F4xx_StdPeriph_Driver\src\misc.c 0x00000000   Number         0  misc.o ABSOLUTE
    ..\STM32F429I-Discovery_FW_V1.0.1\Libraries\STM32F4xx_StdPeriph_Driver\src\stm32f4xx_adc.c 0x00000000   Number         0  stm32f4xx_adc.o ABSOLUTE
    ..\STM32F429I-Discovery_FW_V1.0.1\Libraries\STM32F4xx_StdPeriph_Driver\src\stm32f4xx_dma.c 0x00000000   Number         0  stm32f4xx_dma.o ABSOLUTE
    ..\STM32F429I-Discovery_FW_V1.0.1\Libraries\STM32F4xx_StdPeriph_Driver\src\stm32f4xx_dma2d.c 0x00000000   Number         0  stm32f4xx_dma2d.o ABSOLUTE
    ..\STM32F429I-Discovery_FW_V1.0.1\Libraries\STM32F4xx_StdPeriph_Driver\src\stm32f4xx_exti.c 0x00000000   Number         0  stm32f4xx_exti.o ABSOLUTE
    ..\STM32F429I-Discovery_FW_V1.0.1\Libraries\STM32F4xx_StdPeriph_Driver\src\stm32f4xx_fmc.c 0x00000000   Number         0  stm32f4xx_fmc.o ABSOLUTE
    ..\STM32F429I-Discovery_FW_V1.0.1\Libraries\STM32F4xx_StdPeriph_Driver\src\stm32f4xx_gpio.c 0x00000000   Number         0  stm32f4xx_gpio.o ABSOLUTE
    ..\STM32F429I-Discovery_FW_V1.0.1\Libraries\STM32F4xx_StdPeriph_Driver\src\stm32f4xx_i2c.c 0x00000000   Number         0  stm32f4xx_i2c.o ABSOLUTE
    ..\STM32F429I-Discovery_FW_V1.0.1\Libraries\STM32F4xx_StdPeriph_Driver\src\stm32f4xx_ltdc.c 0x00000000   Number         0  stm32f4xx_ltdc.o ABSOLUTE
    ..\STM32F429I-Discovery_FW_V1.0.1\Libraries\STM32F4xx_StdPeriph_Driver\src\stm32f4xx_pwr.c 0x00000000   Number         0  stm32f4xx_pwr.o ABSOLUTE
    ..\STM32F429I-Discovery_FW_V1.0.1\Libraries\STM32F4xx_StdPeriph_Driver\src\stm32f4xx_rcc.c 0x00000000   Number         0  stm32f4xx_rcc.o ABSOLUTE
    ..\STM32F429I-Discovery_FW_V1.0.1\Libraries\STM32F4xx_StdPeriph_Driver\src\stm32f4xx_rtc.c 0x00000000   Number         0  stm32f4xx_rtc.o ABSOLUTE
    ..\STM32F429I-Discovery_FW_V1.0.1\Libraries\STM32F4xx_StdPeriph_Driver\src\stm32f4xx_spi.c 0x00000000   Number         0  stm32f4xx_spi.o ABSOLUTE
    ..\STM32F429I-Discovery_FW_V1.0.1\Libraries\STM32F4xx_StdPeriph_Driver\src\stm32f4xx_syscfg.c 0x00000000   Number         0  stm32f4xx_syscfg.o ABSOLUTE
    ..\STM32F429I-Discovery_FW_V1.0.1\Libraries\STM32F4xx_StdPeriph_Driver\src\stm32f4xx_tim.c 0x00000000   Number         0  stm32f4xx_tim.o ABSOLUTE
    ..\STM32F429I-Discovery_FW_V1.0.1\Utilities\STM32F429I-Discovery\stm32f429i_discovery.c 0x00000000   Number         0  stm32f429i_discovery.o ABSOLUTE
    ..\STM32F429I-Discovery_FW_V1.0.1\Utilities\STM32F429I-Discovery\stm32f429i_discovery_i2c_ee.c 0x00000000   Number         0  stm32f429i_discovery_i2c_ee.o ABSOLUTE
    ..\STM32F429I-Discovery_FW_V1.0.1\Utilities\STM32F429I-Discovery\stm32f429i_discovery_lcd.c 0x00000000   Number         0  stm32f429i_discovery_lcd.o ABSOLUTE
    ..\STM32F429I-Discovery_FW_V1.0.1\Utilities\STM32F429I-Discovery\stm32f429i_discovery_sdram.c 0x00000000   Number         0  stm32f429i_discovery_sdram.o ABSOLUTE
    ..\\STM32F429I-Discovery_FW_V1.0.1\\Libraries\\STM32F4xx_StdPeriph_Driver\\src\\misc.c 0x00000000   Number         0  misc.o ABSOLUTE
    ..\\STM32F429I-Discovery_FW_V1.0.1\\Libraries\\STM32F4xx_StdPeriph_Driver\\src\\stm32f4xx_adc.c 0x00000000   Number         0  stm32f4xx_adc.o ABSOLUTE
    ..\\STM32F429I-Discovery_FW_V1.0.1\\Libraries\\STM32F4xx_StdPeriph_Driver\\src\\stm32f4xx_dma.c 0x00000000   Number         0  stm32f4xx_dma.o ABSOLUTE
    ..\\STM32F429I-Discovery_FW_V1.0.1\\Libraries\\STM32F4xx_StdPeriph_Driver\\src\\stm32f4xx_dma2d.c 0x00000000   Number         0  stm32f4xx_dma2d.o ABSOLUTE
    ..\\STM32F429I-Discovery_FW_V1.0.1\\Libraries\\STM32F4xx_StdPeriph_Driver\\src\\stm32f4xx_exti.c 0x00000000   Number         0  stm32f4xx_exti.o ABSOLUTE
    ..\\STM32F429I-Discovery_FW_V1.0.1\\Libraries\\STM32F4xx_StdPeriph_Driver\\src\\stm32f4xx_fmc.c 0x00000000   Number         0  stm32f4xx_fmc.o ABSOLUTE
    ..\\STM32F429I-Discovery_FW_V1.0.1\\Libraries\\STM32F4xx_StdPeriph_Driver\\src\\stm32f4xx_gpio.c 0x00000000   Number         0  stm32f4xx_gpio.o ABSOLUTE
    ..\\STM32F429I-Discovery_FW_V1.0.1\\Libraries\\STM32F4xx_StdPeriph_Driver\\src\\stm32f4xx_i2c.c 0x00000000   Number         0  stm32f4xx_i2c.o ABSOLUTE
    ..\\STM32F429I-Discovery_FW_V1.0.1\\Libraries\\STM32F4xx_StdPeriph_Driver\\src\\stm32f4xx_ltdc.c 0x00000000   Number         0  stm32f4xx_ltdc.o ABSOLUTE
    ..\\STM32F429I-Discovery_FW_V1.0.1\\Libraries\\STM32F4xx_StdPeriph_Driver\\src\\stm32f4xx_pwr.c 0x00000000   Number         0  stm32f4xx_pwr.o ABSOLUTE
    ..\\STM32F429I-Discovery_FW_V1.0.1\\Libraries\\STM32F4xx_StdPeriph_Driver\\src\\stm32f4xx_rcc.c 0x00000000   Number         0  stm32f4xx_rcc.o ABSOLUTE
    ..\\STM32F429I-Discovery_FW_V1.0.1\\Libraries\\STM32F4xx_StdPeriph_Driver\\src\\stm32f4xx_rtc.c 0x00000000   Number         0  stm32f4xx_rtc.o ABSOLUTE
    ..\\STM32F429I-Discovery_FW_V1.0.1\\Libraries\\STM32F4xx_StdPeriph_Driver\\src\\stm32f4xx_spi.c 0x00000000   Number         0  stm32f4xx_spi.o ABSOLUTE
    ..\\STM32F429I-Discovery_FW_V1.0.1\\Libraries\\STM32F4xx_StdPeriph_Driver\\src\\stm32f4xx_syscfg.c 0x00000000   Number         0  stm32f4xx_syscfg.o ABSOLUTE
    ..\\STM32F429I-Discovery_FW_V1.0.1\\Libraries\\STM32F4xx_StdPeriph_Driver\\src\\stm32f4xx_tim.c 0x00000000   Number         0  stm32f4xx_tim.o ABSOLUTE
    ..\\STM32F429I-Discovery_FW_V1.0.1\\Utilities\\STM32F429I-Discovery\\stm32f429i_discovery.c 0x00000000   Number         0  stm32f429i_discovery.o ABSOLUTE
    ..\\STM32F429I-Discovery_FW_V1.0.1\\Utilities\\STM32F429I-Discovery\\stm32f429i_discovery_i2c_ee.c 0x00000000   Number         0  stm32f429i_discovery_i2c_ee.o ABSOLUTE
    ..\\STM32F429I-Discovery_FW_V1.0.1\\Utilities\\STM32F429I-Discovery\\stm32f429i_discovery_lcd.c 0x00000000   Number         0  stm32f429i_discovery_lcd.o ABSOLUTE
    ..\\STM32F429I-Discovery_FW_V1.0.1\\Utilities\\STM32F429I-Discovery\\stm32f429i_discovery_sdram.c 0x00000000   Number         0  stm32f429i_discovery_sdram.o ABSOLUTE
    cdrcmple.s                               0x00000000   Number         0  cdrcmple.o ABSOLUTE
    dc.s                                     0x00000000   Number         0  dc.o ABSOLUTE
    handlers.s                               0x00000000   Number         0  handlers.o ABSOLUTE
    init.s                                   0x00000000   Number         0  init.o ABSOLUTE
    src\\main.c                              0x00000000   Number         0  main.o ABSOLUTE
    src\\stm32f4xx_it.c                      0x00000000   Number         0  stm32f4xx_it.o ABSOLUTE
    src\\system_stm32f4xx.c                  0x00000000   Number         0  system_stm32f4xx.o ABSOLUTE
    src\main.c                               0x00000000   Number         0  main.o ABSOLUTE
    src\stm32f4xx_it.c                       0x00000000   Number         0  stm32f4xx_it.o ABSOLUTE
    src\system_stm32f4xx.c                   0x00000000   Number         0  system_stm32f4xx.o ABSOLUTE
    startup_stm32f429_439xx.s                0x00000000   Number         0  startup_stm32f429_439xx.o ABSOLUTE
    RESET                                    0x08000000   Section      428  startup_stm32f429_439xx.o(RESET)
    .ARM.Collect$$$$00000000                 0x080001ac   Section        0  entry.o(.ARM.Collect$$$$00000000)
    .ARM.Collect$$$$00000001                 0x080001ac   Section        4  entry2.o(.ARM.Collect$$$$00000001)
    .ARM.Collect$$$$00000004                 0x080001b0   Section        4  entry5.o(.ARM.Collect$$$$00000004)
    .ARM.Collect$$$$00000008                 0x080001b4   Section        0  entry7b.o(.ARM.Collect$$$$00000008)
    .ARM.Collect$$$$0000000A                 0x080001b4   Section        0  entry8b.o(.ARM.Collect$$$$0000000A)
    .ARM.Collect$$$$0000000B                 0x080001b4   Section        8  entry9a.o(.ARM.Collect$$$$0000000B)
    .ARM.Collect$$$$0000000D                 0x080001bc   Section        0  entry10a.o(.ARM.Collect$$$$0000000D)
    .ARM.Collect$$$$0000000F                 0x080001bc   Section        0  entry11a.o(.ARM.Collect$$$$0000000F)
    .ARM.Collect$$$$00002712                 0x080001bc   Section        4  entry2.o(.ARM.Collect$$$$00002712)
    __lit__00000000                          0x080001bc   Data           4  entry2.o(.ARM.Collect$$$$00002712)
    .text                                    0x080001c0   Section       36  startup_stm32f429_439xx.o(.text)
    $v0                                      0x080001c0   Number         0  startup_stm32f429_439xx.o(.text)
    .text                                    0x080001e4   Section        0  uidiv.o(.text)
    .text                                    0x08000210   Section       36  init.o(.text)
    i.BusFault_Handler                       0x08000234   Section        0  stm32f4xx_it.o(i.BusFault_Handler)
    i.DMA1_Stream2_IRQHandler                0x08000238   Section        0  stm32f429i_discovery_i2c_ee.o(i.DMA1_Stream2_IRQHandler)
    i.DMA1_Stream4_IRQHandler                0x08000278   Section        0  stm32f429i_discovery_i2c_ee.o(i.DMA1_Stream4_IRQHandler)
    i.DMA_ClearFlag                          0x080002e4   Section        0  stm32f4xx_dma.o(i.DMA_ClearFlag)
    i.DMA_Cmd                                0x08000318   Section        0  stm32f4xx_dma.o(i.DMA_Cmd)
    i.DMA_DeInit                             0x08000330   Section        0  stm32f4xx_dma.o(i.DMA_DeInit)
    i.DMA_GetFlagStatus                      0x08000488   Section        0  stm32f4xx_dma.o(i.DMA_GetFlagStatus)
    i.DMA_ITConfig                           0x080004cc   Section        0  stm32f4xx_dma.o(i.DMA_ITConfig)
    i.DMA_Init                               0x08000508   Section        0  stm32f4xx_dma.o(i.DMA_Init)
    i.DebugMon_Handler                       0x08000560   Section        0  stm32f4xx_it.o(i.DebugMon_Handler)
    i.EXTI0_IRQHandler                       0x08000564   Section        0  stm32f4xx_it.o(i.EXTI0_IRQHandler)
    i.EXTI1_IRQHandler                       0x08000578   Section        0  stm32f4xx_it.o(i.EXTI1_IRQHandler)
    i.EXTI3_IRQHandler                       0x0800058c   Section        0  stm32f4xx_it.o(i.EXTI3_IRQHandler)
    i.EXTI_ClearITPendingBit                 0x080005a0   Section        0  stm32f4xx_exti.o(i.EXTI_ClearITPendingBit)
    i.EXTI_Init                              0x080005ac   Section        0  stm32f4xx_exti.o(i.EXTI_Init)
    i.FMC_GetFlagStatus                      0x08000640   Section        0  stm32f4xx_fmc.o(i.FMC_GetFlagStatus)
    i.FMC_SDRAMCmdConfig                     0x08000688   Section        0  stm32f4xx_fmc.o(i.FMC_SDRAMCmdConfig)
    i.FMC_SDRAMInit                          0x080006a8   Section        0  stm32f4xx_fmc.o(i.FMC_SDRAMInit)
    i.FMC_SetRefreshCount                    0x080007a0   Section        0  stm32f4xx_fmc.o(i.FMC_SetRefreshCount)
    i.GPIO_Init                              0x080007b8   Section        0  stm32f4xx_gpio.o(i.GPIO_Init)
    i.GPIO_PinAFConfig                       0x08000848   Section        0  stm32f4xx_gpio.o(i.GPIO_PinAFConfig)
    i.GPIO_ReadInputDataBit                  0x0800088e   Section        0  stm32f4xx_gpio.o(i.GPIO_ReadInputDataBit)
    i.GPIO_ResetBits                         0x080008a0   Section        0  stm32f4xx_gpio.o(i.GPIO_ResetBits)
    i.GPIO_SetBits                           0x080008a4   Section        0  stm32f4xx_gpio.o(i.GPIO_SetBits)
    i.GPIO_WriteBit                          0x080008a8   Section        0  stm32f4xx_gpio.o(i.GPIO_WriteBit)
    i.HardFault_Handler                      0x080008b2   Section        0  stm32f4xx_it.o(i.HardFault_Handler)
    i.I2C_AcknowledgeConfig                  0x080008b6   Section        0  stm32f4xx_i2c.o(i.I2C_AcknowledgeConfig)
    i.I2C_CheckEvent                         0x080008ce   Section        0  stm32f4xx_i2c.o(i.I2C_CheckEvent)
    i.I2C_ClearFlag                          0x080008f8   Section        0  stm32f4xx_i2c.o(i.I2C_ClearFlag)
    i.I2C_Cmd                                0x08000904   Section        0  stm32f4xx_i2c.o(i.I2C_Cmd)
    i.I2C_DMACmd                             0x0800091c   Section        0  stm32f4xx_i2c.o(i.I2C_DMACmd)
    i.I2C_DMALastTransferCmd                 0x08000934   Section        0  stm32f4xx_i2c.o(i.I2C_DMALastTransferCmd)
    i.I2C_GenerateSTART                      0x0800094c   Section        0  stm32f4xx_i2c.o(i.I2C_GenerateSTART)
    i.I2C_GenerateSTOP                       0x08000964   Section        0  stm32f4xx_i2c.o(i.I2C_GenerateSTOP)
    i.I2C_GetFlagStatus                      0x0800097c   Section        0  stm32f4xx_i2c.o(i.I2C_GetFlagStatus)
    i.I2C_Init                               0x080009b8   Section        0  stm32f4xx_i2c.o(i.I2C_Init)
    i.I2C_ReceiveData                        0x08000aa0   Section        0  stm32f4xx_i2c.o(i.I2C_ReceiveData)
    i.I2C_Send7bitAddress                    0x08000aa8   Section        0  stm32f4xx_i2c.o(i.I2C_Send7bitAddress)
    i.I2C_SendData                           0x08000ab8   Section        0  stm32f4xx_i2c.o(i.I2C_SendData)
    i.LCD_AF_GPIOConfig                      0x08000abc   Section        0  stm32f429i_discovery_lcd.o(i.LCD_AF_GPIOConfig)
    LCD_AF_GPIOConfig                        0x08000abd   Thumb Code   334  stm32f429i_discovery_lcd.o(i.LCD_AF_GPIOConfig)
    i.LCD_ChipSelect                         0x08000c24   Section        0  stm32f429i_discovery_lcd.o(i.LCD_ChipSelect)
    i.LCD_Clear                              0x08000c44   Section        0  stm32f429i_discovery_lcd.o(i.LCD_Clear)
    i.LCD_ClearLine                          0x08000c64   Section        0  stm32f429i_discovery_lcd.o(i.LCD_ClearLine)
    i.LCD_CtrlLinesConfig                    0x08000ca0   Section        0  stm32f429i_discovery_lcd.o(i.LCD_CtrlLinesConfig)
    i.LCD_CtrlLinesWrite                     0x08000cf0   Section        0  stm32f429i_discovery_lcd.o(i.LCD_CtrlLinesWrite)
    i.LCD_DisplayChar                        0x08000d04   Section        0  stm32f429i_discovery_lcd.o(i.LCD_DisplayChar)
    i.LCD_DisplayInt                         0x08000d34   Section        0  main.o(i.LCD_DisplayInt)
    i.LCD_DisplayString                      0x08000d5c   Section        0  main.o(i.LCD_DisplayString)
    i.LCD_DrawChar                           0x08000dac   Section        0  stm32f429i_discovery_lcd.o(i.LCD_DrawChar)
    i.LCD_GetFont                            0x08000e84   Section        0  stm32f429i_discovery_lcd.o(i.LCD_GetFont)
    i.LCD_Init                               0x08000e90   Section        0  stm32f429i_discovery_lcd.o(i.LCD_Init)
    i.LCD_LayerInit                          0x08000f2c   Section        0  stm32f429i_discovery_lcd.o(i.LCD_LayerInit)
    i.LCD_PowerOn                            0x08000fd0   Section        0  stm32f429i_discovery_lcd.o(i.LCD_PowerOn)
    i.LCD_SPIConfig                          0x0800125c   Section        0  stm32f429i_discovery_lcd.o(i.LCD_SPIConfig)
    i.LCD_SetFont                            0x08001330   Section        0  stm32f429i_discovery_lcd.o(i.LCD_SetFont)
    i.LCD_SetLayer                           0x0800133c   Section        0  stm32f429i_discovery_lcd.o(i.LCD_SetLayer)
    i.LCD_SetTextColor                       0x08001368   Section        0  stm32f429i_discovery_lcd.o(i.LCD_SetTextColor)
    i.LCD_WriteCommand                       0x08001374   Section        0  stm32f429i_discovery_lcd.o(i.LCD_WriteCommand)
    i.LCD_WriteData                          0x080013c0   Section        0  stm32f429i_discovery_lcd.o(i.LCD_WriteData)
    i.LTDC_Cmd                               0x08001408   Section        0  stm32f4xx_ltdc.o(i.LTDC_Cmd)
    i.LTDC_DitherCmd                         0x0800142c   Section        0  stm32f4xx_ltdc.o(i.LTDC_DitherCmd)
    i.LTDC_Init                              0x08001450   Section        0  stm32f4xx_ltdc.o(i.LTDC_Init)
    i.LTDC_LayerCmd                          0x080015d8   Section        0  stm32f4xx_ltdc.o(i.LTDC_LayerCmd)
    i.LTDC_LayerInit                         0x080015ee   Section        0  stm32f4xx_ltdc.o(i.LTDC_LayerInit)
    i.LTDC_ReloadConfig                      0x08001704   Section        0  stm32f4xx_ltdc.o(i.LTDC_ReloadConfig)
    i.MemManage_Handler                      0x08001710   Section        0  stm32f4xx_it.o(i.MemManage_Handler)
    i.NMI_Handler                            0x08001714   Section        0  stm32f4xx_it.o(i.NMI_Handler)
    i.NVIC_Init                              0x08001718   Section        0  misc.o(i.NVIC_Init)
    i.PB_Config                              0x08001790   Section        0  main.o(i.PB_Config)
    i.PWR_BackupAccessCmd                    0x0800179c   Section        0  stm32f4xx_pwr.o(i.PWR_BackupAccessCmd)
    i.PendSV_Handler                         0x080017a8   Section        0  stm32f4xx_it.o(i.PendSV_Handler)
    i.RCC_AHB1PeriphClockCmd                 0x080017ac   Section        0  stm32f4xx_rcc.o(i.RCC_AHB1PeriphClockCmd)
    i.RCC_AHB3PeriphClockCmd                 0x080017cc   Section        0  stm32f4xx_rcc.o(i.RCC_AHB3PeriphClockCmd)
    i.RCC_APB1PeriphClockCmd                 0x080017ec   Section        0  stm32f4xx_rcc.o(i.RCC_APB1PeriphClockCmd)
    i.RCC_APB1PeriphResetCmd                 0x0800180c   Section        0  stm32f4xx_rcc.o(i.RCC_APB1PeriphResetCmd)
    i.RCC_APB2PeriphClockCmd                 0x0800182c   Section        0  stm32f4xx_rcc.o(i.RCC_APB2PeriphClockCmd)
    i.RCC_APB2PeriphResetCmd                 0x0800184c   Section        0  stm32f4xx_rcc.o(i.RCC_APB2PeriphResetCmd)
    i.RCC_GetClocksFreq                      0x0800186c   Section        0  stm32f4xx_rcc.o(i.RCC_GetClocksFreq)
    i.RCC_GetFlagStatus                      0x08001954   Section        0  stm32f4xx_rcc.o(i.RCC_GetFlagStatus)
    i.RCC_LSICmd                             0x08001994   Section        0  stm32f4xx_rcc.o(i.RCC_LSICmd)
    i.RCC_LTDCCLKDivConfig                   0x080019a0   Section        0  stm32f4xx_rcc.o(i.RCC_LTDCCLKDivConfig)
    i.RCC_PLLSAICmd                          0x080019b8   Section        0  stm32f4xx_rcc.o(i.RCC_PLLSAICmd)
    i.RCC_PLLSAIConfig                       0x080019c4   Section        0  stm32f4xx_rcc.o(i.RCC_PLLSAIConfig)
    i.RCC_RTCCLKCmd                          0x080019dc   Section        0  stm32f4xx_rcc.o(i.RCC_RTCCLKCmd)
    i.RCC_RTCCLKConfig                       0x080019e8   Section        0  stm32f4xx_rcc.o(i.RCC_RTCCLKConfig)
    i.RTC_AlarmAConfig                       0x08001a24   Section        0  main.o(i.RTC_AlarmAConfig)
    i.RTC_AlarmCmd                           0x08001a90   Section        0  stm32f4xx_rtc.o(i.RTC_AlarmCmd)
    i.RTC_Alarm_IRQHandler                   0x08001b04   Section        0  stm32f4xx_it.o(i.RTC_Alarm_IRQHandler)
    i.RTC_Bcd2ToByte                         0x08001b54   Section        0  stm32f4xx_rtc.o(i.RTC_Bcd2ToByte)
    RTC_Bcd2ToByte                           0x08001b55   Thumb Code    22  stm32f4xx_rtc.o(i.RTC_Bcd2ToByte)
    i.RTC_ByteToBcd2                         0x08001b6a   Section        0  stm32f4xx_rtc.o(i.RTC_ByteToBcd2)
    RTC_ByteToBcd2                           0x08001b6b   Thumb Code    28  stm32f4xx_rtc.o(i.RTC_ByteToBcd2)
    i.RTC_ClearFlag                          0x08001b88   Section        0  stm32f4xx_rtc.o(i.RTC_ClearFlag)
    i.RTC_ClearITPendingBit                  0x08001ba4   Section        0  stm32f4xx_rtc.o(i.RTC_ClearITPendingBit)
    i.RTC_Config                             0x08001bc4   Section        0  main.o(i.RTC_Config)
    i.RTC_EnterInitMode                      0x08001c3c   Section        0  stm32f4xx_rtc.o(i.RTC_EnterInitMode)
    i.RTC_ExitInitMode                       0x08001c8c   Section        0  stm32f4xx_rtc.o(i.RTC_ExitInitMode)
    i.RTC_GetDate                            0x08001ca0   Section        0  stm32f4xx_rtc.o(i.RTC_GetDate)
    i.RTC_GetITStatus                        0x08001cec   Section        0  stm32f4xx_rtc.o(i.RTC_GetITStatus)
    i.RTC_GetTime                            0x08001d2c   Section        0  stm32f4xx_rtc.o(i.RTC_GetTime)
    i.RTC_ITConfig                           0x08001d7c   Section        0  stm32f4xx_rtc.o(i.RTC_ITConfig)
    i.RTC_Init                               0x08001de0   Section        0  stm32f4xx_rtc.o(i.RTC_Init)
    i.RTC_SetAlarm                           0x08001e44   Section        0  stm32f4xx_rtc.o(i.RTC_SetAlarm)
    i.RTC_SetDate                            0x08001f30   Section        0  stm32f4xx_rtc.o(i.RTC_SetDate)
    i.RTC_SetTime                            0x08001ff8   Section        0  stm32f4xx_rtc.o(i.RTC_SetTime)
    i.RTC_WaitForSynchro                     0x080020c8   Section        0  stm32f4xx_rtc.o(i.RTC_WaitForSynchro)
    i.SDRAM_GPIOConfig                       0x08002128   Section        0  stm32f429i_discovery_sdram.o(i.SDRAM_GPIOConfig)
    i.SDRAM_Init                             0x0800232c   Section        0  stm32f429i_discovery_sdram.o(i.SDRAM_Init)
    i.SDRAM_InitSequence                     0x08002394   Section        0  stm32f429i_discovery_sdram.o(i.SDRAM_InitSequence)
    i.SPI_Cmd                                0x0800245c   Section        0  stm32f4xx_spi.o(i.SPI_Cmd)
    i.SPI_I2S_DeInit                         0x08002474   Section        0  stm32f4xx_spi.o(i.SPI_I2S_DeInit)
    i.SPI_I2S_GetFlagStatus                  0x08002524   Section        0  stm32f4xx_spi.o(i.SPI_I2S_GetFlagStatus)
    i.SPI_I2S_SendData                       0x08002536   Section        0  stm32f4xx_spi.o(i.SPI_I2S_SendData)
    i.SPI_Init                               0x0800253a   Section        0  stm32f4xx_spi.o(i.SPI_Init)
    i.STM_EVAL_LEDInit                       0x08002578   Section        0  stm32f429i_discovery.o(i.STM_EVAL_LEDInit)
    i.STM_EVAL_PBGetState                    0x080025c4   Section        0  stm32f429i_discovery.o(i.STM_EVAL_PBGetState)
    i.STM_EVAL_PBInit                        0x080025e4   Section        0  stm32f429i_discovery.o(i.STM_EVAL_PBInit)
    i.SVC_Handler                            0x08002690   Section        0  stm32f4xx_it.o(i.SVC_Handler)
    i.SYSCFG_EXTILineConfig                  0x08002694   Section        0  stm32f4xx_syscfg.o(i.SYSCFG_EXTILineConfig)
    i.SetSysClock                            0x080026d4   Section        0  system_stm32f4xx.o(i.SetSysClock)
    SetSysClock                              0x080026d5   Thumb Code   274  system_stm32f4xx.o(i.SetSysClock)
    i.SysTick_Handler                        0x080027f8   Section        0  stm32f4xx_it.o(i.SysTick_Handler)
    i.SystemInit                             0x080027fc   Section        0  system_stm32f4xx.o(i.SystemInit)
    i.TIM3_IRQHandler                        0x08002864   Section        0  stm32f4xx_it.o(i.TIM3_IRQHandler)
    i.UsageFault_Handler                     0x08002866   Section        0  stm32f4xx_it.o(i.UsageFault_Handler)
    i.__0sprintf$6                           0x0800286c   Section        0  printf6.o(i.__0sprintf$6)
    i.__scatterload_copy                     0x08002894   Section       14  handlers.o(i.__scatterload_copy)
    i.__scatterload_null                     0x080028a2   Section        2  handlers.o(i.__scatterload_null)
    i.__scatterload_zeroinit                 0x080028a4   Section       14  handlers.o(i.__scatterload_zeroinit)
    i._printf_core                           0x080028b4   Section        0  printf6.o(i._printf_core)
    _printf_core                             0x080028b5   Thumb Code   748  printf6.o(i._printf_core)
    i._printf_post_padding                   0x08002ba4   Section        0  printf6.o(i._printf_post_padding)
    _printf_post_padding                     0x08002ba5   Thumb Code    36  printf6.o(i._printf_post_padding)
    i._printf_pre_padding                    0x08002bc8   Section        0  printf6.o(i._printf_pre_padding)
    _printf_pre_padding                      0x08002bc9   Thumb Code    46  printf6.o(i._printf_pre_padding)
    i._sputc                                 0x08002bf6   Section        0  printf6.o(i._sputc)
    _sputc                                   0x08002bf7   Thumb Code    10  printf6.o(i._sputc)
    i.delay                                  0x08002c00   Section        0  stm32f429i_discovery_lcd.o(i.delay)
    delay                                    0x08002c01   Thumb Code    28  stm32f429i_discovery_lcd.o(i.delay)
    i.delay                                  0x08002c1c   Section        0  stm32f429i_discovery_sdram.o(i.delay)
    delay                                    0x08002c1d   Thumb Code    32  stm32f429i_discovery_sdram.o(i.delay)
    i.external_button1_config                0x08002c40   Section        0  main.o(i.external_button1_config)
    i.external_button2_config                0x08002cb8   Section        0  main.o(i.external_button2_config)
    i.initValueTimeStamp                     0x08002d30   Section        0  main.o(i.initValueTimeStamp)
    i.main                                   0x08002d64   Section        0  main.o(i.main)
    i.restartRTC                             0x080031f8   Section        0  main.o(i.restartRTC)
    i.sEE_Init                               0x08003230   Section        0  stm32f429i_discovery_i2c_ee.o(i.sEE_Init)
    i.sEE_LowLevel_DMAConfig                 0x08003294   Section        0  stm32f429i_discovery.o(i.sEE_LowLevel_DMAConfig)
    i.sEE_LowLevel_Init                      0x080032d4   Section        0  stm32f429i_discovery.o(i.sEE_LowLevel_Init)
    i.sEE_ReadBuffer                         0x08003430   Section        0  stm32f429i_discovery_i2c_ee.o(i.sEE_ReadBuffer)
    i.sEE_TIMEOUT_UserCallback               0x0800366c   Section        0  stm32f429i_discovery_i2c_ee.o(i.sEE_TIMEOUT_UserCallback)
    i.sEE_WaitEepromStandbyState             0x08003670   Section        0  stm32f429i_discovery_i2c_ee.o(i.sEE_WaitEepromStandbyState)
    i.sEE_WriteBuffer                        0x08003758   Section        0  stm32f429i_discovery_i2c_ee.o(i.sEE_WriteBuffer)
    i.sEE_WritePage                          0x08003a14   Section        0  stm32f429i_discovery_i2c_ee.o(i.sEE_WritePage)
    i.saveTimeStamp                          0x08003b44   Section        0  main.o(i.saveTimeStamp)
    i.setTimeAndDate                         0x08003ba4   Section        0  main.o(i.setTimeAndDate)
    i.showDate                               0x08003c0c   Section        0  main.o(i.showDate)
    i.showTime                               0x08003c90   Section        0  main.o(i.showTime)
    i.viewTimeStamp                          0x08003d08   Section        0  main.o(i.viewTimeStamp)
    .constdata                               0x08003e60   Section       25  stm32f429i_discovery.o(.constdata)
    .constdata                               0x08003e7a   Section    10704  stm32f429i_discovery_lcd.o(.constdata)
    .data                                    0x20000000   Section       19  main.o(.data)
    .data                                    0x20000013   Section        2  stm32f4xx_it.o(.data)
    .data                                    0x20000015   Section       16  stm32f4xx_rcc.o(.data)
    APBAHBPrescTable                         0x20000015   Data          16  stm32f4xx_rcc.o(.data)
    .data                                    0x20000028   Section       16  stm32f429i_discovery.o(.data)
    .data                                    0x20000038   Section       48  stm32f429i_discovery_lcd.o(.data)
    LCD_Currentfonts                         0x20000058   Data           4  stm32f429i_discovery_lcd.o(.data)
    CurrentTextColor                         0x2000005c   Data           2  stm32f429i_discovery_lcd.o(.data)
    CurrentBackColor                         0x2000005e   Data           2  stm32f429i_discovery_lcd.o(.data)
    CurrentFrameBuffer                       0x20000060   Data           4  stm32f429i_discovery_lcd.o(.data)
    CurrentLayer                             0x20000064   Data           4  stm32f429i_discovery_lcd.o(.data)
    .data                                    0x20000068   Section       17  stm32f429i_discovery_i2c_ee.o(.data)
    .bss                                     0x2000007c   Section       60  stm32f429i_discovery.o(.bss)
    STACK                                    0x200000b8   Section     1024  startup_stm32f429_439xx.o(STACK)

    Global Symbols

    Symbol Name                              Value     Ov Type        Size  Object(Section)

    BuildAttributes$$THM_ISAv4$E$P$D$K$B$S$7EM$VFPi3$EXTD16$VFPS$VFMA$PE$A:L22UL41UL21$X:L11$S22US41US21$IEEE1$IW$USESV6$~STKCKD$USESV7$~SHL$OSPACE$ROPI$EBA8$MICROLIB$REQ8$PRES8$EABIv2 0x00000000   Number         0  anon$$obj.o ABSOLUTE
    __ARM_use_no_argv                        0x00000000   Number         0  main.o ABSOLUTE
    _printf_a                                0x00000000   Number         0  stubs.o ABSOLUTE
    _printf_c                                0x00000000   Number         0  stubs.o ABSOLUTE
    _printf_charcount                        0x00000000   Number         0  stubs.o ABSOLUTE
    _printf_d                                0x00000000   Number         0  stubs.o ABSOLUTE
    _printf_e                                0x00000000   Number         0  stubs.o ABSOLUTE
    _printf_f                                0x00000000   Number         0  stubs.o ABSOLUTE
    _printf_flags                            0x00000000   Number         0  stubs.o ABSOLUTE
    _printf_fp_dec                           0x00000000   Number         0  stubs.o ABSOLUTE
    _printf_fp_hex                           0x00000000   Number         0  stubs.o ABSOLUTE
    _printf_g                                0x00000000   Number         0  stubs.o ABSOLUTE
    _printf_i                                0x00000000   Number         0  stubs.o ABSOLUTE
    _printf_int_dec                          0x00000000   Number         0  stubs.o ABSOLUTE
    _printf_l                                0x00000000   Number         0  stubs.o ABSOLUTE
    _printf_lc                               0x00000000   Number         0  stubs.o ABSOLUTE
    _printf_ll                               0x00000000   Number         0  stubs.o ABSOLUTE
    _printf_lld                              0x00000000   Number         0  stubs.o ABSOLUTE
    _printf_lli                              0x00000000   Number         0  stubs.o ABSOLUTE
    _printf_llo                              0x00000000   Number         0  stubs.o ABSOLUTE
    _printf_llu                              0x00000000   Number         0  stubs.o ABSOLUTE
    _printf_llx                              0x00000000   Number         0  stubs.o ABSOLUTE
    _printf_longlong_dec                     0x00000000   Number         0  stubs.o ABSOLUTE
    _printf_longlong_hex                     0x00000000   Number         0  stubs.o ABSOLUTE
    _printf_longlong_oct                     0x00000000   Number         0  stubs.o ABSOLUTE
    _printf_ls                               0x00000000   Number         0  stubs.o ABSOLUTE
    _printf_mbtowc                           0x00000000   Number         0  stubs.o ABSOLUTE
    _printf_n                                0x00000000   Number         0  stubs.o ABSOLUTE
    _printf_o                                0x00000000   Number         0  stubs.o ABSOLUTE
    _printf_p                                0x00000000   Number         0  stubs.o ABSOLUTE
    _printf_percent                          0x00000000   Number         0  stubs.o ABSOLUTE
    _printf_pre_padding                      0x00000000   Number         0  stubs.o ABSOLUTE
    _printf_return_value                     0x00000000   Number         0  stubs.o ABSOLUTE
    _printf_s                                0x00000000   Number         0  stubs.o ABSOLUTE
    _printf_sizespec                         0x00000000   Number         0  stubs.o ABSOLUTE
    _printf_str                              0x00000000   Number         0  stubs.o ABSOLUTE
    _printf_truncate_signed                  0x00000000   Number         0  stubs.o ABSOLUTE
    _printf_truncate_unsigned                0x00000000   Number         0  stubs.o ABSOLUTE
    _printf_u                                0x00000000   Number         0  stubs.o ABSOLUTE
    _printf_wc                               0x00000000   Number         0  stubs.o ABSOLUTE
    _printf_wctomb                           0x00000000   Number         0  stubs.o ABSOLUTE
    _printf_widthprec                        0x00000000   Number         0  stubs.o ABSOLUTE
    _printf_x                                0x00000000   Number         0  stubs.o ABSOLUTE
    __cpp_initialize__aeabi_                  - Undefined Weak Reference
    __cxa_finalize                            - Undefined Weak Reference
    __decompress                              - Undefined Weak Reference
    _clock_init                               - Undefined Weak Reference
    _microlib_exit                            - Undefined Weak Reference
    __Vectors_Size                           0x000001ac   Number         0  startup_stm32f429_439xx.o ABSOLUTE
    __Vectors                                0x08000000   Data           4  startup_stm32f429_439xx.o(RESET)
    __Vectors_End                            0x080001ac   Data           0  startup_stm32f429_439xx.o(RESET)
    __main                                   0x080001ad   Thumb Code     0  entry.o(.ARM.Collect$$$$00000000)
    _main_stk                                0x080001ad   Thumb Code     0  entry2.o(.ARM.Collect$$$$00000001)
    _main_scatterload                        0x080001b1   Thumb Code     0  entry5.o(.ARM.Collect$$$$00000004)
    __main_after_scatterload                 0x080001b5   Thumb Code     0  entry5.o(.ARM.Collect$$$$00000004)
    _main_clock                              0x080001b5   Thumb Code     0  entry7b.o(.ARM.Collect$$$$00000008)
    _main_cpp_init                           0x080001b5   Thumb Code     0  entry8b.o(.ARM.Collect$$$$0000000A)
    _main_init                               0x080001b5   Thumb Code     0  entry9a.o(.ARM.Collect$$$$0000000B)
    __rt_final_cpp                           0x080001bd   Thumb Code     0  entry10a.o(.ARM.Collect$$$$0000000D)
    __rt_final_exit                          0x080001bd   Thumb Code     0  entry11a.o(.ARM.Collect$$$$0000000F)
    Reset_Handler                            0x080001c1   Thumb Code     8  startup_stm32f429_439xx.o(.text)
    ADC_IRQHandler                           0x080001db   Thumb Code     0  startup_stm32f429_439xx.o(.text)
    CAN1_RX0_IRQHandler                      0x080001db   Thumb Code     0  startup_stm32f429_439xx.o(.text)
    CAN1_RX1_IRQHandler                      0x080001db   Thumb Code     0  startup_stm32f429_439xx.o(.text)
    CAN1_SCE_IRQHandler                      0x080001db   Thumb Code     0  startup_stm32f429_439xx.o(.text)
    CAN1_TX_IRQHandler                       0x080001db   Thumb Code     0  startup_stm32f429_439xx.o(.text)
    CAN2_RX0_IRQHandler                      0x080001db   Thumb Code     0  startup_stm32f429_439xx.o(.text)
    CAN2_RX1_IRQHandler                      0x080001db   Thumb Code     0  startup_stm32f429_439xx.o(.text)
    CAN2_SCE_IRQHandler                      0x080001db   Thumb Code     0  startup_stm32f429_439xx.o(.text)
    CAN2_TX_IRQHandler                       0x080001db   Thumb Code     0  startup_stm32f429_439xx.o(.text)
    CRYP_IRQHandler                          0x080001db   Thumb Code     0  startup_stm32f429_439xx.o(.text)
    DCMI_IRQHandler                          0x080001db   Thumb Code     0  startup_stm32f429_439xx.o(.text)
    DMA1_Stream0_IRQHandler                  0x080001db   Thumb Code     0  startup_stm32f429_439xx.o(.text)
    DMA1_Stream1_IRQHandler                  0x080001db   Thumb Code     0  startup_stm32f429_439xx.o(.text)
    DMA1_Stream3_IRQHandler                  0x080001db   Thumb Code     0  startup_stm32f429_439xx.o(.text)
    DMA1_Stream5_IRQHandler                  0x080001db   Thumb Code     0  startup_stm32f429_439xx.o(.text)
    DMA1_Stream6_IRQHandler                  0x080001db   Thumb Code     0  startup_stm32f429_439xx.o(.text)
    DMA1_Stream7_IRQHandler                  0x080001db   Thumb Code     0  startup_stm32f429_439xx.o(.text)
    DMA2D_IRQHandler                         0x080001db   Thumb Code     0  startup_stm32f429_439xx.o(.text)
    DMA2_Stream0_IRQHandler                  0x080001db   Thumb Code     0  startup_stm32f429_439xx.o(.text)
    DMA2_Stream1_IRQHandler                  0x080001db   Thumb Code     0  startup_stm32f429_439xx.o(.text)
    DMA2_Stream2_IRQHandler                  0x080001db   Thumb Code     0  startup_stm32f429_439xx.o(.text)
    DMA2_Stream3_IRQHandler                  0x080001db   Thumb Code     0  startup_stm32f429_439xx.o(.text)
    DMA2_Stream4_IRQHandler                  0x080001db   Thumb Code     0  startup_stm32f429_439xx.o(.text)
    DMA2_Stream5_IRQHandler                  0x080001db   Thumb Code     0  startup_stm32f429_439xx.o(.text)
    DMA2_Stream6_IRQHandler                  0x080001db   Thumb Code     0  startup_stm32f429_439xx.o(.text)
    DMA2_Stream7_IRQHandler                  0x080001db   Thumb Code     0  startup_stm32f429_439xx.o(.text)
    ETH_IRQHandler                           0x080001db   Thumb Code     0  startup_stm32f429_439xx.o(.text)
    ETH_WKUP_IRQHandler                      0x080001db   Thumb Code     0  startup_stm32f429_439xx.o(.text)
    EXTI15_10_IRQHandler                     0x080001db   Thumb Code     0  startup_stm32f429_439xx.o(.text)
    EXTI2_IRQHandler                         0x080001db   Thumb Code     0  startup_stm32f429_439xx.o(.text)
    EXTI4_IRQHandler                         0x080001db   Thumb Code     0  startup_stm32f429_439xx.o(.text)
    EXTI9_5_IRQHandler                       0x080001db   Thumb Code     0  startup_stm32f429_439xx.o(.text)
    FLASH_IRQHandler                         0x080001db   Thumb Code     0  startup_stm32f429_439xx.o(.text)
    FMC_IRQHandler                           0x080001db   Thumb Code     0  startup_stm32f429_439xx.o(.text)
    FPU_IRQHandler                           0x080001db   Thumb Code     0  startup_stm32f429_439xx.o(.text)
    HASH_RNG_IRQHandler                      0x080001db   Thumb Code     0  startup_stm32f429_439xx.o(.text)
    I2C1_ER_IRQHandler                       0x080001db   Thumb Code     0  startup_stm32f429_439xx.o(.text)
    I2C1_EV_IRQHandler                       0x080001db   Thumb Code     0  startup_stm32f429_439xx.o(.text)
    I2C2_ER_IRQHandler                       0x080001db   Thumb Code     0  startup_stm32f429_439xx.o(.text)
    I2C2_EV_IRQHandler                       0x080001db   Thumb Code     0  startup_stm32f429_439xx.o(.text)
    I2C3_ER_IRQHandler                       0x080001db   Thumb Code     0  startup_stm32f429_439xx.o(.text)
    I2C3_EV_IRQHandler                       0x080001db   Thumb Code     0  startup_stm32f429_439xx.o(.text)
    LTDC_ER_IRQHandler                       0x080001db   Thumb Code     0  startup_stm32f429_439xx.o(.text)
    LTDC_IRQHandler                          0x080001db   Thumb Code     0  startup_stm32f429_439xx.o(.text)
    OTG_FS_IRQHandler                        0x080001db   Thumb Code     0  startup_stm32f429_439xx.o(.text)
    OTG_FS_WKUP_IRQHandler                   0x080001db   Thumb Code     0  startup_stm32f429_439xx.o(.text)
    OTG_HS_EP1_IN_IRQHandler                 0x080001db   Thumb Code     0  startup_stm32f429_439xx.o(.text)
    OTG_HS_EP1_OUT_IRQHandler                0x080001db   Thumb Code     0  startup_stm32f429_439xx.o(.text)
    OTG_HS_IRQHandler                        0x080001db   Thumb Code     0  startup_stm32f429_439xx.o(.text)
    OTG_HS_WKUP_IRQHandler                   0x080001db   Thumb Code     0  startup_stm32f429_439xx.o(.text)
    PVD_IRQHandler                           0x080001db   Thumb Code     0  startup_stm32f429_439xx.o(.text)
    RCC_IRQHandler                           0x080001db   Thumb Code     0  startup_stm32f429_439xx.o(.text)
    RTC_WKUP_IRQHandler                      0x080001db   Thumb Code     0  startup_stm32f429_439xx.o(.text)
    SAI1_IRQHandler                          0x080001db   Thumb Code     0  startup_stm32f429_439xx.o(.text)
    SDIO_IRQHandler                          0x080001db   Thumb Code     0  startup_stm32f429_439xx.o(.text)
    SPI1_IRQHandler                          0x080001db   Thumb Code     0  startup_stm32f429_439xx.o(.text)
    SPI2_IRQHandler                          0x080001db   Thumb Code     0  startup_stm32f429_439xx.o(.text)
    SPI3_IRQHandler                          0x080001db   Thumb Code     0  startup_stm32f429_439xx.o(.text)
    SPI4_IRQHandler                          0x080001db   Thumb Code     0  startup_stm32f429_439xx.o(.text)
    SPI5_IRQHandler                          0x080001db   Thumb Code     0  startup_stm32f429_439xx.o(.text)
    SPI6_IRQHandler                          0x080001db   Thumb Code     0  startup_stm32f429_439xx.o(.text)
    TAMP_STAMP_IRQHandler                    0x080001db   Thumb Code     0  startup_stm32f429_439xx.o(.text)
    TIM1_BRK_TIM9_IRQHandler                 0x080001db   Thumb Code     0  startup_stm32f429_439xx.o(.text)
    TIM1_CC_IRQHandler                       0x080001db   Thumb Code     0  startup_stm32f429_439xx.o(.text)
    TIM1_TRG_COM_TIM11_IRQHandler            0x080001db   Thumb Code     0  startup_stm32f429_439xx.o(.text)
    TIM1_UP_TIM10_IRQHandler                 0x080001db   Thumb Code     0  startup_stm32f429_439xx.o(.text)
    TIM2_IRQHandler                          0x080001db   Thumb Code     0  startup_stm32f429_439xx.o(.text)
    TIM4_IRQHandler                          0x080001db   Thumb Code     0  startup_stm32f429_439xx.o(.text)
    TIM5_IRQHandler                          0x080001db   Thumb Code     0  startup_stm32f429_439xx.o(.text)
    TIM6_DAC_IRQHandler                      0x080001db   Thumb Code     0  startup_stm32f429_439xx.o(.text)
    TIM7_IRQHandler                          0x080001db   Thumb Code     0  startup_stm32f429_439xx.o(.text)
    TIM8_BRK_TIM12_IRQHandler                0x080001db   Thumb Code     0  startup_stm32f429_439xx.o(.text)
    TIM8_CC_IRQHandler                       0x080001db   Thumb Code     0  startup_stm32f429_439xx.o(.text)
    TIM8_TRG_COM_TIM14_IRQHandler            0x080001db   Thumb Code     0  startup_stm32f429_439xx.o(.text)
    TIM8_UP_TIM13_IRQHandler                 0x080001db   Thumb Code     0  startup_stm32f429_439xx.o(.text)
    UART4_IRQHandler                         0x080001db   Thumb Code     0  startup_stm32f429_439xx.o(.text)
    UART5_IRQHandler                         0x080001db   Thumb Code     0  startup_stm32f429_439xx.o(.text)
    UART7_IRQHandler                         0x080001db   Thumb Code     0  startup_stm32f429_439xx.o(.text)
    UART8_IRQHandler                         0x080001db   Thumb Code     0  startup_stm32f429_439xx.o(.text)
    USART1_IRQHandler                        0x080001db   Thumb Code     0  startup_stm32f429_439xx.o(.text)
    USART2_IRQHandler                        0x080001db   Thumb Code     0  startup_stm32f429_439xx.o(.text)
    USART3_IRQHandler                        0x080001db   Thumb Code     0  startup_stm32f429_439xx.o(.text)
    USART6_IRQHandler                        0x080001db   Thumb Code     0  startup_stm32f429_439xx.o(.text)
    WWDG_IRQHandler                          0x080001db   Thumb Code     0  startup_stm32f429_439xx.o(.text)
    __aeabi_uidiv                            0x080001e5   Thumb Code     0  uidiv.o(.text)
    __aeabi_uidivmod                         0x080001e5   Thumb Code    44  uidiv.o(.text)
    __scatterload                            0x08000211   Thumb Code    28  init.o(.text)
    __scatterload_rt2                        0x08000211   Thumb Code     0  init.o(.text)
    BusFault_Handler                         0x08000235   Thumb Code     4  stm32f4xx_it.o(i.BusFault_Handler)
    DMA1_Stream2_IRQHandler                  0x08000239   Thumb Code    50  stm32f429i_discovery_i2c_ee.o(i.DMA1_Stream2_IRQHandler)
    DMA1_Stream4_IRQHandler                  0x08000279   Thumb Code    84  stm32f429i_discovery_i2c_ee.o(i.DMA1_Stream4_IRQHandler)
    DMA_ClearFlag                            0x080002e5   Thumb Code    38  stm32f4xx_dma.o(i.DMA_ClearFlag)
    DMA_Cmd                                  0x08000319   Thumb Code    22  stm32f4xx_dma.o(i.DMA_Cmd)
    DMA_DeInit                               0x08000331   Thumb Code   324  stm32f4xx_dma.o(i.DMA_DeInit)
    DMA_GetFlagStatus                        0x08000489   Thumb Code    54  stm32f4xx_dma.o(i.DMA_GetFlagStatus)
    DMA_ITConfig                             0x080004cd   Thumb Code    58  stm32f4xx_dma.o(i.DMA_ITConfig)
    DMA_Init                                 0x08000509   Thumb Code    82  stm32f4xx_dma.o(i.DMA_Init)
    DebugMon_Handler                         0x08000561   Thumb Code     2  stm32f4xx_it.o(i.DebugMon_Handler)
    EXTI0_IRQHandler                         0x08000565   Thumb Code    14  stm32f4xx_it.o(i.EXTI0_IRQHandler)
    EXTI1_IRQHandler                         0x08000579   Thumb Code    16  stm32f4xx_it.o(i.EXTI1_IRQHandler)
    EXTI3_IRQHandler                         0x0800058d   Thumb Code    16  stm32f4xx_it.o(i.EXTI3_IRQHandler)
    EXTI_ClearITPendingBit                   0x080005a1   Thumb Code     6  stm32f4xx_exti.o(i.EXTI_ClearITPendingBit)
    EXTI_Init                                0x080005ad   Thumb Code   142  stm32f4xx_exti.o(i.EXTI_Init)
    FMC_GetFlagStatus                        0x08000641   Thumb Code    68  stm32f4xx_fmc.o(i.FMC_GetFlagStatus)
    FMC_SDRAMCmdConfig                       0x08000689   Thumb Code    28  stm32f4xx_fmc.o(i.FMC_SDRAMCmdConfig)
    FMC_SDRAMInit                            0x080006a9   Thumb Code   242  stm32f4xx_fmc.o(i.FMC_SDRAMInit)
    FMC_SetRefreshCount                      0x080007a1   Thumb Code    18  stm32f4xx_fmc.o(i.FMC_SetRefreshCount)
    GPIO_Init                                0x080007b9   Thumb Code   144  stm32f4xx_gpio.o(i.GPIO_Init)
    GPIO_PinAFConfig                         0x08000849   Thumb Code    70  stm32f4xx_gpio.o(i.GPIO_PinAFConfig)
    GPIO_ReadInputDataBit                    0x0800088f   Thumb Code    18  stm32f4xx_gpio.o(i.GPIO_ReadInputDataBit)
    GPIO_ResetBits                           0x080008a1   Thumb Code     4  stm32f4xx_gpio.o(i.GPIO_ResetBits)
    GPIO_SetBits                             0x080008a5   Thumb Code     4  stm32f4xx_gpio.o(i.GPIO_SetBits)
    GPIO_WriteBit                            0x080008a9   Thumb Code    10  stm32f4xx_gpio.o(i.GPIO_WriteBit)
    HardFault_Handler                        0x080008b3   Thumb Code     4  stm32f4xx_it.o(i.HardFault_Handler)
    I2C_AcknowledgeConfig                    0x080008b7   Thumb Code    24  stm32f4xx_i2c.o(i.I2C_AcknowledgeConfig)
    I2C_CheckEvent                           0x080008cf   Thumb Code    42  stm32f4xx_i2c.o(i.I2C_CheckEvent)
    I2C_ClearFlag                            0x080008f9   Thumb Code    12  stm32f4xx_i2c.o(i.I2C_ClearFlag)
    I2C_Cmd                                  0x08000905   Thumb Code    24  stm32f4xx_i2c.o(i.I2C_Cmd)
    I2C_DMACmd                               0x0800091d   Thumb Code    24  stm32f4xx_i2c.o(i.I2C_DMACmd)
    I2C_DMALastTransferCmd                   0x08000935   Thumb Code    24  stm32f4xx_i2c.o(i.I2C_DMALastTransferCmd)
    I2C_GenerateSTART                        0x0800094d   Thumb Code    24  stm32f4xx_i2c.o(i.I2C_GenerateSTART)
    I2C_GenerateSTOP                         0x08000965   Thumb Code    24  stm32f4xx_i2c.o(i.I2C_GenerateSTOP)
    I2C_GetFlagStatus                        0x0800097d   Thumb Code    58  stm32f4xx_i2c.o(i.I2C_GetFlagStatus)
    I2C_Init                                 0x080009b9   Thumb Code   218  stm32f4xx_i2c.o(i.I2C_Init)
    I2C_ReceiveData                          0x08000aa1   Thumb Code     8  stm32f4xx_i2c.o(i.I2C_ReceiveData)
    I2C_Send7bitAddress                      0x08000aa9   Thumb Code    16  stm32f4xx_i2c.o(i.I2C_Send7bitAddress)
    I2C_SendData                             0x08000ab9   Thumb Code     4  stm32f4xx_i2c.o(i.I2C_SendData)
    LCD_ChipSelect                           0x08000c25   Thumb Code    26  stm32f429i_discovery_lcd.o(i.LCD_ChipSelect)
    LCD_Clear                                0x08000c45   Thumb Code    26  stm32f429i_discovery_lcd.o(i.LCD_Clear)
    LCD_ClearLine                            0x08000c65   Thumb Code    54  stm32f429i_discovery_lcd.o(i.LCD_ClearLine)
    LCD_CtrlLinesConfig                      0x08000ca1   Thumb Code    70  stm32f429i_discovery_lcd.o(i.LCD_CtrlLinesConfig)
    LCD_CtrlLinesWrite                       0x08000cf1   Thumb Code    20  stm32f429i_discovery_lcd.o(i.LCD_CtrlLinesWrite)
    LCD_DisplayChar                          0x08000d05   Thumb Code    42  stm32f429i_discovery_lcd.o(i.LCD_DisplayChar)
    LCD_DisplayInt                           0x08000d35   Thumb Code    30  main.o(i.LCD_DisplayInt)
    LCD_DisplayString                        0x08000d5d   Thumb Code    78  main.o(i.LCD_DisplayString)
    LCD_DrawChar                             0x08000dad   Thumb Code   200  stm32f429i_discovery_lcd.o(i.LCD_DrawChar)
    LCD_GetFont                              0x08000e85   Thumb Code     6  stm32f429i_discovery_lcd.o(i.LCD_GetFont)
    LCD_Init                                 0x08000e91   Thumb Code   154  stm32f429i_discovery_lcd.o(i.LCD_Init)
    LCD_LayerInit                            0x08000f2d   Thumb Code   152  stm32f429i_discovery_lcd.o(i.LCD_LayerInit)
    LCD_PowerOn                              0x08000fd1   Thumb Code   652  stm32f429i_discovery_lcd.o(i.LCD_PowerOn)
    LCD_SPIConfig                            0x0800125d   Thumb Code   204  stm32f429i_discovery_lcd.o(i.LCD_SPIConfig)
    LCD_SetFont                              0x08001331   Thumb Code     6  stm32f429i_discovery_lcd.o(i.LCD_SetFont)
    LCD_SetLayer                             0x0800133d   Thumb Code    32  stm32f429i_discovery_lcd.o(i.LCD_SetLayer)
    LCD_SetTextColor                         0x08001369   Thumb Code     6  stm32f429i_discovery_lcd.o(i.LCD_SetTextColor)
    LCD_WriteCommand                         0x08001375   Thumb Code    66  stm32f429i_discovery_lcd.o(i.LCD_WriteCommand)
    LCD_WriteData                            0x080013c1   Thumb Code    64  stm32f429i_discovery_lcd.o(i.LCD_WriteData)
    LTDC_Cmd                                 0x08001409   Thumb Code    30  stm32f4xx_ltdc.o(i.LTDC_Cmd)
    LTDC_DitherCmd                           0x0800142d   Thumb Code    30  stm32f4xx_ltdc.o(i.LTDC_DitherCmd)
    LTDC_Init                                0x08001451   Thumb Code   378  stm32f4xx_ltdc.o(i.LTDC_Init)
    LTDC_LayerCmd                            0x080015d9   Thumb Code    22  stm32f4xx_ltdc.o(i.LTDC_LayerCmd)
    LTDC_LayerInit                           0x080015ef   Thumb Code   276  stm32f4xx_ltdc.o(i.LTDC_LayerInit)
    LTDC_ReloadConfig                        0x08001705   Thumb Code     6  stm32f4xx_ltdc.o(i.LTDC_ReloadConfig)
    MemManage_Handler                        0x08001711   Thumb Code     4  stm32f4xx_it.o(i.MemManage_Handler)
    NMI_Handler                              0x08001715   Thumb Code     2  stm32f4xx_it.o(i.NMI_Handler)
    NVIC_Init                                0x08001719   Thumb Code   106  misc.o(i.NVIC_Init)
    PB_Config                                0x08001791   Thumb Code    12  main.o(i.PB_Config)
    PWR_BackupAccessCmd                      0x0800179d   Thumb Code     6  stm32f4xx_pwr.o(i.PWR_BackupAccessCmd)
    PendSV_Handler                           0x080017a9   Thumb Code     2  stm32f4xx_it.o(i.PendSV_Handler)
    RCC_AHB1PeriphClockCmd                   0x080017ad   Thumb Code    26  stm32f4xx_rcc.o(i.RCC_AHB1PeriphClockCmd)
    RCC_AHB3PeriphClockCmd                   0x080017cd   Thumb Code    26  stm32f4xx_rcc.o(i.RCC_AHB3PeriphClockCmd)
    RCC_APB1PeriphClockCmd                   0x080017ed   Thumb Code    26  stm32f4xx_rcc.o(i.RCC_APB1PeriphClockCmd)
    RCC_APB1PeriphResetCmd                   0x0800180d   Thumb Code    26  stm32f4xx_rcc.o(i.RCC_APB1PeriphResetCmd)
    RCC_APB2PeriphClockCmd                   0x0800182d   Thumb Code    26  stm32f4xx_rcc.o(i.RCC_APB2PeriphClockCmd)
    RCC_APB2PeriphResetCmd                   0x0800184d   Thumb Code    26  stm32f4xx_rcc.o(i.RCC_APB2PeriphResetCmd)
    RCC_GetClocksFreq                        0x0800186d   Thumb Code   214  stm32f4xx_rcc.o(i.RCC_GetClocksFreq)
    RCC_GetFlagStatus                        0x08001955   Thumb Code    60  stm32f4xx_rcc.o(i.RCC_GetFlagStatus)
    RCC_LSICmd                               0x08001995   Thumb Code     6  stm32f4xx_rcc.o(i.RCC_LSICmd)
    RCC_LTDCCLKDivConfig                     0x080019a1   Thumb Code    18  stm32f4xx_rcc.o(i.RCC_LTDCCLKDivConfig)
    RCC_PLLSAICmd                            0x080019b9   Thumb Code     6  stm32f4xx_rcc.o(i.RCC_PLLSAICmd)
    RCC_PLLSAIConfig                         0x080019c5   Thumb Code    18  stm32f4xx_rcc.o(i.RCC_PLLSAIConfig)
    RCC_RTCCLKCmd                            0x080019dd   Thumb Code     6  stm32f4xx_rcc.o(i.RCC_RTCCLKCmd)
    RCC_RTCCLKConfig                         0x080019e9   Thumb Code    50  stm32f4xx_rcc.o(i.RCC_RTCCLKConfig)
    RTC_AlarmAConfig                         0x08001a25   Thumb Code   108  main.o(i.RTC_AlarmAConfig)
    RTC_AlarmCmd                             0x08001a91   Thumb Code   112  stm32f4xx_rtc.o(i.RTC_AlarmCmd)
    RTC_Alarm_IRQHandler                     0x08001b05   Thumb Code    66  stm32f4xx_it.o(i.RTC_Alarm_IRQHandler)
    RTC_ClearFlag                            0x08001b89   Thumb Code    24  stm32f4xx_rtc.o(i.RTC_ClearFlag)
    RTC_ClearITPendingBit                    0x08001ba5   Thumb Code    28  stm32f4xx_rtc.o(i.RTC_ClearITPendingBit)
    RTC_Config                               0x08001bc5   Thumb Code   118  main.o(i.RTC_Config)
    RTC_EnterInitMode                        0x08001c3d   Thumb Code    76  stm32f4xx_rtc.o(i.RTC_EnterInitMode)
    RTC_ExitInitMode                         0x08001c8d   Thumb Code    14  stm32f4xx_rtc.o(i.RTC_ExitInitMode)
    RTC_GetDate                              0x08001ca1   Thumb Code    68  stm32f4xx_rtc.o(i.RTC_GetDate)
    RTC_GetITStatus                          0x08001ced   Thumb Code    58  stm32f4xx_rtc.o(i.RTC_GetITStatus)
    RTC_GetTime                              0x08001d2d   Thumb Code    72  stm32f4xx_rtc.o(i.RTC_GetTime)
    RTC_ITConfig                             0x08001d7d   Thumb Code    94  stm32f4xx_rtc.o(i.RTC_ITConfig)
    RTC_Init                                 0x08001de1   Thumb Code    94  stm32f4xx_rtc.o(i.RTC_Init)
    RTC_SetAlarm                             0x08001e45   Thumb Code   230  stm32f4xx_rtc.o(i.RTC_SetAlarm)
    RTC_SetDate                              0x08001f31   Thumb Code   190  stm32f4xx_rtc.o(i.RTC_SetDate)
    RTC_SetTime                              0x08001ff9   Thumb Code   198  stm32f4xx_rtc.o(i.RTC_SetTime)
    RTC_WaitForSynchro                       0x080020c9   Thumb Code    92  stm32f4xx_rtc.o(i.RTC_WaitForSynchro)
    SDRAM_GPIOConfig                         0x08002129   Thumb Code   492  stm32f429i_discovery_sdram.o(i.SDRAM_GPIOConfig)
    SDRAM_Init                               0x0800232d   Thumb Code   104  stm32f429i_discovery_sdram.o(i.SDRAM_Init)
    SDRAM_InitSequence                       0x08002395   Thumb Code   200  stm32f429i_discovery_sdram.o(i.SDRAM_InitSequence)
    SPI_Cmd                                  0x0800245d   Thumb Code    24  stm32f4xx_spi.o(i.SPI_Cmd)
    SPI_I2S_DeInit                           0x08002475   Thumb Code   152  stm32f4xx_spi.o(i.SPI_I2S_DeInit)
    SPI_I2S_GetFlagStatus                    0x08002525   Thumb Code    18  stm32f4xx_spi.o(i.SPI_I2S_GetFlagStatus)
    SPI_I2S_SendData                         0x08002537   Thumb Code     4  stm32f4xx_spi.o(i.SPI_I2S_SendData)
    SPI_Init                                 0x0800253b   Thumb Code    60  stm32f4xx_spi.o(i.SPI_Init)
    STM_EVAL_LEDInit                         0x08002579   Thumb Code    62  stm32f429i_discovery.o(i.STM_EVAL_LEDInit)
    STM_EVAL_PBGetState                      0x080025c5   Thumb Code    22  stm32f429i_discovery.o(i.STM_EVAL_PBGetState)
    STM_EVAL_PBInit                          0x080025e5   Thumb Code   142  stm32f429i_discovery.o(i.STM_EVAL_PBInit)
    SVC_Handler                              0x08002691   Thumb Code     2  stm32f4xx_it.o(i.SVC_Handler)
    SYSCFG_EXTILineConfig                    0x08002695   Thumb Code    60  stm32f4xx_syscfg.o(i.SYSCFG_EXTILineConfig)
    SysTick_Handler                          0x080027f9   Thumb Code     2  stm32f4xx_it.o(i.SysTick_Handler)
    SystemInit                               0x080027fd   Thumb Code    88  system_stm32f4xx.o(i.SystemInit)
    TIM3_IRQHandler                          0x08002865   Thumb Code     2  stm32f4xx_it.o(i.TIM3_IRQHandler)
    UsageFault_Handler                       0x08002867   Thumb Code     4  stm32f4xx_it.o(i.UsageFault_Handler)
    __0sprintf$6                             0x0800286d   Thumb Code    34  printf6.o(i.__0sprintf$6)
    __1sprintf$6                             0x0800286d   Thumb Code     0  printf6.o(i.__0sprintf$6)
    __2sprintf                               0x0800286d   Thumb Code     0  printf6.o(i.__0sprintf$6)
    __scatterload_copy                       0x08002895   Thumb Code    14  handlers.o(i.__scatterload_copy)
    __scatterload_null                       0x080028a3   Thumb Code     2  handlers.o(i.__scatterload_null)
    __scatterload_zeroinit                   0x080028a5   Thumb Code    14  handlers.o(i.__scatterload_zeroinit)
    external_button1_config                  0x08002c41   Thumb Code   114  main.o(i.external_button1_config)
    external_button2_config                  0x08002cb9   Thumb Code   116  main.o(i.external_button2_config)
    initValueTimeStamp                       0x08002d31   Thumb Code    48  main.o(i.initValueTimeStamp)
    main                                     0x08002d65   Thumb Code  1166  main.o(i.main)
    restartRTC                               0x080031f9   Thumb Code    56  main.o(i.restartRTC)
    sEE_Init                                 0x08003231   Thumb Code    86  stm32f429i_discovery_i2c_ee.o(i.sEE_Init)
    sEE_LowLevel_DMAConfig                   0x08003295   Thumb Code    56  stm32f429i_discovery.o(i.sEE_LowLevel_DMAConfig)
    sEE_LowLevel_Init                        0x080032d5   Thumb Code   316  stm32f429i_discovery.o(i.sEE_LowLevel_Init)
    sEE_ReadBuffer                           0x08003431   Thumb Code   538  stm32f429i_discovery_i2c_ee.o(i.sEE_ReadBuffer)
    sEE_TIMEOUT_UserCallback                 0x0800366d   Thumb Code     4  stm32f429i_discovery_i2c_ee.o(i.sEE_TIMEOUT_UserCallback)
    sEE_WaitEepromStandbyState               0x08003671   Thumb Code   212  stm32f429i_discovery_i2c_ee.o(i.sEE_WaitEepromStandbyState)
    sEE_WriteBuffer                          0x08003759   Thumb Code   692  stm32f429i_discovery_i2c_ee.o(i.sEE_WriteBuffer)
    sEE_WritePage                            0x08003a15   Thumb Code   276  stm32f429i_discovery_i2c_ee.o(i.sEE_WritePage)
    saveTimeStamp                            0x08003b45   Thumb Code    90  main.o(i.saveTimeStamp)
    setTimeAndDate                           0x08003ba5   Thumb Code    76  main.o(i.setTimeAndDate)
    showDate                                 0x08003c0d   Thumb Code   102  main.o(i.showDate)
    showTime                                 0x08003c91   Thumb Code    94  main.o(i.showTime)
    viewTimeStamp                            0x08003d09   Thumb Code   298  main.o(i.viewTimeStamp)
    GPIO_PIN                                 0x08003e60   Data           4  stm32f429i_discovery.o(.constdata)
    GPIO_CLK                                 0x08003e64   Data           8  stm32f429i_discovery.o(.constdata)
    BUTTON_PIN                               0x08003e6c   Data           2  stm32f429i_discovery.o(.constdata)
    BUTTON_CLK                               0x08003e70   Data           4  stm32f429i_discovery.o(.constdata)
    BUTTON_EXTI_LINE                         0x08003e74   Data           2  stm32f429i_discovery.o(.constdata)
    BUTTON_PORT_SOURCE                       0x08003e76   Data           1  stm32f429i_discovery.o(.constdata)
    BUTTON_PIN_SOURCE                        0x08003e77   Data           1  stm32f429i_discovery.o(.constdata)
    BUTTON_IRQn                              0x08003e78   Data           1  stm32f429i_discovery.o(.constdata)
    ASCII16x24_Table                         0x08003e7a   Data        4560  stm32f429i_discovery_lcd.o(.constdata)
    ASCII12x12_Table                         0x0800504a   Data        2304  stm32f429i_discovery_lcd.o(.constdata)
    ASCII8x12_Table                          0x0800594a   Data        2304  stm32f429i_discovery_lcd.o(.constdata)
    ASCII8x8_Table                           0x0800624a   Data        1536  stm32f429i_discovery_lcd.o(.constdata)
    Region$$Table$$Base                      0x0800684c   Number         0  anon$$obj.o(Region$$Table)
    Region$$Table$$Limit                     0x0800686c   Number         0  anon$$obj.o(Region$$Table)
    memLocation                              0x20000000   Data           2  main.o(.data)
    Tx1_Buffer                               0x20000002   Data           1  main.o(.data)
    Rx1_Buffer                               0x20000003   Data           1  main.o(.data)
    NumDataRead                              0x20000004   Data           2  main.o(.data)
    currentMode                              0x20000006   Data           1  main.o(.data)
    UBPressed                                0x20000007   Data           1  main.o(.data)
    extUBPressed1                            0x20000008   Data           1  main.o(.data)
    extUBPressed2                            0x20000009   Data           1  main.o(.data)
    line                                     0x2000000a   Data           2  main.o(.data)
    wd                                       0x2000000c   Data           1  main.o(.data)
    dd                                       0x2000000d   Data           1  main.o(.data)
    mo                                       0x2000000e   Data           1  main.o(.data)
    yy                                       0x2000000f   Data           1  main.o(.data)
    ss                                       0x20000010   Data           1  main.o(.data)
    mm                                       0x20000011   Data           1  main.o(.data)
    hh                                       0x20000012   Data           1  main.o(.data)
    sTicks                                   0x20000013   Data           1  stm32f4xx_it.o(.data)
    waitComplete                             0x20000014   Data           1  stm32f4xx_it.o(.data)
    GPIO_PORT                                0x20000028   Data           8  stm32f429i_discovery.o(.data)
    BUTTON_PORT                              0x20000030   Data           4  stm32f429i_discovery.o(.data)
    NVIC_InitStructure                       0x20000034   Data           4  stm32f429i_discovery.o(.data)
    Font16x24                                0x20000038   Data           8  stm32f429i_discovery_lcd.o(.data)
    Font12x12                                0x20000040   Data           8  stm32f429i_discovery_lcd.o(.data)
    Font8x12                                 0x20000048   Data           8  stm32f429i_discovery_lcd.o(.data)
    Font8x8                                  0x20000050   Data           8  stm32f429i_discovery_lcd.o(.data)
    sEEAddress                               0x20000068   Data           2  stm32f429i_discovery_i2c_ee.o(.data)
    sEETimeout                               0x2000006c   Data           4  stm32f429i_discovery_i2c_ee.o(.data)
    sEEDataReadPointer                       0x20000070   Data           4  stm32f429i_discovery_i2c_ee.o(.data)
    sEEDataWritePointer                      0x20000074   Data           4  stm32f429i_discovery_i2c_ee.o(.data)
    sEEDataNum                               0x20000078   Data           1  stm32f429i_discovery_i2c_ee.o(.data)
    sEEDMA_InitStructure                     0x2000007c   Data          60  stm32f429i_discovery.o(.bss)
    __initial_sp                             0x200004b8   Data           0  startup_stm32f429_439xx.o(STACK)



==============================================================================

Memory Map of the image

  Image Entry point : 0x080001ad

  Load Region LR_IROM1 (Base: 0x08000000, Size: 0x000068e8, Max: 0x00200000, ABSOLUTE)

    Execution Region ER_IROM1 (Base: 0x08000000, Size: 0x0000686c, Max: 0x00200000, ABSOLUTE)

    Base Addr    Size         Type   Attr      Idx    E Section Name        Object

    0x08000000   0x000001ac   Data   RO          394    RESET               startup_stm32f429_439xx.o
    0x080001ac   0x00000000   Code   RO         3788  * .ARM.Collect$$$$00000000  mc_w.l(entry.o)
    0x080001ac   0x00000004   Code   RO         4052    .ARM.Collect$$$$00000001  mc_w.l(entry2.o)
    0x080001b0   0x00000004   Code   RO         4055    .ARM.Collect$$$$00000004  mc_w.l(entry5.o)
    0x080001b4   0x00000000   Code   RO         4057    .ARM.Collect$$$$00000008  mc_w.l(entry7b.o)
    0x080001b4   0x00000000   Code   RO         4059    .ARM.Collect$$$$0000000A  mc_w.l(entry8b.o)
    0x080001b4   0x00000008   Code   RO         4060    .ARM.Collect$$$$0000000B  mc_w.l(entry9a.o)
    0x080001bc   0x00000000   Code   RO         4062    .ARM.Collect$$$$0000000D  mc_w.l(entry10a.o)
    0x080001bc   0x00000000   Code   RO         4064    .ARM.Collect$$$$0000000F  mc_w.l(entry11a.o)
    0x080001bc   0x00000004   Code   RO         4053    .ARM.Collect$$$$00002712  mc_w.l(entry2.o)
    0x080001c0   0x00000024   Code   RO          395    .text               startup_stm32f429_439xx.o
    0x080001e4   0x0000002c   Code   RO         4069    .text               mc_w.l(uidiv.o)
    0x08000210   0x00000024   Code   RO         4084    .text               mc_w.l(init.o)
    0x08000234   0x00000004   Code   RO          251    i.BusFault_Handler  stm32f4xx_it.o
    0x08000238   0x00000040   Code   RO         3719    i.DMA1_Stream2_IRQHandler  stm32f429i_discovery_i2c_ee.o
    0x08000278   0x0000006c   Code   RO         3720    i.DMA1_Stream4_IRQHandler  stm32f429i_discovery_i2c_ee.o
    0x080002e4   0x00000034   Code   RO          687    i.DMA_ClearFlag     stm32f4xx_dma.o
    0x08000318   0x00000016   Code   RO          689    i.DMA_Cmd           stm32f4xx_dma.o
    0x0800032e   0x00000002   PAD
    0x08000330   0x00000158   Code   RO          690    i.DMA_DeInit        stm32f4xx_dma.o
    0x08000488   0x00000044   Code   RO          698    i.DMA_GetFlagStatus  stm32f4xx_dma.o
    0x080004cc   0x0000003a   Code   RO          700    i.DMA_ITConfig      stm32f4xx_dma.o
    0x08000506   0x00000002   PAD
    0x08000508   0x00000058   Code   RO          701    i.DMA_Init          stm32f4xx_dma.o
    0x08000560   0x00000002   Code   RO          252    i.DebugMon_Handler  stm32f4xx_it.o
    0x08000562   0x00000002   PAD
    0x08000564   0x00000014   Code   RO          253    i.EXTI0_IRQHandler  stm32f4xx_it.o
    0x08000578   0x00000014   Code   RO          254    i.EXTI1_IRQHandler  stm32f4xx_it.o
    0x0800058c   0x00000014   Code   RO          255    i.EXTI3_IRQHandler  stm32f4xx_it.o
    0x080005a0   0x0000000c   Code   RO          944    i.EXTI_ClearITPendingBit  stm32f4xx_exti.o
    0x080005ac   0x00000094   Code   RO          949    i.EXTI_Init         stm32f4xx_exti.o
    0x08000640   0x00000048   Code   RO         1008    i.FMC_GetFlagStatus  stm32f4xx_fmc.o
    0x08000688   0x00000020   Code   RO         1025    i.FMC_SDRAMCmdConfig  stm32f4xx_fmc.o
    0x080006a8   0x000000f8   Code   RO         1027    i.FMC_SDRAMInit     stm32f4xx_fmc.o
    0x080007a0   0x00000018   Code   RO         1031    i.FMC_SetRefreshCount  stm32f4xx_fmc.o
    0x080007b8   0x00000090   Code   RO         1182    i.GPIO_Init         stm32f4xx_gpio.o
    0x08000848   0x00000046   Code   RO         1183    i.GPIO_PinAFConfig  stm32f4xx_gpio.o
    0x0800088e   0x00000012   Code   RO         1186    i.GPIO_ReadInputDataBit  stm32f4xx_gpio.o
    0x080008a0   0x00000004   Code   RO         1189    i.GPIO_ResetBits    stm32f4xx_gpio.o
    0x080008a4   0x00000004   Code   RO         1190    i.GPIO_SetBits      stm32f4xx_gpio.o
    0x080008a8   0x0000000a   Code   RO         1194    i.GPIO_WriteBit     stm32f4xx_gpio.o
    0x080008b2   0x00000004   Code   RO          256    i.HardFault_Handler  stm32f4xx_it.o
    0x080008b6   0x00000018   Code   RO         1280    i.I2C_AcknowledgeConfig  stm32f4xx_i2c.o
    0x080008ce   0x0000002a   Code   RO         1283    i.I2C_CheckEvent    stm32f4xx_i2c.o
    0x080008f8   0x0000000c   Code   RO         1284    i.I2C_ClearFlag     stm32f4xx_i2c.o
    0x08000904   0x00000018   Code   RO         1286    i.I2C_Cmd           stm32f4xx_i2c.o
    0x0800091c   0x00000018   Code   RO         1287    i.I2C_DMACmd        stm32f4xx_i2c.o
    0x08000934   0x00000018   Code   RO         1288    i.I2C_DMALastTransferCmd  stm32f4xx_i2c.o
    0x0800094c   0x00000018   Code   RO         1294    i.I2C_GenerateSTART  stm32f4xx_i2c.o
    0x08000964   0x00000018   Code   RO         1295    i.I2C_GenerateSTOP  stm32f4xx_i2c.o
    0x0800097c   0x0000003a   Code   RO         1296    i.I2C_GetFlagStatus  stm32f4xx_i2c.o
    0x080009b6   0x00000002   PAD
    0x080009b8   0x000000e8   Code   RO         1301    i.I2C_Init          stm32f4xx_i2c.o
    0x08000aa0   0x00000008   Code   RO         1306    i.I2C_ReceiveData   stm32f4xx_i2c.o
    0x08000aa8   0x00000010   Code   RO         1308    i.I2C_Send7bitAddress  stm32f4xx_i2c.o
    0x08000ab8   0x00000004   Code   RO         1309    i.I2C_SendData      stm32f4xx_i2c.o
    0x08000abc   0x00000168   Code   RO         3344    i.LCD_AF_GPIOConfig  stm32f429i_discovery_lcd.o
    0x08000c24   0x00000020   Code   RO         3345    i.LCD_ChipSelect    stm32f429i_discovery_lcd.o
    0x08000c44   0x00000020   Code   RO         3346    i.LCD_Clear         stm32f429i_discovery_lcd.o
    0x08000c64   0x0000003c   Code   RO         3347    i.LCD_ClearLine     stm32f429i_discovery_lcd.o
    0x08000ca0   0x00000050   Code   RO         3350    i.LCD_CtrlLinesConfig  stm32f429i_discovery_lcd.o
    0x08000cf0   0x00000014   Code   RO         3351    i.LCD_CtrlLinesWrite  stm32f429i_discovery_lcd.o
    0x08000d04   0x00000030   Code   RO         3353    i.LCD_DisplayChar   stm32f429i_discovery_lcd.o
    0x08000d34   0x00000028   Code   RO            3    i.LCD_DisplayInt    main.o
    0x08000d5c   0x0000004e   Code   RO            4    i.LCD_DisplayString  main.o
    0x08000daa   0x00000002   PAD
    0x08000dac   0x000000d8   Code   RO         3357    i.LCD_DrawChar      stm32f429i_discovery_lcd.o
    0x08000e84   0x0000000c   Code   RO         3370    i.LCD_GetFont       stm32f429i_discovery_lcd.o
    0x08000e90   0x0000009a   Code   RO         3371    i.LCD_Init          stm32f429i_discovery_lcd.o
    0x08000f2a   0x00000002   PAD
    0x08000f2c   0x000000a4   Code   RO         3372    i.LCD_LayerInit     stm32f429i_discovery_lcd.o
    0x08000fd0   0x0000028c   Code   RO         3376    i.LCD_PowerOn       stm32f429i_discovery_lcd.o
    0x0800125c   0x000000d4   Code   RO         3378    i.LCD_SPIConfig     stm32f429i_discovery_lcd.o
    0x08001330   0x0000000c   Code   RO         3384    i.LCD_SetFont       stm32f429i_discovery_lcd.o
    0x0800133c   0x0000002c   Code   RO         3385    i.LCD_SetLayer      stm32f429i_discovery_lcd.o
    0x08001368   0x0000000c   Code   RO         3386    i.LCD_SetTextColor  stm32f429i_discovery_lcd.o
    0x08001374   0x0000004c   Code   RO         3391    i.LCD_WriteCommand  stm32f429i_discovery_lcd.o
    0x080013c0   0x00000048   Code   RO         3392    i.LCD_WriteData     stm32f429i_discovery_lcd.o
    0x08001408   0x00000024   Code   RO         1508    i.LTDC_Cmd          stm32f4xx_ltdc.o
    0x0800142c   0x00000024   Code   RO         1512    i.LTDC_DitherCmd    stm32f4xx_ltdc.o
    0x08001450   0x00000188   Code   RO         1519    i.LTDC_Init         stm32f4xx_ltdc.o
    0x080015d8   0x00000016   Code   RO         1523    i.LTDC_LayerCmd     stm32f4xx_ltdc.o
    0x080015ee   0x00000114   Code   RO         1524    i.LTDC_LayerInit    stm32f4xx_ltdc.o
    0x08001702   0x00000002   PAD
    0x08001704   0x0000000c   Code   RO         1531    i.LTDC_ReloadConfig  stm32f4xx_ltdc.o
    0x08001710   0x00000004   Code   RO          257    i.MemManage_Handler  stm32f4xx_it.o
    0x08001714   0x00000002   Code   RO          258    i.NMI_Handler       stm32f4xx_it.o
    0x08001716   0x00000002   PAD
    0x08001718   0x00000078   Code   RO          401    i.NVIC_Init         misc.o
    0x08001790   0x0000000c   Code   RO            5    i.PB_Config         main.o
    0x0800179c   0x0000000c   Code   RO         3161    i.PWR_BackupAccessCmd  stm32f4xx_pwr.o
    0x080017a8   0x00000002   Code   RO          259    i.PendSV_Handler    stm32f4xx_it.o
    0x080017aa   0x00000002   PAD
    0x080017ac   0x00000020   Code   RO         1697    i.RCC_AHB1PeriphClockCmd  stm32f4xx_rcc.o
    0x080017cc   0x00000020   Code   RO         1703    i.RCC_AHB3PeriphClockCmd  stm32f4xx_rcc.o
    0x080017ec   0x00000020   Code   RO         1706    i.RCC_APB1PeriphClockCmd  stm32f4xx_rcc.o
    0x0800180c   0x00000020   Code   RO         1708    i.RCC_APB1PeriphResetCmd  stm32f4xx_rcc.o
    0x0800182c   0x00000020   Code   RO         1709    i.RCC_APB2PeriphClockCmd  stm32f4xx_rcc.o
    0x0800184c   0x00000020   Code   RO         1711    i.RCC_APB2PeriphResetCmd  stm32f4xx_rcc.o
    0x0800186c   0x000000e8   Code   RO         1718    i.RCC_GetClocksFreq  stm32f4xx_rcc.o
    0x08001954   0x00000040   Code   RO         1719    i.RCC_GetFlagStatus  stm32f4xx_rcc.o
    0x08001994   0x0000000c   Code   RO         1728    i.RCC_LSICmd        stm32f4xx_rcc.o
    0x080019a0   0x00000018   Code   RO         1729    i.RCC_LTDCCLKDivConfig  stm32f4xx_rcc.o
    0x080019b8   0x0000000c   Code   RO         1738    i.RCC_PLLSAICmd     stm32f4xx_rcc.o
    0x080019c4   0x00000018   Code   RO         1739    i.RCC_PLLSAIConfig  stm32f4xx_rcc.o
    0x080019dc   0x0000000c   Code   RO         1740    i.RCC_RTCCLKCmd     stm32f4xx_rcc.o
    0x080019e8   0x0000003c   Code   RO         1741    i.RCC_RTCCLKConfig  stm32f4xx_rcc.o
    0x08001a24   0x0000006c   Code   RO            6    i.RTC_AlarmAConfig  main.o
    0x08001a90   0x00000074   Code   RO         2807    i.RTC_AlarmCmd      stm32f4xx_rtc.o
    0x08001b04   0x00000050   Code   RO          260    i.RTC_Alarm_IRQHandler  stm32f4xx_it.o
    0x08001b54   0x00000016   Code   RO         2810    i.RTC_Bcd2ToByte    stm32f4xx_rtc.o
    0x08001b6a   0x0000001c   Code   RO         2812    i.RTC_ByteToBcd2    stm32f4xx_rtc.o
    0x08001b86   0x00000002   PAD
    0x08001b88   0x0000001c   Code   RO         2815    i.RTC_ClearFlag     stm32f4xx_rtc.o
    0x08001ba4   0x00000020   Code   RO         2816    i.RTC_ClearITPendingBit  stm32f4xx_rtc.o
    0x08001bc4   0x00000076   Code   RO            7    i.RTC_Config        main.o
    0x08001c3a   0x00000002   PAD
    0x08001c3c   0x00000050   Code   RO         2822    i.RTC_EnterInitMode  stm32f4xx_rtc.o
    0x08001c8c   0x00000014   Code   RO         2823    i.RTC_ExitInitMode  stm32f4xx_rtc.o
    0x08001ca0   0x0000004c   Code   RO         2826    i.RTC_GetDate       stm32f4xx_rtc.o
    0x08001cec   0x00000040   Code   RO         2828    i.RTC_GetITStatus   stm32f4xx_rtc.o
    0x08001d2c   0x00000050   Code   RO         2831    i.RTC_GetTime       stm32f4xx_rtc.o
    0x08001d7c   0x00000064   Code   RO         2835    i.RTC_ITConfig      stm32f4xx_rtc.o
    0x08001de0   0x00000064   Code   RO         2836    i.RTC_Init          stm32f4xx_rtc.o
    0x08001e44   0x000000ec   Code   RO         2841    i.RTC_SetAlarm      stm32f4xx_rtc.o
    0x08001f30   0x000000c8   Code   RO         2842    i.RTC_SetDate       stm32f4xx_rtc.o
    0x08001ff8   0x000000d0   Code   RO         2843    i.RTC_SetTime       stm32f4xx_rtc.o
    0x080020c8   0x00000060   Code   RO         2859    i.RTC_WaitForSynchro  stm32f4xx_rtc.o
    0x08002128   0x00000204   Code   RO         3670    i.SDRAM_GPIOConfig  stm32f429i_discovery_sdram.o
    0x0800232c   0x00000068   Code   RO         3671    i.SDRAM_Init        stm32f429i_discovery_sdram.o
    0x08002394   0x000000c8   Code   RO         3672    i.SDRAM_InitSequence  stm32f429i_discovery_sdram.o
    0x0800245c   0x00000018   Code   RO         2031    i.SPI_Cmd           stm32f4xx_spi.o
    0x08002474   0x000000b0   Code   RO         2038    i.SPI_I2S_DeInit    stm32f4xx_spi.o
    0x08002524   0x00000012   Code   RO         2039    i.SPI_I2S_GetFlagStatus  stm32f4xx_spi.o
    0x08002536   0x00000004   Code   RO         2043    i.SPI_I2S_SendData  stm32f4xx_spi.o
    0x0800253a   0x0000003c   Code   RO         2044    i.SPI_Init          stm32f4xx_spi.o
    0x08002576   0x00000002   PAD
    0x08002578   0x0000004c   Code   RO         3271    i.STM_EVAL_LEDInit  stm32f429i_discovery.o
    0x080025c4   0x00000020   Code   RO         3275    i.STM_EVAL_PBGetState  stm32f429i_discovery.o
    0x080025e4   0x000000ac   Code   RO         3276    i.STM_EVAL_PBInit   stm32f429i_discovery.o
    0x08002690   0x00000002   Code   RO          261    i.SVC_Handler       stm32f4xx_it.o
    0x08002692   0x00000002   PAD
    0x08002694   0x00000040   Code   RO         2192    i.SYSCFG_EXTILineConfig  stm32f4xx_syscfg.o
    0x080026d4   0x00000124   Code   RO          357    i.SetSysClock       system_stm32f4xx.o
    0x080027f8   0x00000002   Code   RO          262    i.SysTick_Handler   stm32f4xx_it.o
    0x080027fa   0x00000002   PAD
    0x080027fc   0x00000068   Code   RO          359    i.SystemInit        system_stm32f4xx.o
    0x08002864   0x00000002   Code   RO          263    i.TIM3_IRQHandler   stm32f4xx_it.o
    0x08002866   0x00000004   Code   RO          264    i.UsageFault_Handler  stm32f4xx_it.o
    0x0800286a   0x00000002   PAD
    0x0800286c   0x00000028   Code   RO         3948    i.__0sprintf$6      mc_w.l(printf6.o)
    0x08002894   0x0000000e   Code   RO         4098    i.__scatterload_copy  mc_w.l(handlers.o)
    0x080028a2   0x00000002   Code   RO         4099    i.__scatterload_null  mc_w.l(handlers.o)
    0x080028a4   0x0000000e   Code   RO         4100    i.__scatterload_zeroinit  mc_w.l(handlers.o)
    0x080028b2   0x00000002   PAD
    0x080028b4   0x000002f0   Code   RO         3953    i._printf_core      mc_w.l(printf6.o)
    0x08002ba4   0x00000024   Code   RO         3954    i._printf_post_padding  mc_w.l(printf6.o)
    0x08002bc8   0x0000002e   Code   RO         3955    i._printf_pre_padding  mc_w.l(printf6.o)
    0x08002bf6   0x0000000a   Code   RO         3957    i._sputc            mc_w.l(printf6.o)
    0x08002c00   0x0000001c   Code   RO         3394    i.delay             stm32f429i_discovery_lcd.o
    0x08002c1c   0x00000024   Code   RO         3675    i.delay             stm32f429i_discovery_sdram.o
    0x08002c40   0x00000078   Code   RO            8    i.external_button1_config  main.o
    0x08002cb8   0x00000078   Code   RO            9    i.external_button2_config  main.o
    0x08002d30   0x00000034   Code   RO           10    i.initValueTimeStamp  main.o
    0x08002d64   0x00000494   Code   RO           11    i.main              main.o
    0x080031f8   0x00000038   Code   RO           12    i.restartRTC        main.o
    0x08003230   0x00000064   Code   RO         3722    i.sEE_Init          stm32f429i_discovery_i2c_ee.o
    0x08003294   0x00000040   Code   RO         3277    i.sEE_LowLevel_DMAConfig  stm32f429i_discovery.o
    0x080032d4   0x0000015c   Code   RO         3279    i.sEE_LowLevel_Init  stm32f429i_discovery.o
    0x08003430   0x0000023c   Code   RO         3723    i.sEE_ReadBuffer    stm32f429i_discovery_i2c_ee.o
    0x0800366c   0x00000004   Code   RO         3724    i.sEE_TIMEOUT_UserCallback  stm32f429i_discovery_i2c_ee.o
    0x08003670   0x000000e8   Code   RO         3725    i.sEE_WaitEepromStandbyState  stm32f429i_discovery_i2c_ee.o
    0x08003758   0x000002bc   Code   RO         3726    i.sEE_WriteBuffer   stm32f429i_discovery_i2c_ee.o
    0x08003a14   0x00000130   Code   RO         3727    i.sEE_WritePage     stm32f429i_discovery_i2c_ee.o
    0x08003b44   0x00000060   Code   RO           13    i.saveTimeStamp     main.o
    0x08003ba4   0x00000068   Code   RO           14    i.setTimeAndDate    main.o
    0x08003c0c   0x00000084   Code   RO           15    i.showDate          main.o
    0x08003c90   0x00000078   Code   RO           16    i.showTime          main.o
    0x08003d08   0x00000158   Code   RO           17    i.viewTimeStamp     main.o
    0x08003e60   0x00000019   Data   RO         3281    .constdata          stm32f429i_discovery.o
    0x08003e79   0x00000001   PAD
    0x08003e7a   0x000029d0   Data   RO         3395    .constdata          stm32f429i_discovery_lcd.o
    0x0800684a   0x00000002   PAD
    0x0800684c   0x00000020   Data   RO         4096    Region$$Table       anon$$obj.o


    Execution Region RW_IRAM1 (Base: 0x20000000, Size: 0x000004b8, Max: 0x00030000, ABSOLUTE)

    Base Addr    Size         Type   Attr      Idx    E Section Name        Object

    0x20000000   0x00000013   Data   RW           18    .data               main.o
    0x20000013   0x00000002   Data   RW          265    .data               stm32f4xx_it.o
    0x20000015   0x00000010   Data   RW         1749    .data               stm32f4xx_rcc.o
    0x20000025   0x00000003   PAD
    0x20000028   0x00000010   Data   RW         3282    .data               stm32f429i_discovery.o
    0x20000038   0x00000030   Data   RW         3396    .data               stm32f429i_discovery_lcd.o
    0x20000068   0x00000011   Data   RW         3728    .data               stm32f429i_discovery_i2c_ee.o
    0x20000079   0x00000003   PAD
    0x2000007c   0x0000003c   Zero   RW         3280    .bss                stm32f429i_discovery.o
    0x200000b8   0x00000400   Zero   RW          392    STACK               startup_stm32f429_439xx.o


==============================================================================

Image component sizes


      Code (inc. data)   RO Data    RW Data    ZI Data      Debug   Object Name

      2672        226          0         19          0     344739   main.o
       120         14          0          0          0       1360   misc.o
        36          8        428          0       1024        848   startup_stm32f429_439xx.o
       692         94         25         16         60       5562   stm32f429i_discovery.o
      2084        142          0         17          0       8524   stm32f429i_discovery_i2c_ee.o
      2286        144      10704         48          0      17359   stm32f429i_discovery_lcd.o
       856         28          0          0          0       3917   stm32f429i_discovery_sdram.o
       632         54          0          0          0       6197   stm32f4xx_dma.o
       160         12          0          0          0       2005   stm32f4xx_exti.o
       376         20          0          0          0       4235   stm32f4xx_fmc.o
       250          0          0          0          0       5215   stm32f4xx_gpio.o
       516         14          0          0          0      10518   stm32f4xx_i2c.o
       168         28          0          2          0       7210   stm32f4xx_it.o
       774         32          0          0          0       5221   stm32f4xx_ltdc.o
        12          6          0          0          0        678   stm32f4xx_pwr.o
       632         98          0         16          0      12760   stm32f4xx_rcc.o
      1486         86          0          0          0      13874   stm32f4xx_rtc.o
       282         24          0          0          0       4517   stm32f4xx_spi.o
        64          4          0          0          0        800   stm32f4xx_syscfg.o
       396         34          0          0          0       1685   system_stm32f4xx.o

    ----------------------------------------------------------------------
     14524       1068      11192        124       1084     457224   Object Totals
         0          0         32          0          0          0   (incl. Generated)
        30          0          3          6          0          0   (incl. Padding)

    ----------------------------------------------------------------------

      Code (inc. data)   RO Data    RW Data    ZI Data      Debug   Library Member Name

         0          0          0          0          0          0   entry.o
         0          0          0          0          0          0   entry10a.o
         0          0          0          0          0          0   entry11a.o
         8          4          0          0          0          0   entry2.o
         4          0          0          0          0          0   entry5.o
         0          0          0          0          0          0   entry7b.o
         0          0          0          0          0          0   entry8b.o
         8          4          0          0          0          0   entry9a.o
        30          0          0          0          0          0   handlers.o
        36          8          0          0          0         68   init.o
       884         10          0          0          0        420   printf6.o
        44          0          0          0          0         80   uidiv.o

    ----------------------------------------------------------------------
      1016         26          0          0          0        568   Library Totals
         2          0          0          0          0          0   (incl. Padding)

    ----------------------------------------------------------------------

      Code (inc. data)   RO Data    RW Data    ZI Data      Debug   Library Name

      1014         26          0          0          0        568   mc_w.l

    ----------------------------------------------------------------------
      1016         26          0          0          0        568   Library Totals

    ----------------------------------------------------------------------

==============================================================================


      Code (inc. data)   RO Data    RW Data    ZI Data      Debug   

     15540       1094      11192        124       1084     444188   Grand Totals
     15540       1094      11192        124       1084     444188   ELF Image Totals
     15540       1094      11192        124          0          0   ROM Totals

==============================================================================

    Total RO  Size (Code + RO Data)                26732 (  26.11kB)
    Total RW  Size (RW Data + ZI Data)              1208 (   1.18kB)
    Total ROM Size (Code + RO Data + RW Data)      26856 (  26.23kB)

==============================================================================

