Component: ARM Compiler 5.06 update 4 (build 422) Tool: armlink [4d35d2]

==============================================================================

Section Cross References

    main.o(i.ADC_Config) refers to stm32f4xx_rcc.o(i.RCC_APB2PeriphClockCmd) for RCC_APB2PeriphClockCmd
    main.o(i.ADC_Config) refers to stm32f4xx_rcc.o(i.RCC_AHB1PeriphClockCmd) for RCC_AHB1PeriphClockCmd
    main.o(i.ADC_Config) refers to stm32f4xx_gpio.o(i.GPIO_Init) for GPIO_Init
    main.o(i.ADC_Config) refers to stm32f4xx_adc.o(i.ADC_CommonInit) for ADC_CommonInit
    main.o(i.ADC_Config) refers to stm32f4xx_adc.o(i.ADC_Init) for ADC_Init
    main.o(i.ADC_Config) refers to stm32f4xx_adc.o(i.ADC_RegularChannelConfig) for ADC_RegularChannelConfig
    main.o(i.ADC_Config) refers to stm32f4xx_adc.o(i.ADC_DMARequestAfterLastTransferCmd) for ADC_DMARequestAfterLastTransferCmd
    main.o(i.ADC_Config) refers to stm32f4xx_adc.o(i.ADC_DMACmd) for ADC_DMACmd
    main.o(i.ADC_Config) refers to stm32f4xx_adc.o(i.ADC_Cmd) for ADC_Cmd
    main.o(i.DMA_Config) refers to stm32f4xx_rcc.o(i.RCC_AHB1PeriphClockCmd) for RCC_AHB1PeriphClockCmd
    main.o(i.DMA_Config) refers to stm32f4xx_dma.o(i.DMA_Init) for DMA_Init
    main.o(i.DMA_Config) refers to stm32f4xx_dma.o(i.DMA_Cmd) for DMA_Cmd
    main.o(i.DMA_Config) refers to main.o(.data) for ADC3ConvertedValue
    main.o(i.LCD_DisplayFloat) refers to f2d.o(.text) for __aeabi_f2d
    main.o(i.LCD_DisplayFloat) refers to printfa.o(i.__0sprintf) for __2sprintf
    main.o(i.LCD_DisplayFloat) refers to main.o(i.LCD_DisplayString) for LCD_DisplayString
    main.o(i.LCD_DisplayInt) refers to printfa.o(i.__0sprintf) for __2sprintf
    main.o(i.LCD_DisplayInt) refers to main.o(i.LCD_DisplayString) for LCD_DisplayString
    main.o(i.LCD_DisplayString) refers to stm32f429i_discovery_lcd.o(i.LCD_GetFont) for LCD_GetFont
    main.o(i.LCD_DisplayString) refers to stm32f429i_discovery_lcd.o(i.LCD_DisplayChar) for LCD_DisplayChar
    main.o(i.LED_Config) refers to stm32f429i_discovery.o(i.STM_EVAL_LEDInit) for STM_EVAL_LEDInit
    main.o(i.PB_Config) refers to stm32f429i_discovery.o(i.STM_EVAL_PBInit) for STM_EVAL_PBInit
    main.o(i.PWM_Config) refers to main.o(i.TIM3_Config) for TIM3_Config
    main.o(i.PWM_Config) refers to main.o(i.TIM3_OCConfig) for TIM3_OCConfig
    main.o(i.PWM_Config) refers to main.o(i.TIM3_PinConfig) for TIM3_PinConfig
    main.o(i.TIM2_Config) refers to stm32f4xx_rcc.o(i.RCC_APB1PeriphClockCmd) for RCC_APB1PeriphClockCmd
    main.o(i.TIM2_Config) refers to misc.o(i.NVIC_Init) for NVIC_Init
    main.o(i.TIM2_Config) refers to stm32f4xx_tim.o(i.TIM_TimeBaseInit) for TIM_TimeBaseInit
    main.o(i.TIM2_Config) refers to main.o(.data) for PrescalerValueTIM2
    main.o(i.TIM2_OCConfig) refers to stm32f4xx_tim.o(i.TIM_OC1Init) for TIM_OC1Init
    main.o(i.TIM2_OCConfig) refers to stm32f4xx_tim.o(i.TIM_OC1PreloadConfig) for TIM_OC1PreloadConfig
    main.o(i.TIM2_OCConfig) refers to main.o(.data) for CCR1_Val
    main.o(i.TIM3_Config) refers to stm32f4xx_rcc.o(i.RCC_APB1PeriphClockCmd) for RCC_APB1PeriphClockCmd
    main.o(i.TIM3_Config) refers to stm32f4xx_tim.o(i.TIM_TimeBaseInit) for TIM_TimeBaseInit
    main.o(i.TIM3_Config) refers to stm32f4xx_tim.o(i.TIM_ARRPreloadConfig) for TIM_ARRPreloadConfig
    main.o(i.TIM3_Config) refers to stm32f4xx_tim.o(i.TIM_Cmd) for TIM_Cmd
    main.o(i.TIM3_Config) refers to main.o(.data) for TIM3_ARR
    main.o(i.TIM3_OCConfig) refers to stm32f4xx_tim.o(i.TIM_OC2Init) for TIM_OC2Init
    main.o(i.TIM3_OCConfig) refers to stm32f4xx_tim.o(i.TIM_OC2PreloadConfig) for TIM_OC2PreloadConfig
    main.o(i.TIM3_OCConfig) refers to main.o(.data) for TIM3_CCR
    main.o(i.TIM3_PinConfig) refers to stm32f4xx_rcc.o(i.RCC_APB1PeriphClockCmd) for RCC_APB1PeriphClockCmd
    main.o(i.TIM3_PinConfig) refers to stm32f4xx_rcc.o(i.RCC_AHB1PeriphClockCmd) for RCC_AHB1PeriphClockCmd
    main.o(i.TIM3_PinConfig) refers to stm32f4xx_gpio.o(i.GPIO_Init) for GPIO_Init
    main.o(i.TIM3_PinConfig) refers to stm32f4xx_gpio.o(i.GPIO_PinAFConfig) for GPIO_PinAFConfig
    main.o(i.external_button1_config) refers to stm32f4xx_rcc.o(i.RCC_AHB1PeriphClockCmd) for RCC_AHB1PeriphClockCmd
    main.o(i.external_button1_config) refers to stm32f4xx_rcc.o(i.RCC_APB2PeriphClockCmd) for RCC_APB2PeriphClockCmd
    main.o(i.external_button1_config) refers to stm32f4xx_gpio.o(i.GPIO_Init) for GPIO_Init
    main.o(i.external_button1_config) refers to stm32f4xx_syscfg.o(i.SYSCFG_EXTILineConfig) for SYSCFG_EXTILineConfig
    main.o(i.external_button1_config) refers to stm32f4xx_exti.o(i.EXTI_Init) for EXTI_Init
    main.o(i.external_button1_config) refers to misc.o(i.NVIC_Init) for NVIC_Init
    main.o(i.external_button2_config) refers to stm32f4xx_rcc.o(i.RCC_AHB1PeriphClockCmd) for RCC_AHB1PeriphClockCmd
    main.o(i.external_button2_config) refers to stm32f4xx_rcc.o(i.RCC_APB2PeriphClockCmd) for RCC_APB2PeriphClockCmd
[...]
    Removing stm32f4xx_spi.o(i.SPI_I2S_ClearITPendingBit), (20 bytes).
    Removing stm32f4xx_spi.o(i.SPI_I2S_DMACmd), (18 bytes).
    Removing stm32f4xx_spi.o(i.SPI_I2S_GetITStatus), (52 bytes).
    Removing stm32f4xx_spi.o(i.SPI_I2S_ITConfig), (32 bytes).
    Removing stm32f4xx_spi.o(i.SPI_I2S_ReceiveData), (6 bytes).
    Removing stm32f4xx_spi.o(i.SPI_NSSInternalSoftwareConfig), (30 bytes).
    Removing stm32f4xx_spi.o(i.SPI_SSOutputCmd), (24 bytes).
    Removing stm32f4xx_spi.o(i.SPI_StructInit), (24 bytes).
    Removing stm32f4xx_spi.o(i.SPI_TIModeCmd), (24 bytes).
    Removing stm32f4xx_spi.o(i.SPI_TransmitCRC), (10 bytes).
    Removing stm32f4xx_pwr.o(.rev16_text), (4 bytes).
    Removing stm32f4xx_pwr.o(.revsh_text), (4 bytes).
    Removing stm32f4xx_pwr.o(i.PWR_BackupAccessCmd), (12 bytes).
    Removing stm32f4xx_pwr.o(i.PWR_BackupRegulatorCmd), (12 bytes).
    Removing stm32f4xx_pwr.o(i.PWR_ClearFlag), (40 bytes).
    Removing stm32f4xx_pwr.o(i.PWR_DeInit), (22 bytes).
    Removing stm32f4xx_pwr.o(i.PWR_EnterSTANDBYMode), (52 bytes).
    Removing stm32f4xx_pwr.o(i.PWR_EnterSTOPMode), (68 bytes).
    Removing stm32f4xx_pwr.o(i.PWR_EnterUnderDriveSTOPMode), (68 bytes).
    Removing stm32f4xx_pwr.o(i.PWR_FlashPowerDownCmd), (12 bytes).
    Removing stm32f4xx_pwr.o(i.PWR_GetFlagStatus), (24 bytes).
    Removing stm32f4xx_pwr.o(i.PWR_MainRegulatorModeConfig), (24 bytes).
    Removing stm32f4xx_pwr.o(i.PWR_OverDriveCmd), (12 bytes).
    Removing stm32f4xx_pwr.o(i.PWR_OverDriveSWCmd), (12 bytes).
    Removing stm32f4xx_pwr.o(i.PWR_PVDCmd), (12 bytes).
    Removing stm32f4xx_pwr.o(i.PWR_PVDLevelConfig), (24 bytes).
    Removing stm32f4xx_pwr.o(i.PWR_UnderDriveCmd), (36 bytes).
    Removing stm32f4xx_pwr.o(i.PWR_WakeUpPinCmd), (12 bytes).
    Removing stm32f4xx_fmc.o(.rev16_text), (4 bytes).
    Removing stm32f4xx_fmc.o(.revsh_text), (4 bytes).
    Removing stm32f4xx_fmc.o(i.FMC_ClearFlag), (88 bytes).
    Removing stm32f4xx_fmc.o(i.FMC_ClearITPendingBit), (96 bytes).
    Removing stm32f4xx_fmc.o(i.FMC_GetECC), (28 bytes).
    Removing stm32f4xx_fmc.o(i.FMC_GetITStatus), (100 bytes).
    Removing stm32f4xx_fmc.o(i.FMC_GetModeStatus), (32 bytes).
    Removing stm32f4xx_fmc.o(i.FMC_ITConfig), (176 bytes).
    Removing stm32f4xx_fmc.o(i.FMC_NANDCmd), (92 bytes).
    Removing stm32f4xx_fmc.o(i.FMC_NANDDeInit), (68 bytes).
    Removing stm32f4xx_fmc.o(i.FMC_NANDECCCmd), (92 bytes).
    Removing stm32f4xx_fmc.o(i.FMC_NANDInit), (136 bytes).
    Removing stm32f4xx_fmc.o(i.FMC_NANDStructInit), (58 bytes).
    Removing stm32f4xx_fmc.o(i.FMC_NORSRAMCmd), (52 bytes).
    Removing stm32f4xx_fmc.o(i.FMC_NORSRAMDeInit), (54 bytes).
    Removing stm32f4xx_fmc.o(i.FMC_NORSRAMInit), (296 bytes).
    Removing stm32f4xx_fmc.o(i.FMC_NORSRAMStructInit), (120 bytes).
    Removing stm32f4xx_fmc.o(i.FMC_PCCARDCmd), (48 bytes).
    Removing stm32f4xx_fmc.o(i.FMC_PCCARDDeInit), (40 bytes).
    Removing stm32f4xx_fmc.o(i.FMC_PCCARDInit), (132 bytes).
    Removing stm32f4xx_fmc.o(i.FMC_PCCARDStructInit), (60 bytes).
    Removing stm32f4xx_fmc.o(i.FMC_SDRAMDeInit), (52 bytes).
    Removing stm32f4xx_fmc.o(i.FMC_SDRAMStructInit), (64 bytes).
    Removing stm32f4xx_fmc.o(i.FMC_SDRAMWriteProtectionConfig), (56 bytes).
    Removing stm32f4xx_fmc.o(i.FMC_SetAutoRefresh_Number), (24 bytes).
    Removing stm32f4xx_ltdc.o(.rev16_text), (4 bytes).
    Removing stm32f4xx_ltdc.o(.revsh_text), (4 bytes).
    Removing stm32f4xx_ltdc.o(i.LTDC_CLUTCmd), (32 bytes).
    Removing stm32f4xx_ltdc.o(i.LTDC_CLUTInit), (32 bytes).
    Removing stm32f4xx_ltdc.o(i.LTDC_CLUTStructInit), (12 bytes).
    Removing stm32f4xx_ltdc.o(i.LTDC_ClearFlag), (12 bytes).
    Removing stm32f4xx_ltdc.o(i.LTDC_ClearITPendingBit), (12 bytes).
    Removing stm32f4xx_ltdc.o(i.LTDC_ColorKeyingConfig), (68 bytes).
    Removing stm32f4xx_ltdc.o(i.LTDC_ColorKeyingStructInit), (10 bytes).
    Removing stm32f4xx_ltdc.o(i.LTDC_DeInit), (22 bytes).
    Removing stm32f4xx_ltdc.o(i.LTDC_GetCDStatus), (24 bytes).
    Removing stm32f4xx_ltdc.o(i.LTDC_GetFlagStatus), (24 bytes).
    Removing stm32f4xx_ltdc.o(i.LTDC_GetITStatus), (44 bytes).
    Removing stm32f4xx_ltdc.o(i.LTDC_GetPosStatus), (44 bytes).
    Removing stm32f4xx_ltdc.o(i.LTDC_GetRGBWidth), (64 bytes).
    Removing stm32f4xx_ltdc.o(i.LTDC_ITConfig), (32 bytes).
    Removing stm32f4xx_ltdc.o(i.LTDC_LIPConfig), (12 bytes).
    Removing stm32f4xx_ltdc.o(i.LTDC_LayerAddress), (4 bytes).
    Removing stm32f4xx_ltdc.o(i.LTDC_LayerAlpha), (4 bytes).
    Removing stm32f4xx_ltdc.o(i.LTDC_LayerPixelFormat), (106 bytes).
    Removing stm32f4xx_ltdc.o(i.LTDC_LayerPosition), (160 bytes).
    Removing stm32f4xx_ltdc.o(i.LTDC_LayerSize), (116 bytes).
    Removing stm32f4xx_ltdc.o(i.LTDC_LayerStructInit), (48 bytes).
    Removing stm32f4xx_ltdc.o(i.LTDC_PosStructInit), (8 bytes).
    Removing stm32f4xx_ltdc.o(i.LTDC_RGBStructInit), (10 bytes).
    Removing stm32f4xx_ltdc.o(i.LTDC_StructInit), (34 bytes).
    Removing stm32f4xx_i2c.o(.rev16_text), (4 bytes).
    Removing stm32f4xx_i2c.o(.revsh_text), (4 bytes).
    Removing stm32f4xx_i2c.o(i.I2C_ARPCmd), (24 bytes).
    Removing stm32f4xx_i2c.o(i.I2C_AcknowledgeConfig), (24 bytes).
    Removing stm32f4xx_i2c.o(i.I2C_AnalogFilterCmd), (24 bytes).
    Removing stm32f4xx_i2c.o(i.I2C_CalculatePEC), (24 bytes).
    Removing stm32f4xx_i2c.o(i.I2C_CheckEvent), (42 bytes).
    Removing stm32f4xx_i2c.o(i.I2C_ClearFlag), (12 bytes).
    Removing stm32f4xx_i2c.o(i.I2C_ClearITPendingBit), (12 bytes).
    Removing stm32f4xx_i2c.o(i.I2C_Cmd), (24 bytes).
    Removing stm32f4xx_i2c.o(i.I2C_DMACmd), (24 bytes).
    Removing stm32f4xx_i2c.o(i.I2C_DMALastTransferCmd), (24 bytes).
    Removing stm32f4xx_i2c.o(i.I2C_DeInit), (96 bytes).
    Removing stm32f4xx_i2c.o(i.I2C_DigitalFilterConfig), (22 bytes).
    Removing stm32f4xx_i2c.o(i.I2C_DualAddressCmd), (24 bytes).
    Removing stm32f4xx_i2c.o(i.I2C_FastModeDutyCycleConfig), (28 bytes).
    Removing stm32f4xx_i2c.o(i.I2C_GeneralCallCmd), (24 bytes).
    Removing stm32f4xx_i2c.o(i.I2C_GenerateSTART), (24 bytes).
    Removing stm32f4xx_i2c.o(i.I2C_GenerateSTOP), (24 bytes).
    Removing stm32f4xx_i2c.o(i.I2C_GetFlagStatus), (58 bytes).
    Removing stm32f4xx_i2c.o(i.I2C_GetITStatus), (38 bytes).
    Removing stm32f4xx_i2c.o(i.I2C_GetLastEvent), (26 bytes).
    Removing stm32f4xx_i2c.o(i.I2C_GetPEC), (8 bytes).
    Removing stm32f4xx_i2c.o(i.I2C_ITConfig), (18 bytes).
    Removing stm32f4xx_i2c.o(i.I2C_Init), (232 bytes).
    Removing stm32f4xx_i2c.o(i.I2C_NACKPositionConfig), (28 bytes).
    Removing stm32f4xx_i2c.o(i.I2C_OwnAddress2Config), (22 bytes).
    Removing stm32f4xx_i2c.o(i.I2C_PECPositionConfig), (28 bytes).
    Removing stm32f4xx_i2c.o(i.I2C_ReadRegister), (22 bytes).
    Removing stm32f4xx_i2c.o(i.I2C_ReceiveData), (8 bytes).
    Removing stm32f4xx_i2c.o(i.I2C_SMBusAlertConfig), (28 bytes).
    Removing stm32f4xx_i2c.o(i.I2C_Send7bitAddress), (16 bytes).
    Removing stm32f4xx_i2c.o(i.I2C_SendData), (4 bytes).
    Removing stm32f4xx_i2c.o(i.I2C_SoftwareResetCmd), (22 bytes).
    Removing stm32f4xx_i2c.o(i.I2C_StretchClockCmd), (24 bytes).
    Removing stm32f4xx_i2c.o(i.I2C_StructInit), (30 bytes).
    Removing stm32f4xx_i2c.o(i.I2C_TransmitPEC), (24 bytes).
    Removing startup_stm32f429_439xx.o(HEAP), (512 bytes).

441 unused section(s) (total 20492 bytes) removed from the image.

==============================================================================

Image Symbol Table

    Local Symbols

    Symbol Name                              Value     Ov Type        Size  Object(Section)

    ../clib/microlib/division.c              0x00000000   Number         0  uidiv.o ABSOLUTE
    ../clib/microlib/division.c              0x00000000   Number         0  uldiv.o ABSOLUTE
    ../clib/microlib/init/entry.s            0x00000000   Number         0  entry8a.o ABSOLUTE
    ../clib/microlib/init/entry.s            0x00000000   Number         0  entry7b.o ABSOLUTE
    ../clib/microlib/init/entry.s            0x00000000   Number         0  entry11b.o ABSOLUTE
    ../clib/microlib/init/entry.s            0x00000000   Number         0  entry5.o ABSOLUTE
    ../clib/microlib/init/entry.s            0x00000000   Number         0  entry10b.o ABSOLUTE
    ../clib/microlib/init/entry.s            0x00000000   Number         0  entry8b.o ABSOLUTE
    ../clib/microlib/init/entry.s            0x00000000   Number         0  entry9a.o ABSOLUTE
    ../clib/microlib/init/entry.s            0x00000000   Number         0  entry2.o ABSOLUTE
    ../clib/microlib/init/entry.s            0x00000000   Number         0  entry7a.o ABSOLUTE
    ../clib/microlib/init/entry.s            0x00000000   Number         0  entry9b.o ABSOLUTE
    ../clib/microlib/init/entry.s            0x00000000   Number         0  entry.o ABSOLUTE
    ../clib/microlib/init/entry.s            0x00000000   Number         0  entry10a.o ABSOLUTE
    ../clib/microlib/init/entry.s            0x00000000   Number         0  entry11a.o ABSOLUTE
    ../clib/microlib/longlong.c              0x00000000   Number         0  llsshr.o ABSOLUTE
    ../clib/microlib/longlong.c              0x00000000   Number         0  llushr.o ABSOLUTE
    ../clib/microlib/longlong.c              0x00000000   Number         0  llshl.o ABSOLUTE
    ../clib/microlib/printf/printf.c         0x00000000   Number         0  printf8.o ABSOLUTE
    ../clib/microlib/printf/printf.c         0x00000000   Number         0  printf7.o ABSOLUTE
    ../clib/microlib/printf/printf.c         0x00000000   Number         0  printf6.o ABSOLUTE
    ../clib/microlib/printf/printf.c         0x00000000   Number         0  printf4.o ABSOLUTE
    ../clib/microlib/printf/printf.c         0x00000000   Number         0  printf2.o ABSOLUTE
    ../clib/microlib/printf/printf.c         0x00000000   Number         0  printf1.o ABSOLUTE
    ../clib/microlib/printf/printf.c         0x00000000   Number         0  printf5.o ABSOLUTE
    ../clib/microlib/printf/printf.c         0x00000000   Number         0  printf0.o ABSOLUTE
    ../clib/microlib/printf/printf.c         0x00000000   Number         0  printfb.o ABSOLUTE
    ../clib/microlib/printf/printf.c         0x00000000   Number         0  printfa.o ABSOLUTE
    ../clib/microlib/printf/printf.c         0x00000000   Number         0  printf3.o ABSOLUTE
    ../clib/microlib/printf/stubs.s          0x00000000   Number         0  stubs.o ABSOLUTE
    ../clib/microlib/stdio/fputc.c           0x00000000   Number         0  fputc.o ABSOLUTE
    ../clib/microlib/stdio/semi.s            0x00000000   Number         0  semi.o ABSOLUTE
    ../clib/microlib/stdio/streams.c         0x00000000   Number         0  stdout.o ABSOLUTE
    ../clib/microlib/stubs.s                 0x00000000   Number         0  iusefp.o ABSOLUTE
    ../clib/microlib/stubs.s                 0x00000000   Number         0  iusesemip.o ABSOLUTE
    ../fplib/microlib/d2f.c                  0x00000000   Number         0  d2f.o ABSOLUTE
    ../fplib/microlib/f2d.c                  0x00000000   Number         0  f2d.o ABSOLUTE
    ../fplib/microlib/fpadd.c                0x00000000   Number         0  dadd.o ABSOLUTE
    ../fplib/microlib/fpdiv.c                0x00000000   Number         0  ddiv.o ABSOLUTE
    ../fplib/microlib/fpepilogue.c           0x00000000   Number         0  fepilogue.o ABSOLUTE
    ../fplib/microlib/fpepilogue.c           0x00000000   Number         0  depilogue.o ABSOLUTE
    ../fplib/microlib/fpfix.c                0x00000000   Number         0  dfixi.o ABSOLUTE
    ../fplib/microlib/fpfix.c                0x00000000   Number         0  dfixul.o ABSOLUTE
    ../fplib/microlib/fpflt.c                0x00000000   Number         0  dfltui.o ABSOLUTE
    ../fplib/microlib/fpmul.c                0x00000000   Number         0  dmul.o ABSOLUTE
    ..\STM32F429I-Discovery_FW_V1.0.1\Libraries\STM32F4xx_StdPeriph_Driver\src\misc.c 0x00000000   Number         0  misc.o ABSOLUTE
    ..\STM32F429I-Discovery_FW_V1.0.1\Libraries\STM32F4xx_StdPeriph_Driver\src\stm32f4xx_adc.c 0x00000000   Number         0  stm32f4xx_adc.o ABSOLUTE
    ..\STM32F429I-Discovery_FW_V1.0.1\Libraries\STM32F4xx_StdPeriph_Driver\src\stm32f4xx_dac.c 0x00000000   Number         0  stm32f4xx_dac.o ABSOLUTE
    ..\STM32F429I-Discovery_FW_V1.0.1\Libraries\STM32F4xx_StdPeriph_Driver\src\stm32f4xx_dma.c 0x00000000   Number         0  stm32f4xx_dma.o ABSOLUTE
    ..\STM32F429I-Discovery_FW_V1.0.1\Libraries\STM32F4xx_StdPeriph_Driver\src\stm32f4xx_dma2d.c 0x00000000   Number         0  stm32f4xx_dma2d.o ABSOLUTE
    ..\STM32F429I-Discovery_FW_V1.0.1\Libraries\STM32F4xx_StdPeriph_Driver\src\stm32f4xx_exti.c 0x00000000   Number         0  stm32f4xx_exti.o ABSOLUTE
    ..\STM32F429I-Discovery_FW_V1.0.1\Libraries\STM32F4xx_StdPeriph_Driver\src\stm32f4xx_fmc.c 0x00000000   Number         0  stm32f4xx_fmc.o ABSOLUTE
    ..\STM32F429I-Discovery_FW_V1.0.1\Libraries\STM32F4xx_StdPeriph_Driver\src\stm32f4xx_gpio.c 0x00000000   Number         0  stm32f4xx_gpio.o ABSOLUTE
    ..\STM32F429I-Discovery_FW_V1.0.1\Libraries\STM32F4xx_StdPeriph_Driver\src\stm32f4xx_i2c.c 0x00000000   Number         0  stm32f4xx_i2c.o ABSOLUTE
    ..\STM32F429I-Discovery_FW_V1.0.1\Libraries\STM32F4xx_StdPeriph_Driver\src\stm32f4xx_ltdc.c 0x00000000   Number         0  stm32f4xx_ltdc.o ABSOLUTE
    ..\STM32F429I-Discovery_FW_V1.0.1\Libraries\STM32F4xx_StdPeriph_Driver\src\stm32f4xx_pwr.c 0x00000000   Number         0  stm32f4xx_pwr.o ABSOLUTE
    ..\STM32F429I-Discovery_FW_V1.0.1\Libraries\STM32F4xx_StdPeriph_Driver\src\stm32f4xx_rcc.c 0x00000000   Number         0  stm32f4xx_rcc.o ABSOLUTE
    ..\STM32F429I-Discovery_FW_V1.0.1\Libraries\STM32F4xx_StdPeriph_Driver\src\stm32f4xx_spi.c 0x00000000   Number         0  stm32f4xx_spi.o ABSOLUTE
    ..\STM32F429I-Discovery_FW_V1.0.1\Libraries\STM32F4xx_StdPeriph_Driver\src\stm32f4xx_syscfg.c 0x00000000   Number         0  stm32f4xx_syscfg.o ABSOLUTE
    ..\STM32F429I-Discovery_FW_V1.0.1\Libraries\STM32F4xx_StdPeriph_Driver\src\stm32f4xx_tim.c 0x00000000   Number         0  stm32f4xx_tim.o ABSOLUTE
    ..\STM32F429I-Discovery_FW_V1.0.1\Utilities\STM32F429I-Discovery\stm32f429i_discovery.c 0x00000000   Number         0  stm32f429i_discovery.o ABSOLUTE
    ..\STM32F429I-Discovery_FW_V1.0.1\Utilities\STM32F429I-Discovery\stm32f429i_discovery_lcd.c 0x00000000   Number         0  stm32f429i_discovery_lcd.o ABSOLUTE
    ..\STM32F429I-Discovery_FW_V1.0.1\Utilities\STM32F429I-Discovery\stm32f429i_discovery_sdram.c 0x00000000   Number         0  stm32f429i_discovery_sdram.o ABSOLUTE
    ..\\STM32F429I-Discovery_FW_V1.0.1\\Libraries\\STM32F4xx_StdPeriph_Driver\\src\\misc.c 0x00000000   Number         0  misc.o ABSOLUTE
    ..\\STM32F429I-Discovery_FW_V1.0.1\\Libraries\\STM32F4xx_StdPeriph_Driver\\src\\stm32f4xx_adc.c 0x00000000   Number         0  stm32f4xx_adc.o ABSOLUTE
    ..\\STM32F429I-Discovery_FW_V1.0.1\\Libraries\\STM32F4xx_StdPeriph_Driver\\src\\stm32f4xx_dac.c 0x00000000   Number         0  stm32f4xx_dac.o ABSOLUTE
    ..\\STM32F429I-Discovery_FW_V1.0.1\\Libraries\\STM32F4xx_StdPeriph_Driver\\src\\stm32f4xx_dma.c 0x00000000   Number         0  stm32f4xx_dma.o ABSOLUTE
    ..\\STM32F429I-Discovery_FW_V1.0.1\\Libraries\\STM32F4xx_StdPeriph_Driver\\src\\stm32f4xx_dma2d.c 0x00000000   Number         0  stm32f4xx_dma2d.o ABSOLUTE
    ..\\STM32F429I-Discovery_FW_V1.0.1\\Libraries\\STM32F4xx_StdPeriph_Driver\\src\\stm32f4xx_exti.c 0x00000000   Number         0  stm32f4xx_exti.o ABSOLUTE
    ..\\STM32F429I-Discovery_FW_V1.0.1\\Libraries\\STM32F4xx_StdPeriph_Driver\\src\\stm32f4xx_fmc.c 0x00000000   Number         0  stm32f4xx_fmc.o ABSOLUTE
    ..\\STM32F429I-Discovery_FW_V1.0.1\\Libraries\\STM32F4xx_StdPeriph_Driver\\src\\stm32f4xx_gpio.c 0x00000000   Number         0  stm32f4xx_gpio.o ABSOLUTE
    ..\\STM32F429I-Discovery_FW_V1.0.1\\Libraries\\STM32F4xx_StdPeriph_Driver\\src\\stm32f4xx_i2c.c 0x00000000   Number         0  stm32f4xx_i2c.o ABSOLUTE
    ..\\STM32F429I-Discovery_FW_V1.0.1\\Libraries\\STM32F4xx_StdPeriph_Driver\\src\\stm32f4xx_ltdc.c 0x00000000   Number         0  stm32f4xx_ltdc.o ABSOLUTE
    ..\\STM32F429I-Discovery_FW_V1.0.1\\Libraries\\STM32F4xx_StdPeriph_Driver\\src\\stm32f4xx_pwr.c 0x00000000   Number         0  stm32f4xx_pwr.o ABSOLUTE
    ..\\STM32F429I-Discovery_FW_V1.0.1\\Libraries\\STM32F4xx_StdPeriph_Driver\\src\\stm32f4xx_rcc.c 0x00000000   Number         0  stm32f4xx_rcc.o ABSOLUTE
    ..\\STM32F429I-Discovery_FW_V1.0.1\\Libraries\\STM32F4xx_StdPeriph_Driver\\src\\stm32f4xx_spi.c 0x00000000   Number         0  stm32f4xx_spi.o ABSOLUTE
    ..\\STM32F429I-Discovery_FW_V1.0.1\\Libraries\\STM32F4xx_StdPeriph_Driver\\src\\stm32f4xx_syscfg.c 0x00000000   Number         0  stm32f4xx_syscfg.o ABSOLUTE
    ..\\STM32F429I-Discovery_FW_V1.0.1\\Libraries\\STM32F4xx_StdPeriph_Driver\\src\\stm32f4xx_tim.c 0x00000000   Number         0  stm32f4xx_tim.o ABSOLUTE
    ..\\STM32F429I-Discovery_FW_V1.0.1\\Utilities\\STM32F429I-Discovery\\stm32f429i_discovery.c 0x00000000   Number         0  stm32f429i_discovery.o ABSOLUTE
    ..\\STM32F429I-Discovery_FW_V1.0.1\\Utilities\\STM32F429I-Discovery\\stm32f429i_discovery_lcd.c 0x00000000   Number         0  stm32f429i_discovery_lcd.o ABSOLUTE
    ..\\STM32F429I-Discovery_FW_V1.0.1\\Utilities\\STM32F429I-Discovery\\stm32f429i_discovery_sdram.c 0x00000000   Number         0  stm32f429i_discovery_sdram.o ABSOLUTE
    cdrcmple.s                               0x00000000   Number         0  cdrcmple.o ABSOLUTE
    dc.s                                     0x00000000   Number         0  dc.o ABSOLUTE
    handlers.s                               0x00000000   Number         0  handlers.o ABSOLUTE
    init.s                                   0x00000000   Number         0  init.o ABSOLUTE
    src\\main.c                              0x00000000   Number         0  main.o ABSOLUTE
    src\\stm32f4xx_it.c                      0x00000000   Number         0  stm32f4xx_it.o ABSOLUTE
    src\\system_stm32f4xx.c                  0x00000000   Number         0  system_stm32f4xx.o ABSOLUTE
    src\main.c                               0x00000000   Number         0  main.o ABSOLUTE
    src\stm32f4xx_it.c                       0x00000000   Number         0  stm32f4xx_it.o ABSOLUTE
    src\system_stm32f4xx.c                   0x00000000   Number         0  system_stm32f4xx.o ABSOLUTE
    src\util.c                               0x00000000   Number         0  util.o ABSOLUTE
    startup_stm32f429_439xx.s                0x00000000   Number         0  startup_stm32f429_439xx.o ABSOLUTE
    RESET                                    0x08000000   Section      428  startup_stm32f429_439xx.o(RESET)
    .ARM.Collect$$$$00000000                 0x080001ac   Section        0  entry.o(.ARM.Collect$$$$00000000)
    .ARM.Collect$$$$00000001                 0x080001ac   Section        4  entry2.o(.ARM.Collect$$$$00000001)
    .ARM.Collect$$$$00000004                 0x080001b0   Section        4  entry5.o(.ARM.Collect$$$$00000004)
    .ARM.Collect$$$$00000008                 0x080001b4   Section        0  entry7b.o(.ARM.Collect$$$$00000008)
    .ARM.Collect$$$$0000000A                 0x080001b4   Section        0  entry8b.o(.ARM.Collect$$$$0000000A)
    .ARM.Collect$$$$0000000B                 0x080001b4   Section        8  entry9a.o(.ARM.Collect$$$$0000000B)
    .ARM.Collect$$$$0000000D                 0x080001bc   Section        0  entry10a.o(.ARM.Collect$$$$0000000D)
    .ARM.Collect$$$$0000000F                 0x080001bc   Section        0  entry11a.o(.ARM.Collect$$$$0000000F)
    .ARM.Collect$$$$00002712                 0x080001bc   Section        4  entry2.o(.ARM.Collect$$$$00002712)
    __lit__00000000                          0x080001bc   Data           4  entry2.o(.ARM.Collect$$$$00002712)
    .text                                    0x080001c0   Section       36  startup_stm32f429_439xx.o(.text)
    $v0                                      0x080001c0   Number         0  startup_stm32f429_439xx.o(.text)
    .text                                    0x080001e4   Section        0  dadd.o(.text)
    .text                                    0x08000332   Section        0  dmul.o(.text)
    .text                                    0x08000416   Section        0  dfltui.o(.text)
    .text                                    0x08000430   Section        0  dfixi.o(.text)
    .text                                    0x0800046e   Section        0  f2d.o(.text)
    .text                                    0x08000494   Section       48  cdrcmple.o(.text)
    .text                                    0x080004c4   Section        0  d2f.o(.text)
    .text                                    0x080004fc   Section        0  uidiv.o(.text)
    .text                                    0x08000528   Section        0  uldiv.o(.text)
    .text                                    0x0800058a   Section        0  llshl.o(.text)
    .text                                    0x080005a8   Section        0  llushr.o(.text)
    .text                                    0x080005c8   Section        0  llsshr.o(.text)
    .text                                    0x080005ec   Section        0  fepilogue.o(.text)
    .text                                    0x080005ec   Section        0  iusefp.o(.text)
    .text                                    0x0800065a   Section        0  depilogue.o(.text)
    .text                                    0x08000714   Section        0  ddiv.o(.text)
    .text                                    0x080007f2   Section        0  dfixul.o(.text)
    .text                                    0x08000824   Section       36  init.o(.text)
    i.ADC_Cmd                                0x08000848   Section        0  stm32f4xx_adc.o(i.ADC_Cmd)
    i.ADC_CommonInit                         0x08000860   Section        0  stm32f4xx_adc.o(i.ADC_CommonInit)
    i.ADC_Config                             0x08000890   Section        0  main.o(i.ADC_Config)
    i.ADC_DMACmd                             0x08000920   Section        0  stm32f4xx_adc.o(i.ADC_DMACmd)
    i.ADC_DMARequestAfterLastTransferCmd     0x08000936   Section        0  stm32f4xx_adc.o(i.ADC_DMARequestAfterLastTransferCmd)
    i.ADC_IRQHandler                         0x0800094c   Section        0  stm32f4xx_it.o(i.ADC_IRQHandler)
    i.ADC_Init                               0x08000950   Section        0  stm32f4xx_adc.o(i.ADC_Init)
    i.ADC_RegularChannelConfig               0x080009a4   Section        0  stm32f4xx_adc.o(i.ADC_RegularChannelConfig)
    i.ADC_SoftwareStartConv                  0x08000a5c   Section        0  stm32f4xx_adc.o(i.ADC_SoftwareStartConv)
    i.BusFault_Handler                       0x08000a66   Section        0  stm32f4xx_it.o(i.BusFault_Handler)
    i.DMA_Cmd                                0x08000a6a   Section        0  stm32f4xx_dma.o(i.DMA_Cmd)
    i.DMA_Config                             0x08000a80   Section        0  main.o(i.DMA_Config)
    i.DMA_Init                               0x08000ae8   Section        0  stm32f4xx_dma.o(i.DMA_Init)
    i.DebugMon_Handler                       0x08000b40   Section        0  stm32f4xx_it.o(i.DebugMon_Handler)
    i.EXTI0_IRQHandler                       0x08000b44   Section        0  stm32f4xx_it.o(i.EXTI0_IRQHandler)
    i.EXTI1_IRQHandler                       0x08000b58   Section        0  stm32f4xx_it.o(i.EXTI1_IRQHandler)
    i.EXTI2_IRQHandler                       0x08000b6c   Section        0  stm32f4xx_it.o(i.EXTI2_IRQHandler)
    i.EXTI_ClearITPendingBit                 0x08000b80   Section        0  stm32f4xx_exti.o(i.EXTI_ClearITPendingBit)
    i.EXTI_Init                              0x08000b8c   Section        0  stm32f4xx_exti.o(i.EXTI_Init)
    i.FMC_GetFlagStatus                      0x08000c20   Section        0  stm32f4xx_fmc.o(i.FMC_GetFlagStatus)
    i.FMC_SDRAMCmdConfig                     0x08000c68   Section        0  stm32f4xx_fmc.o(i.FMC_SDRAMCmdConfig)
    i.FMC_SDRAMInit                          0x08000c88   Section        0  stm32f4xx_fmc.o(i.FMC_SDRAMInit)
    i.FMC_SetRefreshCount                    0x08000d80   Section        0  stm32f4xx_fmc.o(i.FMC_SetRefreshCount)
    i.GPIO_Init                              0x08000d98   Section        0  stm32f4xx_gpio.o(i.GPIO_Init)
    i.GPIO_PinAFConfig                       0x08000e28   Section        0  stm32f4xx_gpio.o(i.GPIO_PinAFConfig)
    i.GPIO_ReadInputDataBit                  0x08000e6e   Section        0  stm32f4xx_gpio.o(i.GPIO_ReadInputDataBit)
    i.GPIO_ResetBits                         0x08000e80   Section        0  stm32f4xx_gpio.o(i.GPIO_ResetBits)
    i.GPIO_SetBits                           0x08000e84   Section        0  stm32f4xx_gpio.o(i.GPIO_SetBits)
    i.GPIO_WriteBit                          0x08000e88   Section        0  stm32f4xx_gpio.o(i.GPIO_WriteBit)
    i.HardFault_Handler                      0x08000e92   Section        0  stm32f4xx_it.o(i.HardFault_Handler)
    i.LCD_AF_GPIOConfig                      0x08000e98   Section        0  stm32f429i_discovery_lcd.o(i.LCD_AF_GPIOConfig)
    LCD_AF_GPIOConfig                        0x08000e99   Thumb Code   334  stm32f429i_discovery_lcd.o(i.LCD_AF_GPIOConfig)
    i.LCD_ChipSelect                         0x08001000   Section        0  stm32f429i_discovery_lcd.o(i.LCD_ChipSelect)
    i.LCD_Clear                              0x08001020   Section        0  stm32f429i_discovery_lcd.o(i.LCD_Clear)
    i.LCD_ClearLine                          0x08001040   Section        0  stm32f429i_discovery_lcd.o(i.LCD_ClearLine)
    i.LCD_CtrlLinesConfig                    0x0800107c   Section        0  stm32f429i_discovery_lcd.o(i.LCD_CtrlLinesConfig)
    i.LCD_CtrlLinesWrite                     0x080010cc   Section        0  stm32f429i_discovery_lcd.o(i.LCD_CtrlLinesWrite)
    i.LCD_DisplayChar                        0x080010e0   Section        0  stm32f429i_discovery_lcd.o(i.LCD_DisplayChar)
    i.LCD_DisplayFloat                       0x08001110   Section        0  main.o(i.LCD_DisplayFloat)
    i.LCD_DisplayString                      0x08001158   Section        0  main.o(i.LCD_DisplayString)
    i.LCD_DisplayStringLine                  0x080011a8   Section        0  stm32f429i_discovery_lcd.o(i.LCD_DisplayStringLine)
    i.LCD_DrawChar                           0x080011fc   Section        0  stm32f429i_discovery_lcd.o(i.LCD_DrawChar)
    i.LCD_GetFont                            0x080012d4   Section        0  stm32f429i_discovery_lcd.o(i.LCD_GetFont)
    i.LCD_Init                               0x080012e0   Section        0  stm32f429i_discovery_lcd.o(i.LCD_Init)
    i.LCD_LayerInit                          0x0800137c   Section        0  stm32f429i_discovery_lcd.o(i.LCD_LayerInit)
    i.LCD_PowerOn                            0x08001420   Section        0  stm32f429i_discovery_lcd.o(i.LCD_PowerOn)
    i.LCD_SPIConfig                          0x080016ac   Section        0  stm32f429i_discovery_lcd.o(i.LCD_SPIConfig)
    i.LCD_SetFont                            0x08001780   Section        0  stm32f429i_discovery_lcd.o(i.LCD_SetFont)
    i.LCD_SetLayer                           0x0800178c   Section        0  stm32f429i_discovery_lcd.o(i.LCD_SetLayer)
    i.LCD_WriteCommand                       0x080017b8   Section        0  stm32f429i_discovery_lcd.o(i.LCD_WriteCommand)
    i.LCD_WriteData                          0x08001804   Section        0  stm32f429i_discovery_lcd.o(i.LCD_WriteData)
    i.LED_Config                             0x0800184c   Section        0  main.o(i.LED_Config)
    i.LTDC_Cmd                               0x0800185c   Section        0  stm32f4xx_ltdc.o(i.LTDC_Cmd)
    i.LTDC_DitherCmd                         0x08001880   Section        0  stm32f4xx_ltdc.o(i.LTDC_DitherCmd)
    i.LTDC_Init                              0x080018a4   Section        0  stm32f4xx_ltdc.o(i.LTDC_Init)
    i.LTDC_LayerCmd                          0x08001a2c   Section        0  stm32f4xx_ltdc.o(i.LTDC_LayerCmd)
    i.LTDC_LayerInit                         0x08001a42   Section        0  stm32f4xx_ltdc.o(i.LTDC_LayerInit)
    i.LTDC_ReloadConfig                      0x08001b58   Section        0  stm32f4xx_ltdc.o(i.LTDC_ReloadConfig)
    i.MemManage_Handler                      0x08001b64   Section        0  stm32f4xx_it.o(i.MemManage_Handler)
    i.NMI_Handler                            0x08001b68   Section        0  stm32f4xx_it.o(i.NMI_Handler)
    i.NVIC_Init                              0x08001b6c   Section        0  misc.o(i.NVIC_Init)
    i.PB_Config                              0x08001be4   Section        0  main.o(i.PB_Config)
    i.PWM_Config                             0x08001bf0   Section        0  main.o(i.PWM_Config)
    i.PendSV_Handler                         0x08001c00   Section        0  stm32f4xx_it.o(i.PendSV_Handler)
    i.RCC_AHB1PeriphClockCmd                 0x08001c04   Section        0  stm32f4xx_rcc.o(i.RCC_AHB1PeriphClockCmd)
    i.RCC_AHB3PeriphClockCmd                 0x08001c24   Section        0  stm32f4xx_rcc.o(i.RCC_AHB3PeriphClockCmd)
    i.RCC_APB1PeriphClockCmd                 0x08001c44   Section        0  stm32f4xx_rcc.o(i.RCC_APB1PeriphClockCmd)
    i.RCC_APB1PeriphResetCmd                 0x08001c64   Section        0  stm32f4xx_rcc.o(i.RCC_APB1PeriphResetCmd)
    i.RCC_APB2PeriphClockCmd                 0x08001c84   Section        0  stm32f4xx_rcc.o(i.RCC_APB2PeriphClockCmd)
    i.RCC_APB2PeriphResetCmd                 0x08001ca4   Section        0  stm32f4xx_rcc.o(i.RCC_APB2PeriphResetCmd)
    i.RCC_GetFlagStatus                      0x08001cc4   Section        0  stm32f4xx_rcc.o(i.RCC_GetFlagStatus)
    i.RCC_LTDCCLKDivConfig                   0x08001d04   Section        0  stm32f4xx_rcc.o(i.RCC_LTDCCLKDivConfig)
    i.RCC_PLLSAICmd                          0x08001d1c   Section        0  stm32f4xx_rcc.o(i.RCC_PLLSAICmd)
    i.RCC_PLLSAIConfig                       0x08001d28   Section        0  stm32f4xx_rcc.o(i.RCC_PLLSAIConfig)
    i.SDRAM_GPIOConfig                       0x08001d40   Section        0  stm32f429i_discovery_sdram.o(i.SDRAM_GPIOConfig)
    i.SDRAM_Init                             0x08001f44   Section        0  stm32f429i_discovery_sdram.o(i.SDRAM_Init)
    i.SDRAM_InitSequence                     0x08001fac   Section        0  stm32f429i_discovery_sdram.o(i.SDRAM_InitSequence)
    i.SPI_Cmd                                0x08002074   Section        0  stm32f4xx_spi.o(i.SPI_Cmd)
    i.SPI_I2S_DeInit                         0x0800208c   Section        0  stm32f4xx_spi.o(i.SPI_I2S_DeInit)
    i.SPI_I2S_GetFlagStatus                  0x0800213c   Section        0  stm32f4xx_spi.o(i.SPI_I2S_GetFlagStatus)
    i.SPI_I2S_SendData                       0x0800214e   Section        0  stm32f4xx_spi.o(i.SPI_I2S_SendData)
    i.SPI_Init                               0x08002152   Section        0  stm32f4xx_spi.o(i.SPI_Init)
    i.STM_EVAL_LEDInit                       0x08002190   Section        0  stm32f429i_discovery.o(i.STM_EVAL_LEDInit)
    i.STM_EVAL_PBInit                        0x080021dc   Section        0  stm32f429i_discovery.o(i.STM_EVAL_PBInit)
    i.SVC_Handler                            0x08002288   Section        0  stm32f4xx_it.o(i.SVC_Handler)
    i.SYSCFG_EXTILineConfig                  0x0800228c   Section        0  stm32f4xx_syscfg.o(i.SYSCFG_EXTILineConfig)
    i.SetSysClock                            0x080022cc   Section        0  system_stm32f4xx.o(i.SetSysClock)
    SetSysClock                              0x080022cd   Thumb Code   274  system_stm32f4xx.o(i.SetSysClock)
    i.SysTick_Handler                        0x080023f0   Section        0  stm32f4xx_it.o(i.SysTick_Handler)
    i.SystemInit                             0x080023f4   Section        0  system_stm32f4xx.o(i.SystemInit)
    i.TIM2_Config                            0x0800245c   Section        0  main.o(i.TIM2_Config)
    i.TIM2_IRQHandler                        0x080024ac   Section        0  stm32f4xx_it.o(i.TIM2_IRQHandler)
    i.TIM2_OCConfig                          0x080024e4   Section        0  main.o(i.TIM2_OCConfig)
    i.TIM3_Config                            0x0800251c   Section        0  main.o(i.TIM3_Config)
    i.TIM3_OCConfig                          0x08002564   Section        0  main.o(i.TIM3_OCConfig)
    i.TIM3_PinConfig                         0x0800259c   Section        0  main.o(i.TIM3_PinConfig)
    i.TIM_ARRPreloadConfig                   0x080025e4   Section        0  stm32f4xx_tim.o(i.TIM_ARRPreloadConfig)
    i.TIM_ClearITPendingBit                  0x080025fc   Section        0  stm32f4xx_tim.o(i.TIM_ClearITPendingBit)
    i.TIM_Cmd                                0x08002602   Section        0  stm32f4xx_tim.o(i.TIM_Cmd)
    i.TIM_GetITStatus                        0x0800261a   Section        0  stm32f4xx_tim.o(i.TIM_GetITStatus)
    i.TIM_ITConfig                           0x0800263c   Section        0  stm32f4xx_tim.o(i.TIM_ITConfig)
    i.TIM_OC1Init                            0x08002650   Section        0  stm32f4xx_tim.o(i.TIM_OC1Init)
    i.TIM_OC1PreloadConfig                   0x080026cc   Section        0  stm32f4xx_tim.o(i.TIM_OC1PreloadConfig)
    i.TIM_OC2Init                            0x080026e0   Section        0  stm32f4xx_tim.o(i.TIM_OC2Init)
    i.TIM_OC2PreloadConfig                   0x08002784   Section        0  stm32f4xx_tim.o(i.TIM_OC2PreloadConfig)
    i.TIM_SetCompare2                        0x0800279e   Section        0  stm32f4xx_tim.o(i.TIM_SetCompare2)
    i.TIM_SetCounter                         0x080027a2   Section        0  stm32f4xx_tim.o(i.TIM_SetCounter)
    i.TIM_TimeBaseInit                       0x080027a8   Section        0  stm32f4xx_tim.o(i.TIM_TimeBaseInit)
    i.UsageFault_Handler                     0x0800282c   Section        0  stm32f4xx_it.o(i.UsageFault_Handler)
    i.__0sprintf                             0x08002830   Section        0  printfa.o(i.__0sprintf)
    i.__scatterload_copy                     0x08002858   Section       14  handlers.o(i.__scatterload_copy)
    i.__scatterload_null                     0x08002866   Section        2  handlers.o(i.__scatterload_null)
    i.__scatterload_zeroinit                 0x08002868   Section       14  handlers.o(i.__scatterload_zeroinit)
    i._fp_digits                             0x08002878   Section        0  printfa.o(i._fp_digits)
    _fp_digits                               0x08002879   Thumb Code   366  printfa.o(i._fp_digits)
    i._printf_core                           0x080029fc   Section        0  printfa.o(i._printf_core)
    _printf_core                             0x080029fd   Thumb Code  1744  printfa.o(i._printf_core)
    i._printf_post_padding                   0x080030d8   Section        0  printfa.o(i._printf_post_padding)
    _printf_post_padding                     0x080030d9   Thumb Code    36  printfa.o(i._printf_post_padding)
    i._printf_pre_padding                    0x080030fc   Section        0  printfa.o(i._printf_pre_padding)
    _printf_pre_padding                      0x080030fd   Thumb Code    46  printfa.o(i._printf_pre_padding)
    i._sputc                                 0x0800312a   Section        0  printfa.o(i._sputc)
    _sputc                                   0x0800312b   Thumb Code    10  printfa.o(i._sputc)
    i.delay                                  0x08003134   Section        0  stm32f429i_discovery_lcd.o(i.delay)
    delay                                    0x08003135   Thumb Code    28  stm32f429i_discovery_lcd.o(i.delay)
    i.delay                                  0x08003150   Section        0  stm32f429i_discovery_sdram.o(i.delay)
    delay                                    0x08003151   Thumb Code    32  stm32f429i_discovery_sdram.o(i.delay)
    i.external_button1_config                0x08003174   Section        0  main.o(i.external_button1_config)
    i.external_button2_config                0x080031ec   Section        0  main.o(i.external_button2_config)
    i.getTemp                                0x08003260   Section        0  main.o(i.getTemp)
    i.main                                   0x08003298   Section        0  main.o(i.main)
    i.showTemp                               0x08003590   Section        0  main.o(i.showTemp)
    .constdata                               0x080035c4   Section       25  stm32f429i_discovery.o(.constdata)
    .constdata                               0x080035de   Section    10704  stm32f429i_discovery_lcd.o(.constdata)
    .data                                    0x20000000   Section       45  main.o(.data)
    .data                                    0x2000002d   Section        1  stm32f4xx_it.o(.data)
    .data                                    0x20000030   Section       20  system_stm32f4xx.o(.data)
    .data                                    0x20000044   Section       16  stm32f429i_discovery.o(.data)
    .data                                    0x20000054   Section       48  stm32f429i_discovery_lcd.o(.data)
    LCD_Currentfonts                         0x20000074   Data           4  stm32f429i_discovery_lcd.o(.data)
    CurrentTextColor                         0x20000078   Data           2  stm32f429i_discovery_lcd.o(.data)
    CurrentBackColor                         0x2000007a   Data           2  stm32f429i_discovery_lcd.o(.data)
    CurrentFrameBuffer                       0x2000007c   Data           4  stm32f429i_discovery_lcd.o(.data)
    CurrentLayer                             0x20000080   Data           4  stm32f429i_discovery_lcd.o(.data)
    STACK                                    0x20000088   Section     1024  startup_stm32f429_439xx.o(STACK)

    Global Symbols

    Symbol Name                              Value     Ov Type        Size  Object(Section)

    BuildAttributes$$THM_ISAv4$E$P$D$K$B$S$7EM$VFPi3$EXTD16$VFPS$VFMA$PE$A:L22UL41UL21$X:L11$S22US41US21$IEEE1$IW$USESV6$~STKCKD$USESV7$~SHL$OTIME$ROPI$EBA8$MICROLIB$REQ8$PRES8$EABIv2 0x00000000   Number         0  anon$$obj.o ABSOLUTE
    __ARM_use_no_argv                        0x00000000   Number         0  main.o ABSOLUTE
    _printf_a                                0x00000000   Number         0  stubs.o ABSOLUTE
    _printf_c                                0x00000000   Number         0  stubs.o ABSOLUTE
    _printf_charcount                        0x00000000   Number         0  stubs.o ABSOLUTE
    _printf_d                                0x00000000   Number         0  stubs.o ABSOLUTE
    _printf_e                                0x00000000   Number         0  stubs.o ABSOLUTE
    _printf_f                                0x00000000   Number         0  stubs.o ABSOLUTE
    _printf_flags                            0x00000000   Number         0  stubs.o ABSOLUTE
    _printf_fp_dec                           0x00000000   Number         0  stubs.o ABSOLUTE
    _printf_fp_hex                           0x00000000   Number         0  stubs.o ABSOLUTE
    _printf_g                                0x00000000   Number         0  stubs.o ABSOLUTE
    _printf_i                                0x00000000   Number         0  stubs.o ABSOLUTE
    _printf_int_dec                          0x00000000   Number         0  stubs.o ABSOLUTE
    _printf_l                                0x00000000   Number         0  stubs.o ABSOLUTE
    _printf_lc                               0x00000000   Number         0  stubs.o ABSOLUTE
    _printf_ll                               0x00000000   Number         0  stubs.o ABSOLUTE
    _printf_lld                              0x00000000   Number         0  stubs.o ABSOLUTE
    _printf_lli                              0x00000000   Number         0  stubs.o ABSOLUTE
    _printf_llo                              0x00000000   Number         0  stubs.o ABSOLUTE
    _printf_llu                              0x00000000   Number         0  stubs.o ABSOLUTE
    _printf_llx                              0x00000000   Number         0  stubs.o ABSOLUTE
    _printf_longlong_dec                     0x00000000   Number         0  stubs.o ABSOLUTE
    _printf_longlong_hex                     0x00000000   Number         0  stubs.o ABSOLUTE
    _printf_longlong_oct                     0x00000000   Number         0  stubs.o ABSOLUTE
    _printf_ls                               0x00000000   Number         0  stubs.o ABSOLUTE
    _printf_mbtowc                           0x00000000   Number         0  stubs.o ABSOLUTE
    _printf_n                                0x00000000   Number         0  stubs.o ABSOLUTE
    _printf_o                                0x00000000   Number         0  stubs.o ABSOLUTE
    _printf_p                                0x00000000   Number         0  stubs.o ABSOLUTE
    _printf_percent                          0x00000000   Number         0  stubs.o ABSOLUTE
    _printf_pre_padding                      0x00000000   Number         0  stubs.o ABSOLUTE
    _printf_return_value                     0x00000000   Number         0  stubs.o ABSOLUTE
    _printf_s                                0x00000000   Number         0  stubs.o ABSOLUTE
    _printf_sizespec                         0x00000000   Number         0  stubs.o ABSOLUTE
    _printf_str                              0x00000000   Number         0  stubs.o ABSOLUTE
    _printf_truncate_signed                  0x00000000   Number         0  stubs.o ABSOLUTE
    _printf_truncate_unsigned                0x00000000   Number         0  stubs.o ABSOLUTE
    _printf_u                                0x00000000   Number         0  stubs.o ABSOLUTE
    _printf_wc                               0x00000000   Number         0  stubs.o ABSOLUTE
    _printf_wctomb                           0x00000000   Number         0  stubs.o ABSOLUTE
    _printf_widthprec                        0x00000000   Number         0  stubs.o ABSOLUTE
    _printf_x                                0x00000000   Number         0  stubs.o ABSOLUTE
    __cpp_initialize__aeabi_                  - Undefined Weak Reference
    __cxa_finalize                            - Undefined Weak Reference
    __decompress                              - Undefined Weak Reference
    _clock_init                               - Undefined Weak Reference
    _microlib_exit                            - Undefined Weak Reference
    __Vectors_Size                           0x000001ac   Number         0  startup_stm32f429_439xx.o ABSOLUTE
    __Vectors                                0x08000000   Data           4  startup_stm32f429_439xx.o(RESET)
    __Vectors_End                            0x080001ac   Data           0  startup_stm32f429_439xx.o(RESET)
    __main                                   0x080001ad   Thumb Code     0  entry.o(.ARM.Collect$$$$00000000)
    _main_stk                                0x080001ad   Thumb Code     0  entry2.o(.ARM.Collect$$$$00000001)
    _main_scatterload                        0x080001b1   Thumb Code     0  entry5.o(.ARM.Collect$$$$00000004)
    __main_after_scatterload                 0x080001b5   Thumb Code     0  entry5.o(.ARM.Collect$$$$00000004)
    _main_clock                              0x080001b5   Thumb Code     0  entry7b.o(.ARM.Collect$$$$00000008)
    _main_cpp_init                           0x080001b5   Thumb Code     0  entry8b.o(.ARM.Collect$$$$0000000A)
    _main_init                               0x080001b5   Thumb Code     0  entry9a.o(.ARM.Collect$$$$0000000B)
    __rt_final_cpp                           0x080001bd   Thumb Code     0  entry10a.o(.ARM.Collect$$$$0000000D)
    __rt_final_exit                          0x080001bd   Thumb Code     0  entry11a.o(.ARM.Collect$$$$0000000F)
    Reset_Handler                            0x080001c1   Thumb Code     8  startup_stm32f429_439xx.o(.text)
    CAN1_RX0_IRQHandler                      0x080001db   Thumb Code     0  startup_stm32f429_439xx.o(.text)
    CAN1_RX1_IRQHandler                      0x080001db   Thumb Code     0  startup_stm32f429_439xx.o(.text)
    CAN1_SCE_IRQHandler                      0x080001db   Thumb Code     0  startup_stm32f429_439xx.o(.text)
    CAN1_TX_IRQHandler                       0x080001db   Thumb Code     0  startup_stm32f429_439xx.o(.text)
    CAN2_RX0_IRQHandler                      0x080001db   Thumb Code     0  startup_stm32f429_439xx.o(.text)
    CAN2_RX1_IRQHandler                      0x080001db   Thumb Code     0  startup_stm32f429_439xx.o(.text)
    CAN2_SCE_IRQHandler                      0x080001db   Thumb Code     0  startup_stm32f429_439xx.o(.text)
    CAN2_TX_IRQHandler                       0x080001db   Thumb Code     0  startup_stm32f429_439xx.o(.text)
    CRYP_IRQHandler                          0x080001db   Thumb Code     0  startup_stm32f429_439xx.o(.text)
    DCMI_IRQHandler                          0x080001db   Thumb Code     0  startup_stm32f429_439xx.o(.text)
    DMA1_Stream0_IRQHandler                  0x080001db   Thumb Code     0  startup_stm32f429_439xx.o(.text)
    DMA1_Stream1_IRQHandler                  0x080001db   Thumb Code     0  startup_stm32f429_439xx.o(.text)
    DMA1_Stream2_IRQHandler                  0x080001db   Thumb Code     0  startup_stm32f429_439xx.o(.text)
    DMA1_Stream3_IRQHandler                  0x080001db   Thumb Code     0  startup_stm32f429_439xx.o(.text)
    DMA1_Stream4_IRQHandler                  0x080001db   Thumb Code     0  startup_stm32f429_439xx.o(.text)
    DMA1_Stream5_IRQHandler                  0x080001db   Thumb Code     0  startup_stm32f429_439xx.o(.text)
    DMA1_Stream6_IRQHandler                  0x080001db   Thumb Code     0  startup_stm32f429_439xx.o(.text)
    DMA1_Stream7_IRQHandler                  0x080001db   Thumb Code     0  startup_stm32f429_439xx.o(.text)
    DMA2D_IRQHandler                         0x080001db   Thumb Code     0  startup_stm32f429_439xx.o(.text)
    DMA2_Stream0_IRQHandler                  0x080001db   Thumb Code     0  startup_stm32f429_439xx.o(.text)
    DMA2_Stream1_IRQHandler                  0x080001db   Thumb Code     0  startup_stm32f429_439xx.o(.text)
    DMA2_Stream2_IRQHandler                  0x080001db   Thumb Code     0  startup_stm32f429_439xx.o(.text)
    DMA2_Stream3_IRQHandler                  0x080001db   Thumb Code     0  startup_stm32f429_439xx.o(.text)
    DMA2_Stream4_IRQHandler                  0x080001db   Thumb Code     0  startup_stm32f429_439xx.o(.text)
    DMA2_Stream5_IRQHandler                  0x080001db   Thumb Code     0  startup_stm32f429_439xx.o(.text)
    DMA2_Stream6_IRQHandler                  0x080001db   Thumb Code     0  startup_stm32f429_439xx.o(.text)
    DMA2_Stream7_IRQHandler                  0x080001db   Thumb Code     0  startup_stm32f429_439xx.o(.text)
    ETH_IRQHandler                           0x080001db   Thumb Code     0  startup_stm32f429_439xx.o(.text)
    ETH_WKUP_IRQHandler                      0x080001db   Thumb Code     0  startup_stm32f429_439xx.o(.text)
    EXTI15_10_IRQHandler                     0x080001db   Thumb Code     0  startup_stm32f429_439xx.o(.text)
    EXTI3_IRQHandler                         0x080001db   Thumb Code     0  startup_stm32f429_439xx.o(.text)
    EXTI4_IRQHandler                         0x080001db   Thumb Code     0  startup_stm32f429_439xx.o(.text)
    EXTI9_5_IRQHandler                       0x080001db   Thumb Code     0  startup_stm32f429_439xx.o(.text)
    FLASH_IRQHandler                         0x080001db   Thumb Code     0  startup_stm32f429_439xx.o(.text)
    FMC_IRQHandler                           0x080001db   Thumb Code     0  startup_stm32f429_439xx.o(.text)
    FPU_IRQHandler                           0x080001db   Thumb Code     0  startup_stm32f429_439xx.o(.text)
    HASH_RNG_IRQHandler                      0x080001db   Thumb Code     0  startup_stm32f429_439xx.o(.text)
    I2C1_ER_IRQHandler                       0x080001db   Thumb Code     0  startup_stm32f429_439xx.o(.text)
    I2C1_EV_IRQHandler                       0x080001db   Thumb Code     0  startup_stm32f429_439xx.o(.text)
    I2C2_ER_IRQHandler                       0x080001db   Thumb Code     0  startup_stm32f429_439xx.o(.text)
    I2C2_EV_IRQHandler                       0x080001db   Thumb Code     0  startup_stm32f429_439xx.o(.text)
    I2C3_ER_IRQHandler                       0x080001db   Thumb Code     0  startup_stm32f429_439xx.o(.text)
    I2C3_EV_IRQHandler                       0x080001db   Thumb Code     0  startup_stm32f429_439xx.o(.text)
    LTDC_ER_IRQHandler                       0x080001db   Thumb Code     0  startup_stm32f429_439xx.o(.text)
    LTDC_IRQHandler                          0x080001db   Thumb Code     0  startup_stm32f429_439xx.o(.text)
    OTG_FS_IRQHandler                        0x080001db   Thumb Code     0  startup_stm32f429_439xx.o(.text)
    OTG_FS_WKUP_IRQHandler                   0x080001db   Thumb Code     0  startup_stm32f429_439xx.o(.text)
    OTG_HS_EP1_IN_IRQHandler                 0x080001db   Thumb Code     0  startup_stm32f429_439xx.o(.text)
    OTG_HS_EP1_OUT_IRQHandler                0x080001db   Thumb Code     0  startup_stm32f429_439xx.o(.text)
    OTG_HS_IRQHandler                        0x080001db   Thumb Code     0  startup_stm32f429_439xx.o(.text)
    OTG_HS_WKUP_IRQHandler                   0x080001db   Thumb Code     0  startup_stm32f429_439xx.o(.text)
    PVD_IRQHandler                           0x080001db   Thumb Code     0  startup_stm32f429_439xx.o(.text)
    RCC_IRQHandler                           0x080001db   Thumb Code     0  startup_stm32f429_439xx.o(.text)
    RTC_Alarm_IRQHandler                     0x080001db   Thumb Code     0  startup_stm32f429_439xx.o(.text)
    RTC_WKUP_IRQHandler                      0x080001db   Thumb Code     0  startup_stm32f429_439xx.o(.text)
    SAI1_IRQHandler                          0x080001db   Thumb Code     0  startup_stm32f429_439xx.o(.text)
    SDIO_IRQHandler                          0x080001db   Thumb Code     0  startup_stm32f429_439xx.o(.text)
    SPI1_IRQHandler                          0x080001db   Thumb Code     0  startup_stm32f429_439xx.o(.text)
    SPI2_IRQHandler                          0x080001db   Thumb Code     0  startup_stm32f429_439xx.o(.text)
    SPI3_IRQHandler                          0x080001db   Thumb Code     0  startup_stm32f429_439xx.o(.text)
    SPI4_IRQHandler                          0x080001db   Thumb Code     0  startup_stm32f429_439xx.o(.text)
    SPI5_IRQHandler                          0x080001db   Thumb Code     0  startup_stm32f429_439xx.o(.text)
    SPI6_IRQHandler                          0x080001db   Thumb Code     0  startup_stm32f429_439xx.o(.text)
    TAMP_STAMP_IRQHandler                    0x080001db   Thumb Code     0  startup_stm32f429_439xx.o(.text)
    TIM1_BRK_TIM9_IRQHandler                 0x080001db   Thumb Code     0  startup_stm32f429_439xx.o(.text)
    TIM1_CC_IRQHandler                       0x080001db   Thumb Code     0  startup_stm32f429_439xx.o(.text)
    TIM1_TRG_COM_TIM11_IRQHandler            0x080001db   Thumb Code     0  startup_stm32f429_439xx.o(.text)
    TIM1_UP_TIM10_IRQHandler                 0x080001db   Thumb Code     0  startup_stm32f429_439xx.o(.text)
    TIM3_IRQHandler                          0x080001db   Thumb Code     0  startup_stm32f429_439xx.o(.text)
    TIM4_IRQHandler                          0x080001db   Thumb Code     0  startup_stm32f429_439xx.o(.text)
    TIM5_IRQHandler                          0x080001db   Thumb Code     0  startup_stm32f429_439xx.o(.text)
    TIM6_DAC_IRQHandler                      0x080001db   Thumb Code     0  startup_stm32f429_439xx.o(.text)
    TIM7_IRQHandler                          0x080001db   Thumb Code     0  startup_stm32f429_439xx.o(.text)
    TIM8_BRK_TIM12_IRQHandler                0x080001db   Thumb Code     0  startup_stm32f429_439xx.o(.text)
    TIM8_CC_IRQHandler                       0x080001db   Thumb Code     0  startup_stm32f429_439xx.o(.text)
    TIM8_TRG_COM_TIM14_IRQHandler            0x080001db   Thumb Code     0  startup_stm32f429_439xx.o(.text)
    TIM8_UP_TIM13_IRQHandler                 0x080001db   Thumb Code     0  startup_stm32f429_439xx.o(.text)
    UART4_IRQHandler                         0x080001db   Thumb Code     0  startup_stm32f429_439xx.o(.text)
    UART5_IRQHandler                         0x080001db   Thumb Code     0  startup_stm32f429_439xx.o(.text)
    UART7_IRQHandler                         0x080001db   Thumb Code     0  startup_stm32f429_439xx.o(.text)
    UART8_IRQHandler                         0x080001db   Thumb Code     0  startup_stm32f429_439xx.o(.text)
    USART1_IRQHandler                        0x080001db   Thumb Code     0  startup_stm32f429_439xx.o(.text)
    USART2_IRQHandler                        0x080001db   Thumb Code     0  startup_stm32f429_439xx.o(.text)
    USART3_IRQHandler                        0x080001db   Thumb Code     0  startup_stm32f429_439xx.o(.text)
    USART6_IRQHandler                        0x080001db   Thumb Code     0  startup_stm32f429_439xx.o(.text)
    WWDG_IRQHandler                          0x080001db   Thumb Code     0  startup_stm32f429_439xx.o(.text)
    __aeabi_dadd                             0x080001e5   Thumb Code   322  dadd.o(.text)
    __aeabi_dsub                             0x08000327   Thumb Code     6  dadd.o(.text)
    __aeabi_drsub                            0x0800032d   Thumb Code     6  dadd.o(.text)
    __aeabi_dmul                             0x08000333   Thumb Code   228  dmul.o(.text)
    __aeabi_ui2d                             0x08000417   Thumb Code    26  dfltui.o(.text)
    __aeabi_d2iz                             0x08000431   Thumb Code    62  dfixi.o(.text)
    __aeabi_f2d                              0x0800046f   Thumb Code    38  f2d.o(.text)
    __aeabi_cdrcmple                         0x08000495   Thumb Code    48  cdrcmple.o(.text)
    __aeabi_d2f                              0x080004c5   Thumb Code    56  d2f.o(.text)
    __aeabi_uidiv                            0x080004fd   Thumb Code     0  uidiv.o(.text)
    __aeabi_uidivmod                         0x080004fd   Thumb Code    44  uidiv.o(.text)
    __aeabi_uldivmod                         0x08000529   Thumb Code    98  uldiv.o(.text)
    __aeabi_llsl                             0x0800058b   Thumb Code    30  llshl.o(.text)
    _ll_shift_l                              0x0800058b   Thumb Code     0  llshl.o(.text)
    __aeabi_llsr                             0x080005a9   Thumb Code    32  llushr.o(.text)
    _ll_ushift_r                             0x080005a9   Thumb Code     0  llushr.o(.text)
    __aeabi_lasr                             0x080005c9   Thumb Code    36  llsshr.o(.text)
    _ll_sshift_r                             0x080005c9   Thumb Code     0  llsshr.o(.text)
    __I$use$fp                               0x080005ed   Thumb Code     0  iusefp.o(.text)
    _float_round                             0x080005ed   Thumb Code    18  fepilogue.o(.text)
    _float_epilogue                          0x080005ff   Thumb Code    92  fepilogue.o(.text)
    _double_round                            0x0800065b   Thumb Code    30  depilogue.o(.text)
    _double_epilogue                         0x08000679   Thumb Code   156  depilogue.o(.text)
    __aeabi_ddiv                             0x08000715   Thumb Code   222  ddiv.o(.text)
    __aeabi_d2ulz                            0x080007f3   Thumb Code    48  dfixul.o(.text)
    __scatterload                            0x08000825   Thumb Code    28  init.o(.text)
    __scatterload_rt2                        0x08000825   Thumb Code     0  init.o(.text)
    ADC_Cmd                                  0x08000849   Thumb Code    22  stm32f4xx_adc.o(i.ADC_Cmd)
    ADC_CommonInit                           0x08000861   Thumb Code    34  stm32f4xx_adc.o(i.ADC_CommonInit)
    ADC_Config                               0x08000891   Thumb Code   136  main.o(i.ADC_Config)
    ADC_DMACmd                               0x08000921   Thumb Code    22  stm32f4xx_adc.o(i.ADC_DMACmd)
    ADC_DMARequestAfterLastTransferCmd       0x08000937   Thumb Code    22  stm32f4xx_adc.o(i.ADC_DMARequestAfterLastTransferCmd)
    ADC_IRQHandler                           0x0800094d   Thumb Code     2  stm32f4xx_it.o(i.ADC_IRQHandler)
    ADC_Init                                 0x08000951   Thumb Code    74  stm32f4xx_adc.o(i.ADC_Init)
    ADC_RegularChannelConfig                 0x080009a5   Thumb Code   184  stm32f4xx_adc.o(i.ADC_RegularChannelConfig)
    ADC_SoftwareStartConv                    0x08000a5d   Thumb Code    10  stm32f4xx_adc.o(i.ADC_SoftwareStartConv)
    BusFault_Handler                         0x08000a67   Thumb Code     4  stm32f4xx_it.o(i.BusFault_Handler)
    DMA_Cmd                                  0x08000a6b   Thumb Code    22  stm32f4xx_dma.o(i.DMA_Cmd)
    DMA_Config                               0x08000a81   Thumb Code    92  main.o(i.DMA_Config)
    DMA_Init                                 0x08000ae9   Thumb Code    82  stm32f4xx_dma.o(i.DMA_Init)
    DebugMon_Handler                         0x08000b41   Thumb Code     2  stm32f4xx_it.o(i.DebugMon_Handler)
    EXTI0_IRQHandler                         0x08000b45   Thumb Code    14  stm32f4xx_it.o(i.EXTI0_IRQHandler)
    EXTI1_IRQHandler                         0x08000b59   Thumb Code    16  stm32f4xx_it.o(i.EXTI1_IRQHandler)
    EXTI2_IRQHandler                         0x08000b6d   Thumb Code    16  stm32f4xx_it.o(i.EXTI2_IRQHandler)
    EXTI_ClearITPendingBit                   0x08000b81   Thumb Code     6  stm32f4xx_exti.o(i.EXTI_ClearITPendingBit)
    EXTI_Init                                0x08000b8d   Thumb Code   142  stm32f4xx_exti.o(i.EXTI_Init)
    FMC_GetFlagStatus                        0x08000c21   Thumb Code    68  stm32f4xx_fmc.o(i.FMC_GetFlagStatus)
    FMC_SDRAMCmdConfig                       0x08000c69   Thumb Code    28  stm32f4xx_fmc.o(i.FMC_SDRAMCmdConfig)
    FMC_SDRAMInit                            0x08000c89   Thumb Code   242  stm32f4xx_fmc.o(i.FMC_SDRAMInit)
    FMC_SetRefreshCount                      0x08000d81   Thumb Code    18  stm32f4xx_fmc.o(i.FMC_SetRefreshCount)
    GPIO_Init                                0x08000d99   Thumb Code   144  stm32f4xx_gpio.o(i.GPIO_Init)
    GPIO_PinAFConfig                         0x08000e29   Thumb Code    70  stm32f4xx_gpio.o(i.GPIO_PinAFConfig)
    GPIO_ReadInputDataBit                    0x08000e6f   Thumb Code    18  stm32f4xx_gpio.o(i.GPIO_ReadInputDataBit)
    GPIO_ResetBits                           0x08000e81   Thumb Code     4  stm32f4xx_gpio.o(i.GPIO_ResetBits)
    GPIO_SetBits                             0x08000e85   Thumb Code     4  stm32f4xx_gpio.o(i.GPIO_SetBits)
    GPIO_WriteBit                            0x08000e89   Thumb Code    10  stm32f4xx_gpio.o(i.GPIO_WriteBit)
    HardFault_Handler                        0x08000e93   Thumb Code     4  stm32f4xx_it.o(i.HardFault_Handler)
    LCD_ChipSelect                           0x08001001   Thumb Code    26  stm32f429i_discovery_lcd.o(i.LCD_ChipSelect)
    LCD_Clear                                0x08001021   Thumb Code    26  stm32f429i_discovery_lcd.o(i.LCD_Clear)
    LCD_ClearLine                            0x08001041   Thumb Code    54  stm32f429i_discovery_lcd.o(i.LCD_ClearLine)
    LCD_CtrlLinesConfig                      0x0800107d   Thumb Code    70  stm32f429i_discovery_lcd.o(i.LCD_CtrlLinesConfig)
    LCD_CtrlLinesWrite                       0x080010cd   Thumb Code    20  stm32f429i_discovery_lcd.o(i.LCD_CtrlLinesWrite)
    LCD_DisplayChar                          0x080010e1   Thumb Code    42  stm32f429i_discovery_lcd.o(i.LCD_DisplayChar)
    LCD_DisplayFloat                         0x08001111   Thumb Code    62  main.o(i.LCD_DisplayFloat)
    LCD_DisplayString                        0x08001159   Thumb Code    78  main.o(i.LCD_DisplayString)
    LCD_DisplayStringLine                    0x080011a9   Thumb Code    80  stm32f429i_discovery_lcd.o(i.LCD_DisplayStringLine)
    LCD_DrawChar                             0x080011fd   Thumb Code   200  stm32f429i_discovery_lcd.o(i.LCD_DrawChar)
    LCD_GetFont                              0x080012d5   Thumb Code     6  stm32f429i_discovery_lcd.o(i.LCD_GetFont)
    LCD_Init                                 0x080012e1   Thumb Code   154  stm32f429i_discovery_lcd.o(i.LCD_Init)
    LCD_LayerInit                            0x0800137d   Thumb Code   152  stm32f429i_discovery_lcd.o(i.LCD_LayerInit)
    LCD_PowerOn                              0x08001421   Thumb Code   652  stm32f429i_discovery_lcd.o(i.LCD_PowerOn)
    LCD_SPIConfig                            0x080016ad   Thumb Code   204  stm32f429i_discovery_lcd.o(i.LCD_SPIConfig)
    LCD_SetFont                              0x08001781   Thumb Code     6  stm32f429i_discovery_lcd.o(i.LCD_SetFont)
    LCD_SetLayer                             0x0800178d   Thumb Code    32  stm32f429i_discovery_lcd.o(i.LCD_SetLayer)
    LCD_WriteCommand                         0x080017b9   Thumb Code    66  stm32f429i_discovery_lcd.o(i.LCD_WriteCommand)
    LCD_WriteData                            0x08001805   Thumb Code    64  stm32f429i_discovery_lcd.o(i.LCD_WriteData)
    LED_Config                               0x0800184d   Thumb Code    16  main.o(i.LED_Config)
    LTDC_Cmd                                 0x0800185d   Thumb Code    30  stm32f4xx_ltdc.o(i.LTDC_Cmd)
    LTDC_DitherCmd                           0x08001881   Thumb Code    30  stm32f4xx_ltdc.o(i.LTDC_DitherCmd)
    LTDC_Init                                0x080018a5   Thumb Code   378  stm32f4xx_ltdc.o(i.LTDC_Init)
    LTDC_LayerCmd                            0x08001a2d   Thumb Code    22  stm32f4xx_ltdc.o(i.LTDC_LayerCmd)
    LTDC_LayerInit                           0x08001a43   Thumb Code   276  stm32f4xx_ltdc.o(i.LTDC_LayerInit)
    LTDC_ReloadConfig                        0x08001b59   Thumb Code     6  stm32f4xx_ltdc.o(i.LTDC_ReloadConfig)
    MemManage_Handler                        0x08001b65   Thumb Code     4  stm32f4xx_it.o(i.MemManage_Handler)
    NMI_Handler                              0x08001b69   Thumb Code     2  stm32f4xx_it.o(i.NMI_Handler)
    NVIC_Init                                0x08001b6d   Thumb Code   106  misc.o(i.NVIC_Init)
    PB_Config                                0x08001be5   Thumb Code    12  main.o(i.PB_Config)
    PWM_Config                               0x08001bf1   Thumb Code    16  main.o(i.PWM_Config)
    PendSV_Handler                           0x08001c01   Thumb Code     2  stm32f4xx_it.o(i.PendSV_Handler)
    RCC_AHB1PeriphClockCmd                   0x08001c05   Thumb Code    26  stm32f4xx_rcc.o(i.RCC_AHB1PeriphClockCmd)
    RCC_AHB3PeriphClockCmd                   0x08001c25   Thumb Code    26  stm32f4xx_rcc.o(i.RCC_AHB3PeriphClockCmd)
    RCC_APB1PeriphClockCmd                   0x08001c45   Thumb Code    26  stm32f4xx_rcc.o(i.RCC_APB1PeriphClockCmd)
    RCC_APB1PeriphResetCmd                   0x08001c65   Thumb Code    26  stm32f4xx_rcc.o(i.RCC_APB1PeriphResetCmd)
    RCC_APB2PeriphClockCmd                   0x08001c85   Thumb Code    26  stm32f4xx_rcc.o(i.RCC_APB2PeriphClockCmd)
    RCC_APB2PeriphResetCmd                   0x08001ca5   Thumb Code    26  stm32f4xx_rcc.o(i.RCC_APB2PeriphResetCmd)
    RCC_GetFlagStatus                        0x08001cc5   Thumb Code    60  stm32f4xx_rcc.o(i.RCC_GetFlagStatus)
    RCC_LTDCCLKDivConfig                     0x08001d05   Thumb Code    18  stm32f4xx_rcc.o(i.RCC_LTDCCLKDivConfig)
    RCC_PLLSAICmd                            0x08001d1d   Thumb Code     6  stm32f4xx_rcc.o(i.RCC_PLLSAICmd)
    RCC_PLLSAIConfig                         0x08001d29   Thumb Code    18  stm32f4xx_rcc.o(i.RCC_PLLSAIConfig)
    SDRAM_GPIOConfig                         0x08001d41   Thumb Code   492  stm32f429i_discovery_sdram.o(i.SDRAM_GPIOConfig)
    SDRAM_Init                               0x08001f45   Thumb Code   104  stm32f429i_discovery_sdram.o(i.SDRAM_Init)
    SDRAM_InitSequence                       0x08001fad   Thumb Code   200  stm32f429i_discovery_sdram.o(i.SDRAM_InitSequence)
    SPI_Cmd                                  0x08002075   Thumb Code    24  stm32f4xx_spi.o(i.SPI_Cmd)
    SPI_I2S_DeInit                           0x0800208d   Thumb Code   152  stm32f4xx_spi.o(i.SPI_I2S_DeInit)
    SPI_I2S_GetFlagStatus                    0x0800213d   Thumb Code    18  stm32f4xx_spi.o(i.SPI_I2S_GetFlagStatus)
    SPI_I2S_SendData                         0x0800214f   Thumb Code     4  stm32f4xx_spi.o(i.SPI_I2S_SendData)
    SPI_Init                                 0x08002153   Thumb Code    60  stm32f4xx_spi.o(i.SPI_Init)
    STM_EVAL_LEDInit                         0x08002191   Thumb Code    62  stm32f429i_discovery.o(i.STM_EVAL_LEDInit)
    STM_EVAL_PBInit                          0x080021dd   Thumb Code   142  stm32f429i_discovery.o(i.STM_EVAL_PBInit)
    SVC_Handler                              0x08002289   Thumb Code     2  stm32f4xx_it.o(i.SVC_Handler)
    SYSCFG_EXTILineConfig                    0x0800228d   Thumb Code    60  stm32f4xx_syscfg.o(i.SYSCFG_EXTILineConfig)
    SysTick_Handler                          0x080023f1   Thumb Code     2  stm32f4xx_it.o(i.SysTick_Handler)
    SystemInit                               0x080023f5   Thumb Code    88  system_stm32f4xx.o(i.SystemInit)
    TIM2_Config                              0x0800245d   Thumb Code    74  main.o(i.TIM2_Config)
    TIM2_IRQHandler                          0x080024ad   Thumb Code    48  stm32f4xx_it.o(i.TIM2_IRQHandler)
    TIM2_OCConfig                            0x080024e5   Thumb Code    52  main.o(i.TIM2_OCConfig)
    TIM3_Config                              0x0800251d   Thumb Code    60  main.o(i.TIM3_Config)
    TIM3_OCConfig                            0x08002565   Thumb Code    48  main.o(i.TIM3_OCConfig)
    TIM3_PinConfig                           0x0800259d   Thumb Code    66  main.o(i.TIM3_PinConfig)
    TIM_ARRPreloadConfig                     0x080025e5   Thumb Code    24  stm32f4xx_tim.o(i.TIM_ARRPreloadConfig)
    TIM_ClearITPendingBit                    0x080025fd   Thumb Code     6  stm32f4xx_tim.o(i.TIM_ClearITPendingBit)
    TIM_Cmd                                  0x08002603   Thumb Code    24  stm32f4xx_tim.o(i.TIM_Cmd)
    TIM_GetITStatus                          0x0800261b   Thumb Code    34  stm32f4xx_tim.o(i.TIM_GetITStatus)
    TIM_ITConfig                             0x0800263d   Thumb Code    18  stm32f4xx_tim.o(i.TIM_ITConfig)
    TIM_OC1Init                              0x08002651   Thumb Code   114  stm32f4xx_tim.o(i.TIM_OC1Init)
    TIM_OC1PreloadConfig                     0x080026cd   Thumb Code    18  stm32f4xx_tim.o(i.TIM_OC1PreloadConfig)
    TIM_OC2Init                              0x080026e1   Thumb Code   154  stm32f4xx_tim.o(i.TIM_OC2Init)
    TIM_OC2PreloadConfig                     0x08002785   Thumb Code    26  stm32f4xx_tim.o(i.TIM_OC2PreloadConfig)
    TIM_SetCompare2                          0x0800279f   Thumb Code     4  stm32f4xx_tim.o(i.TIM_SetCompare2)
    TIM_SetCounter                           0x080027a3   Thumb Code     4  stm32f4xx_tim.o(i.TIM_SetCounter)
    TIM_TimeBaseInit                         0x080027a9   Thumb Code   104  stm32f4xx_tim.o(i.TIM_TimeBaseInit)
    UsageFault_Handler                       0x0800282d   Thumb Code     4  stm32f4xx_it.o(i.UsageFault_Handler)
    __0sprintf                               0x08002831   Thumb Code    34  printfa.o(i.__0sprintf)
    __1sprintf                               0x08002831   Thumb Code     0  printfa.o(i.__0sprintf)
    __2sprintf                               0x08002831   Thumb Code     0  printfa.o(i.__0sprintf)
    __c89sprintf                             0x08002831   Thumb Code     0  printfa.o(i.__0sprintf)
    sprintf                                  0x08002831   Thumb Code     0  printfa.o(i.__0sprintf)
    __scatterload_copy                       0x08002859   Thumb Code    14  handlers.o(i.__scatterload_copy)
    __scatterload_null                       0x08002867   Thumb Code     2  handlers.o(i.__scatterload_null)
    __scatterload_zeroinit                   0x08002869   Thumb Code    14  handlers.o(i.__scatterload_zeroinit)
    external_button1_config                  0x08003175   Thumb Code   114  main.o(i.external_button1_config)
    external_button2_config                  0x080031ed   Thumb Code   110  main.o(i.external_button2_config)
    getTemp                                  0x08003261   Thumb Code    40  main.o(i.getTemp)
    main                                     0x08003299   Thumb Code   630  main.o(i.main)
    showTemp                                 0x08003591   Thumb Code    48  main.o(i.showTemp)
    GPIO_PIN                                 0x080035c4   Data           4  stm32f429i_discovery.o(.constdata)
    GPIO_CLK                                 0x080035c8   Data           8  stm32f429i_discovery.o(.constdata)
    BUTTON_PIN                               0x080035d0   Data           2  stm32f429i_discovery.o(.constdata)
    BUTTON_CLK                               0x080035d4   Data           4  stm32f429i_discovery.o(.constdata)
    BUTTON_EXTI_LINE                         0x080035d8   Data           2  stm32f429i_discovery.o(.constdata)
    BUTTON_PORT_SOURCE                       0x080035da   Data           1  stm32f429i_discovery.o(.constdata)
    BUTTON_PIN_SOURCE                        0x080035db   Data           1  stm32f429i_discovery.o(.constdata)
    BUTTON_IRQn                              0x080035dc   Data           1  stm32f429i_discovery.o(.constdata)
    ASCII16x24_Table                         0x080035de   Data        4560  stm32f429i_discovery_lcd.o(.constdata)
    ASCII12x12_Table                         0x080047ae   Data        2304  stm32f429i_discovery_lcd.o(.constdata)
    ASCII8x12_Table                          0x080050ae   Data        2304  stm32f429i_discovery_lcd.o(.constdata)
    ASCII8x8_Table                           0x080059ae   Data        1536  stm32f429i_discovery_lcd.o(.constdata)
    Region$$Table$$Base                      0x08005fb0   Number         0  anon$$obj.o(Region$$Table)
    Region$$Table$$Limit                     0x08005fd0   Number         0  anon$$obj.o(Region$$Table)
    ADC3ConvertedValue                       0x20000000   Data           2  main.o(.data)
    tempMeasured                             0x20000008   Data           8  main.o(.data)
    setPoint                                 0x20000010   Data           8  main.o(.data)
    UBPressed                                0x20000018   Data           1  main.o(.data)
    extUBPressed1                            0x20000019   Data           1  main.o(.data)
    extUBPressed2                            0x2000001a   Data           1  main.o(.data)
    PrescalerValueTIM2                       0x2000001c   Data           2  main.o(.data)
    CCR1_Val                                 0x2000001e   Data           2  main.o(.data)
    PrescalerValueTIM3                       0x20000020   Data           2  main.o(.data)
    TIM3_ARR                                 0x20000024   Data           4  main.o(.data)
    TIM3_CCR                                 0x20000028   Data           4  main.o(.data)
    currentMode                              0x2000002c   Data           1  main.o(.data)
    waitComplete                             0x2000002d   Data           1  stm32f4xx_it.o(.data)
    SystemCoreClock                          0x20000030   Data           4  system_stm32f4xx.o(.data)
    AHBPrescTable                            0x20000034   Data          16  system_stm32f4xx.o(.data)
    GPIO_PORT                                0x20000044   Data           8  stm32f429i_discovery.o(.data)
    BUTTON_PORT                              0x2000004c   Data           4  stm32f429i_discovery.o(.data)
    NVIC_InitStructure                       0x20000050   Data           4  stm32f429i_discovery.o(.data)
    Font16x24                                0x20000054   Data           8  stm32f429i_discovery_lcd.o(.data)
    Font12x12                                0x2000005c   Data           8  stm32f429i_discovery_lcd.o(.data)
    Font8x12                                 0x20000064   Data           8  stm32f429i_discovery_lcd.o(.data)
    Font8x8                                  0x2000006c   Data           8  stm32f429i_discovery_lcd.o(.data)
    __initial_sp                             0x20000488   Data           0  startup_stm32f429_439xx.o(STACK)



==============================================================================

Memory Map of the image

  Image Entry point : 0x080001ad

  Load Region LR_IROM1 (Base: 0x08000000, Size: 0x00006054, Max: 0x00200000, ABSOLUTE)

    Execution Region ER_IROM1 (Base: 0x08000000, Size: 0x00005fd0, Max: 0x00200000, ABSOLUTE)

    Base Addr    Size         Type   Attr      Idx    E Section Name        Object

    0x08000000   0x000001ac   Data   RO         3515    RESET               startup_stm32f429_439xx.o
    0x080001ac   0x00000000   Code   RO         3520  * .ARM.Collect$$$$00000000  mc_w.l(entry.o)
    0x080001ac   0x00000004   Code   RO         3798    .ARM.Collect$$$$00000001  mc_w.l(entry2.o)
    0x080001b0   0x00000004   Code   RO         3801    .ARM.Collect$$$$00000004  mc_w.l(entry5.o)
    0x080001b4   0x00000000   Code   RO         3803    .ARM.Collect$$$$00000008  mc_w.l(entry7b.o)
    0x080001b4   0x00000000   Code   RO         3805    .ARM.Collect$$$$0000000A  mc_w.l(entry8b.o)
    0x080001b4   0x00000008   Code   RO         3806    .ARM.Collect$$$$0000000B  mc_w.l(entry9a.o)
    0x080001bc   0x00000000   Code   RO         3808    .ARM.Collect$$$$0000000D  mc_w.l(entry10a.o)
    0x080001bc   0x00000000   Code   RO         3810    .ARM.Collect$$$$0000000F  mc_w.l(entry11a.o)
    0x080001bc   0x00000004   Code   RO         3799    .ARM.Collect$$$$00002712  mc_w.l(entry2.o)
    0x080001c0   0x00000024   Code   RO         3516    .text               startup_stm32f429_439xx.o
    0x080001e4   0x0000014e   Code   RO         3784    .text               mf_w.l(dadd.o)
    0x08000332   0x000000e4   Code   RO         3786    .text               mf_w.l(dmul.o)
    0x08000416   0x0000001a   Code   RO         3788    .text               mf_w.l(dfltui.o)
    0x08000430   0x0000003e   Code   RO         3790    .text               mf_w.l(dfixi.o)
    0x0800046e   0x00000026   Code   RO         3792    .text               mf_w.l(f2d.o)
    0x08000494   0x00000030   Code   RO         3794    .text               mf_w.l(cdrcmple.o)
    0x080004c4   0x00000038   Code   RO         3796    .text               mf_w.l(d2f.o)
    0x080004fc   0x0000002c   Code   RO         3815    .text               mc_w.l(uidiv.o)
    0x08000528   0x00000062   Code   RO         3817    .text               mc_w.l(uldiv.o)
    0x0800058a   0x0000001e   Code   RO         3819    .text               mc_w.l(llshl.o)
    0x080005a8   0x00000020   Code   RO         3821    .text               mc_w.l(llushr.o)
    0x080005c8   0x00000024   Code   RO         3823    .text               mc_w.l(llsshr.o)
    0x080005ec   0x00000000   Code   RO         3825    .text               mc_w.l(iusefp.o)
    0x080005ec   0x0000006e   Code   RO         3826    .text               mf_w.l(fepilogue.o)
    0x0800065a   0x000000ba   Code   RO         3828    .text               mf_w.l(depilogue.o)
    0x08000714   0x000000de   Code   RO         3830    .text               mf_w.l(ddiv.o)
    0x080007f2   0x00000030   Code   RO         3832    .text               mf_w.l(dfixul.o)
    0x08000822   0x00000002   PAD
    0x08000824   0x00000024   Code   RO         3834    .text               mc_w.l(init.o)
    0x08000848   0x00000016   Code   RO          933    i.ADC_Cmd           stm32f4xx_adc.o
    0x0800085e   0x00000002   PAD
    0x08000860   0x00000030   Code   RO          934    i.ADC_CommonInit    stm32f4xx_adc.o
    0x08000890   0x00000090   Code   RO            3    i.ADC_Config        main.o
    0x08000920   0x00000016   Code   RO          937    i.ADC_DMACmd        stm32f4xx_adc.o
    0x08000936   0x00000016   Code   RO          938    i.ADC_DMARequestAfterLastTransferCmd  stm32f4xx_adc.o
    0x0800094c   0x00000002   Code   RO          266    i.ADC_IRQHandler    stm32f4xx_it.o
    0x0800094e   0x00000002   PAD
    0x08000950   0x00000054   Code   RO          953    i.ADC_Init          stm32f4xx_adc.o
    0x080009a4   0x000000b8   Code   RO          958    i.ADC_RegularChannelConfig  stm32f4xx_adc.o
    0x08000a5c   0x0000000a   Code   RO          960    i.ADC_SoftwareStartConv  stm32f4xx_adc.o
    0x08000a66   0x00000004   Code   RO          267    i.BusFault_Handler  stm32f4xx_it.o
    0x08000a6a   0x00000016   Code   RO         2277    i.DMA_Cmd           stm32f4xx_dma.o
    0x08000a80   0x00000068   Code   RO            4    i.DMA_Config        main.o
    0x08000ae8   0x00000058   Code   RO         2289    i.DMA_Init          stm32f4xx_dma.o
    0x08000b40   0x00000002   Code   RO          268    i.DebugMon_Handler  stm32f4xx_it.o
    0x08000b42   0x00000002   PAD
    0x08000b44   0x00000014   Code   RO          269    i.EXTI0_IRQHandler  stm32f4xx_it.o
    0x08000b58   0x00000014   Code   RO          270    i.EXTI1_IRQHandler  stm32f4xx_it.o
    0x08000b6c   0x00000014   Code   RO          271    i.EXTI2_IRQHandler  stm32f4xx_it.o
    0x08000b80   0x0000000c   Code   RO         2214    i.EXTI_ClearITPendingBit  stm32f4xx_exti.o
    0x08000b8c   0x00000094   Code   RO         2219    i.EXTI_Init         stm32f4xx_exti.o
    0x08000c20   0x00000048   Code   RO         2924    i.FMC_GetFlagStatus  stm32f4xx_fmc.o
    0x08000c68   0x00000020   Code   RO         2941    i.FMC_SDRAMCmdConfig  stm32f4xx_fmc.o
    0x08000c88   0x000000f8   Code   RO         2943    i.FMC_SDRAMInit     stm32f4xx_fmc.o
    0x08000d80   0x00000018   Code   RO         2947    i.FMC_SetRefreshCount  stm32f4xx_fmc.o
    0x08000d98   0x00000090   Code   RO         2116    i.GPIO_Init         stm32f4xx_gpio.o
    0x08000e28   0x00000046   Code   RO         2117    i.GPIO_PinAFConfig  stm32f4xx_gpio.o
    0x08000e6e   0x00000012   Code   RO         2120    i.GPIO_ReadInputDataBit  stm32f4xx_gpio.o
    0x08000e80   0x00000004   Code   RO         2123    i.GPIO_ResetBits    stm32f4xx_gpio.o
    0x08000e84   0x00000004   Code   RO         2124    i.GPIO_SetBits      stm32f4xx_gpio.o
    0x08000e88   0x0000000a   Code   RO         2128    i.GPIO_WriteBit     stm32f4xx_gpio.o
    0x08000e92   0x00000004   Code   RO          272    i.HardFault_Handler  stm32f4xx_it.o
    0x08000e96   0x00000002   PAD
    0x08000e98   0x00000168   Code   RO          508    i.LCD_AF_GPIOConfig  stm32f429i_discovery_lcd.o
    0x08001000   0x00000020   Code   RO          509    i.LCD_ChipSelect    stm32f429i_discovery_lcd.o
    0x08001020   0x00000020   Code   RO          510    i.LCD_Clear         stm32f429i_discovery_lcd.o
    0x08001040   0x0000003c   Code   RO          511    i.LCD_ClearLine     stm32f429i_discovery_lcd.o
    0x0800107c   0x00000050   Code   RO          514    i.LCD_CtrlLinesConfig  stm32f429i_discovery_lcd.o
    0x080010cc   0x00000014   Code   RO          515    i.LCD_CtrlLinesWrite  stm32f429i_discovery_lcd.o
    0x080010e0   0x00000030   Code   RO          517    i.LCD_DisplayChar   stm32f429i_discovery_lcd.o
    0x08001110   0x00000048   Code   RO            5    i.LCD_DisplayFloat  main.o
    0x08001158   0x0000004e   Code   RO            7    i.LCD_DisplayString  main.o
    0x080011a6   0x00000002   PAD
    0x080011a8   0x00000054   Code   RO          520    i.LCD_DisplayStringLine  stm32f429i_discovery_lcd.o
    0x080011fc   0x000000d8   Code   RO          521    i.LCD_DrawChar      stm32f429i_discovery_lcd.o
    0x080012d4   0x0000000c   Code   RO          534    i.LCD_GetFont       stm32f429i_discovery_lcd.o
    0x080012e0   0x0000009a   Code   RO          535    i.LCD_Init          stm32f429i_discovery_lcd.o
    0x0800137a   0x00000002   PAD
    0x0800137c   0x000000a4   Code   RO          536    i.LCD_LayerInit     stm32f429i_discovery_lcd.o
    0x08001420   0x0000028c   Code   RO          540    i.LCD_PowerOn       stm32f429i_discovery_lcd.o
    0x080016ac   0x000000d4   Code   RO          542    i.LCD_SPIConfig     stm32f429i_discovery_lcd.o
    0x08001780   0x0000000c   Code   RO          548    i.LCD_SetFont       stm32f429i_discovery_lcd.o
    0x0800178c   0x0000002c   Code   RO          549    i.LCD_SetLayer      stm32f429i_discovery_lcd.o
    0x080017b8   0x0000004c   Code   RO          555    i.LCD_WriteCommand  stm32f429i_discovery_lcd.o
    0x08001804   0x00000048   Code   RO          556    i.LCD_WriteData     stm32f429i_discovery_lcd.o
    0x0800184c   0x00000010   Code   RO            8    i.LED_Config        main.o
    0x0800185c   0x00000024   Code   RO         3102    i.LTDC_Cmd          stm32f4xx_ltdc.o
    0x08001880   0x00000024   Code   RO         3106    i.LTDC_DitherCmd    stm32f4xx_ltdc.o
    0x080018a4   0x00000188   Code   RO         3113    i.LTDC_Init         stm32f4xx_ltdc.o
    0x08001a2c   0x00000016   Code   RO         3117    i.LTDC_LayerCmd     stm32f4xx_ltdc.o
    0x08001a42   0x00000114   Code   RO         3118    i.LTDC_LayerInit    stm32f4xx_ltdc.o
    0x08001b56   0x00000002   PAD
    0x08001b58   0x0000000c   Code   RO         3125    i.LTDC_ReloadConfig  stm32f4xx_ltdc.o
    0x08001b64   0x00000004   Code   RO          273    i.MemManage_Handler  stm32f4xx_it.o
    0x08001b68   0x00000002   Code   RO          274    i.NMI_Handler       stm32f4xx_it.o
    0x08001b6a   0x00000002   PAD
    0x08001b6c   0x00000078   Code   RO          883    i.NVIC_Init         misc.o
    0x08001be4   0x0000000c   Code   RO            9    i.PB_Config         main.o
    0x08001bf0   0x00000010   Code   RO           10    i.PWM_Config        main.o
    0x08001c00   0x00000002   Code   RO          275    i.PendSV_Handler    stm32f4xx_it.o
    0x08001c02   0x00000002   PAD
    0x08001c04   0x00000020   Code   RO         1169    i.RCC_AHB1PeriphClockCmd  stm32f4xx_rcc.o
    0x08001c24   0x00000020   Code   RO         1175    i.RCC_AHB3PeriphClockCmd  stm32f4xx_rcc.o
    0x08001c44   0x00000020   Code   RO         1178    i.RCC_APB1PeriphClockCmd  stm32f4xx_rcc.o
    0x08001c64   0x00000020   Code   RO         1180    i.RCC_APB1PeriphResetCmd  stm32f4xx_rcc.o
    0x08001c84   0x00000020   Code   RO         1181    i.RCC_APB2PeriphClockCmd  stm32f4xx_rcc.o
    0x08001ca4   0x00000020   Code   RO         1183    i.RCC_APB2PeriphResetCmd  stm32f4xx_rcc.o
    0x08001cc4   0x00000040   Code   RO         1191    i.RCC_GetFlagStatus  stm32f4xx_rcc.o
    0x08001d04   0x00000018   Code   RO         1201    i.RCC_LTDCCLKDivConfig  stm32f4xx_rcc.o
    0x08001d1c   0x0000000c   Code   RO         1210    i.RCC_PLLSAICmd     stm32f4xx_rcc.o
    0x08001d28   0x00000018   Code   RO         1211    i.RCC_PLLSAIConfig  stm32f4xx_rcc.o
    0x08001d40   0x00000204   Code   RO          834    i.SDRAM_GPIOConfig  stm32f429i_discovery_sdram.o
    0x08001f44   0x00000068   Code   RO          835    i.SDRAM_Init        stm32f429i_discovery_sdram.o
    0x08001fac   0x000000c8   Code   RO          836    i.SDRAM_InitSequence  stm32f429i_discovery_sdram.o
    0x08002074   0x00000018   Code   RO         2653    i.SPI_Cmd           stm32f4xx_spi.o
    0x0800208c   0x000000b0   Code   RO         2660    i.SPI_I2S_DeInit    stm32f4xx_spi.o
    0x0800213c   0x00000012   Code   RO         2661    i.SPI_I2S_GetFlagStatus  stm32f4xx_spi.o
    0x0800214e   0x00000004   Code   RO         2665    i.SPI_I2S_SendData  stm32f4xx_spi.o
    0x08002152   0x0000003c   Code   RO         2666    i.SPI_Init          stm32f4xx_spi.o
    0x0800218e   0x00000002   PAD
    0x08002190   0x0000004c   Code   RO          435    i.STM_EVAL_LEDInit  stm32f429i_discovery.o
    0x080021dc   0x000000ac   Code   RO          440    i.STM_EVAL_PBInit   stm32f429i_discovery.o
    0x08002288   0x00000002   Code   RO          276    i.SVC_Handler       stm32f4xx_it.o
    0x0800228a   0x00000002   PAD
    0x0800228c   0x00000040   Code   RO         1500    i.SYSCFG_EXTILineConfig  stm32f4xx_syscfg.o
    0x080022cc   0x00000124   Code   RO          368    i.SetSysClock       system_stm32f4xx.o
    0x080023f0   0x00000002   Code   RO          277    i.SysTick_Handler   stm32f4xx_it.o
    0x080023f2   0x00000002   PAD
    0x080023f4   0x00000068   Code   RO          370    i.SystemInit        system_stm32f4xx.o
    0x0800245c   0x00000050   Code   RO           11    i.TIM2_Config       main.o
    0x080024ac   0x00000038   Code   RO          278    i.TIM2_IRQHandler   stm32f4xx_it.o
    0x080024e4   0x00000038   Code   RO           12    i.TIM2_OCConfig     main.o
    0x0800251c   0x00000048   Code   RO           13    i.TIM3_Config       main.o
    0x08002564   0x00000038   Code   RO           14    i.TIM3_OCConfig     main.o
    0x0800259c   0x00000048   Code   RO           15    i.TIM3_PinConfig    main.o
    0x080025e4   0x00000018   Code   RO         1557    i.TIM_ARRPreloadConfig  stm32f4xx_tim.o
    0x080025fc   0x00000006   Code   RO         1564    i.TIM_ClearITPendingBit  stm32f4xx_tim.o
    0x08002602   0x00000018   Code   RO         1569    i.TIM_Cmd           stm32f4xx_tim.o
    0x0800261a   0x00000022   Code   RO         1590    i.TIM_GetITStatus   stm32f4xx_tim.o
    0x0800263c   0x00000012   Code   RO         1594    i.TIM_ITConfig      stm32f4xx_tim.o
    0x0800264e   0x00000002   PAD
    0x08002650   0x0000007c   Code   RO         1598    i.TIM_OC1Init       stm32f4xx_tim.o
    0x080026cc   0x00000012   Code   RO         1601    i.TIM_OC1PreloadConfig  stm32f4xx_tim.o
    0x080026de   0x00000002   PAD
    0x080026e0   0x000000a4   Code   RO         1603    i.TIM_OC2Init       stm32f4xx_tim.o
    0x08002784   0x0000001a   Code   RO         1606    i.TIM_OC2PreloadConfig  stm32f4xx_tim.o
    0x0800279e   0x00000004   Code   RO         1632    i.TIM_SetCompare2   stm32f4xx_tim.o
    0x080027a2   0x00000004   Code   RO         1635    i.TIM_SetCounter    stm32f4xx_tim.o
    0x080027a6   0x00000002   PAD
    0x080027a8   0x00000084   Code   RO         1641    i.TIM_TimeBaseInit  stm32f4xx_tim.o
    0x0800282c   0x00000004   Code   RO          279    i.UsageFault_Handler  stm32f4xx_it.o
    0x08002830   0x00000028   Code   RO         3758    i.__0sprintf        mc_w.l(printfa.o)
    0x08002858   0x0000000e   Code   RO         3840    i.__scatterload_copy  mc_w.l(handlers.o)
    0x08002866   0x00000002   Code   RO         3841    i.__scatterload_null  mc_w.l(handlers.o)
    0x08002868   0x0000000e   Code   RO         3842    i.__scatterload_zeroinit  mc_w.l(handlers.o)
    0x08002876   0x00000002   PAD
    0x08002878   0x00000184   Code   RO         3763    i._fp_digits        mc_w.l(printfa.o)
    0x080029fc   0x000006dc   Code   RO         3764    i._printf_core      mc_w.l(printfa.o)
    0x080030d8   0x00000024   Code   RO         3765    i._printf_post_padding  mc_w.l(printfa.o)
    0x080030fc   0x0000002e   Code   RO         3766    i._printf_pre_padding  mc_w.l(printfa.o)
    0x0800312a   0x0000000a   Code   RO         3768    i._sputc            mc_w.l(printfa.o)
    0x08003134   0x0000001c   Code   RO          558    i.delay             stm32f429i_discovery_lcd.o
    0x08003150   0x00000024   Code   RO          839    i.delay             stm32f429i_discovery_sdram.o
    0x08003174   0x00000078   Code   RO           16    i.external_button1_config  main.o
    0x080031ec   0x00000074   Code   RO           17    i.external_button2_config  main.o
    0x08003260   0x00000038   Code   RO           18    i.getTemp           main.o
    0x08003298   0x000002f8   Code   RO           19    i.main              main.o
    0x08003590   0x00000034   Code   RO           20    i.showTemp          main.o
    0x080035c4   0x00000019   Data   RO          445    .constdata          stm32f429i_discovery.o
    0x080035dd   0x00000001   PAD
    0x080035de   0x000029d0   Data   RO          559    .constdata          stm32f429i_discovery_lcd.o
    0x08005fae   0x00000002   PAD
    0x08005fb0   0x00000020   Data   RO         3838    Region$$Table       anon$$obj.o


    Execution Region RW_IRAM1 (Base: 0x20000000, Size: 0x00000488, Max: 0x00030000, ABSOLUTE)

    Base Addr    Size         Type   Attr      Idx    E Section Name        Object

    0x20000000   0x0000002d   Data   RW           22    .data               main.o
    0x2000002d   0x00000001   Data   RW          280    .data               stm32f4xx_it.o
    0x2000002e   0x00000002   PAD
    0x20000030   0x00000014   Data   RW          371    .data               system_stm32f4xx.o
    0x20000044   0x00000010   Data   RW          446    .data               stm32f429i_discovery.o
    0x20000054   0x00000030   Data   RW          560    .data               stm32f429i_discovery_lcd.o
    0x20000084   0x00000004   PAD
    0x20000088   0x00000400   Zero   RW         3513    STACK               startup_stm32f429_439xx.o


==============================================================================

Image component sizes


      Code (inc. data)   RO Data    RW Data    ZI Data      Debug   Object Name

      1882        228          0         45          0     357891   main.o
       120         14          0          0          0       1360   misc.o
        36          8        428          0       1024        848   startup_stm32f429_439xx.o
       248         44         25         16          0       3107   stm32f429i_discovery.o
      2358        142      10704         48          0      17492   stm32f429i_discovery_lcd.o
       856         28          0          0          0       3913   stm32f429i_discovery_sdram.o
       392         24          0          0          0       6727   stm32f4xx_adc.o
       110          6          0          0          0       2853   stm32f4xx_dma.o
       160         12          0          0          0       1997   stm32f4xx_exti.o
       376         20          0          0          0       4227   stm32f4xx_fmc.o
       250          0          0          0          0       5207   stm32f4xx_gpio.o
       144         22          0          1          0       7161   stm32f4xx_it.o
       774         32          0          0          0       5217   stm32f4xx_ltdc.o
       316         58          0          0          0       7420   stm32f4xx_rcc.o
       282         24          0          0          0       4509   stm32f4xx_spi.o
        64          4          0          0          0        800   stm32f4xx_syscfg.o
       578         48          0          0          0      10002   stm32f4xx_tim.o
       396         34          0         20          0       1945   system_stm32f4xx.o

    ----------------------------------------------------------------------
      9372        748      11192        132       1028     442676   Object Totals
         0          0         32          0          0          0   (incl. Generated)
        30          0          3          2          4          0   (incl. Padding)

    ----------------------------------------------------------------------

      Code (inc. data)   RO Data    RW Data    ZI Data      Debug   Library Member Name

         0          0          0          0          0          0   entry.o
         0          0          0          0          0          0   entry10a.o
         0          0          0          0          0          0   entry11a.o
         8          4          0          0          0          0   entry2.o
         4          0          0          0          0          0   entry5.o
         0          0          0          0          0          0   entry7b.o
         0          0          0          0          0          0   entry8b.o
         8          4          0          0          0          0   entry9a.o
        30          0          0          0          0          0   handlers.o
        36          8          0          0          0         68   init.o
         0          0          0          0          0          0   iusefp.o
        30          0          0          0          0         68   llshl.o
        36          0          0          0          0         68   llsshr.o
        32          0          0          0          0         68   llushr.o
      2276         86          0          0          0        520   printfa.o
        44          0          0          0          0         80   uidiv.o
        98          0          0          0          0         92   uldiv.o
        48          0          0          0          0         68   cdrcmple.o
        56          0          0          0          0         88   d2f.o
       334          0          0          0          0        148   dadd.o
       222          0          0          0          0        100   ddiv.o
       186          0          0          0          0        176   depilogue.o
        62          0          0          0          0         80   dfixi.o
        48          0          0          0          0         68   dfixul.o
        26          0          0          0          0         76   dfltui.o
       228          0          0          0          0         96   dmul.o
        38          0          0          0          0         68   f2d.o
       110          0          0          0          0        168   fepilogue.o

    ----------------------------------------------------------------------
      3964        102          0          0          0       2100   Library Totals
         4          0          0          0          0          0   (incl. Padding)

    ----------------------------------------------------------------------

      Code (inc. data)   RO Data    RW Data    ZI Data      Debug   Library Name

      2602        102          0          0          0        964   mc_w.l
      1358          0          0          0          0       1136   mf_w.l

    ----------------------------------------------------------------------
      3964        102          0          0          0       2100   Library Totals

    ----------------------------------------------------------------------

==============================================================================


      Code (inc. data)   RO Data    RW Data    ZI Data      Debug   

     13336        850      11192        132       1028     433140   Grand Totals
     13336        850      11192        132       1028     433140   ELF Image Totals
     13336        850      11192        132          0          0   ROM Totals

==============================================================================

    Total RO  Size (Code + RO Data)                24528 (  23.95kB)
    Total RW  Size (RW Data + ZI Data)              1160 (   1.13kB)
    Total ROM Size (Code + RO Data + RW Data)      24660 (  24.08kB)

==============================================================================

